T28 COMMAND LOG (zcode-t28, Linux amd64, 2026-09-12)
Checkout: worktrees/inkflip/pdf-t28 | branch work/zcode/t28 | base 546accd
Implementation commit: 1050c33 (structure.py + TEST-28 + checks/__init__.py)
================================================================================
$ bun install --frozen-lockfile && uv sync --project native --frozen
  -> exit 0 (frozen locks; pypdfium2 5.8.0 / PDFium 149.0.7825.0)
$ uv run --project native python -m pytest native/tests/structure -q
  -> 17 passed, 14 subtests passed (exit 0)
$ uv run --project native python -m pytest native/tests -q
  -> 128 passed, 160 subtests passed (exit 0)
$ bun run test:native
  -> 128 passed (exit 0)
$ bun run verify
  -> exit 0 (bootstrap + native-bootstrap + coordination, zero failures/skips)
$ python3 scripts/task_acceptance.py task T28 --report artifacts/tasks/T28/run.json
  -> exit 0; collected 17 / passed 17 / failed 0 / skipped 0;
  evaluated_commit 1050c33 (clean tree)
================================================================================
NOTES
- Raw-Tr passthrough verified empirically on this build: `3 Tr` in the F03
  invisible layer reads back as raw 3 (pypdfium2 enum NAME for 3 is
  FILL_STROKE, INVISIBLE is 4). The adapter interprets content-stream Tr
  semantics and records raw+name on every observation; the Tr 0..7 sweep
  test pins the mapping.
- F04/F05/F06 fixture families are catalog 'specified' on this base; their
  criteria are covered via committed fixtures (F03, F02, F07) plus
  hand-assembled in-memory minimal PDFs. Committed families remain a
  fixture-lane dependency request.
- No OCR/render/model use; single-threaded PDFium calls; no Beads writes.
================================================================================
