bun run test:browser -- tests/readers/tesseract.spec.ts

Running 44 tests using 1 worker


[1A[2K[1/44] tests/readers/tesseract.spec.ts:623:1 › real English crop OCR via staged same-origin assets (PSM 7)
[1A[2Ktests/readers/tesseract.spec.ts:623:1 › real English crop OCR via staged same-origin assets (PSM 7)
PSM7 crop raw_text: AMOUNT DUE $108, a

[1A[2Kengine reported: psm=null oem=null version=5.1.0-288-g2a9c1

[1A[2K[2/44] tests/readers/tesseract.spec.ts:750:1 › full-page PSM-6 OCR, reusable worker, deterministic occurrence ids
[1A[2Ktests/readers/tesseract.spec.ts:750:1 › full-page PSM-6 OCR, reusable worker, deterministic occurrence ids
PSM6 page raw_text: QUARTERLY’ SUMMARY INVOICE 2a26-8417 AMOUNT CUE $168. 6 ISSUED 2426-89-81 PAGE 1 OF 1

[1A[2K[3/44] tests/readers/tesseract.spec.ts:831:1 › worker init failure is a terminal failure, never unreadable_pixels
[1A[2K[4/44] tests/readers/tesseract.spec.ts:907:1 › model integrity failure and corrupted cache are rejected
[1A[2K[5/44] tests/readers/tesseract.spec.ts:970:1 › offline-unavailable is a distinct asset state, not an unreadable page
[1A[2K[6/44] tests/readers/tesseract.spec.ts:1014:1 › bounded raster/edge/pixel counts enforced and recorded
[1A[2K[7/44] tests/readers/tesseract.spec.ts:1093:1 › run OCR pixel budget bounds later checks honestly
[1A[2K[8/44] tests/readers/tesseract.spec.ts:1157:1 › word boxes map back through the recorded chain; confidence is diagnostic
[1A[2K[9/44] tests/readers/tesseract.spec.ts:1279:1 › cold, memory, and cached model states are distinct; removal is explicit
[1A[2K[10/44] tests/readers/tesseract.spec.ts:1338:1 › one transient retry on a fresh worker; cancel terminates the worker
[1A[2K[11/44] tests/readers/tesseract.spec.ts:1451:1 › check-level transient retry rebuilds the worker once and succeeds
[1A[2K[12/44] tests/readers/tesseract.spec.ts:1510:3 › light: crop pixel regressions — recorded factor is the drawn factor (stub engine) › ImageData source branch
[1A[2K[13/44] tests/readers/tesseract.spec.ts:1522:3 › light: crop pixel regressions — recorded factor is the drawn factor (stub engine) › CanvasImageSource branch
[1A[2K[14/44] tests/readers/tesseract.spec.ts:1534:3 › light: crop pixel regressions — recorded factor is the drawn factor (stub engine) › no-resize control: k=1 full crop, exact bytes, no clipping limitation
[1A[2K[15/44] tests/readers/tesseract.spec.ts:1542:3 › light: crop pixel regressions — recorded factor is the drawn factor (stub engine) › crop-offset region: nonzero source origin restored, no padding artifacts
[1A[2K[16/44] tests/readers/tesseract.spec.ts:1560:3 › light: configured renderer identity (stub engine) › plan/extract/describe identities agree on the configured renderer
[1A[2K[17/44] tests/readers/tesseract.spec.ts:1578:3 › light: configured renderer identity (stub engine) › a raster produced by a different renderer fails render_error, never re-identified
[1A[2K[18/44] tests/readers/tesseract.spec.ts:1595:3 › light: configured renderer identity (stub engine) › missing or malformed configured ids are rejected at construction
[1A[2K[19/44] tests/readers/tesseract.spec.ts:1650:3 › light: occurrence geometry and assembled report (stub engine) › word polygon is TL,TR,BR,BL with nonzero signed area
[1A[2K[20/44] tests/readers/tesseract.spec.ts:1677:3 › light: occurrence geometry and assembled report (stub engine) › an assembled evidence report with OCR geometry passes contract validation
[1A[2K[21/44] tests/readers/tesseract.spec.ts:1762:3 › light: UTF-8 raw-text run budget (stub engine) › raw text cap counts UTF-8 bytes, not UTF-16 units
[1A[2K[22/44] tests/readers/tesseract.spec.ts:1811:3 › light: verified model bytes reach the engine › worker init payload: verified bytes ride the {code,data} Lang object (stub)
[1A[2K[23/44] tests/readers/tesseract.spec.ts:1846:3 › light: verified model bytes reach the engine › a stale or corrupt cache slot is replaced before the engine sees it
[1A[2K[24/44] tests/readers/tesseract.spec.ts:1875:3 › light: verified model bytes reach the engine › the engine consumes the verified slot — never a second divergent copy
[1A[2K[25/44] tests/readers/tesseract.spec.ts:1915:3 › light: verified model bytes reach the engine › unavailable model cache degrades to memory-only, never a failure
[1A[2K[26/44] tests/readers/tesseract.spec.ts:1932:3 › light: verified model bytes reach the engine › a failed cache write degrades to memory-only, never a failure
[1A[2K[27/44] tests/readers/tesseract.spec.ts:1952:3 › light: operation deadline and cancellation lifecycle › a stalled raster resolves to timeout inside one deadline
[1A[2K[28/44] tests/readers/tesseract.spec.ts:1972:3 › light: operation deadline and cancellation lifecycle › cancel during a stalled raster returns user_cancel, fast
[1A[2K[29/44] tests/readers/tesseract.spec.ts:1988:3 › light: operation deadline and cancellation lifecycle › a hung engine init at extract time fails timeout and terminates
[1A[2K[30/44] tests/readers/tesseract.spec.ts:2010:3 › light: operation deadline and cancellation lifecycle › cancel during engine init returns user_cancel and aborts the engine signal
[1A[2K[31/44] tests/readers/tesseract.spec.ts:2031:3 › light: operation deadline and cancellation lifecycle › a late init success terminates its own worker and installs nothing
[1A[2K[32/44] tests/readers/tesseract.spec.ts:2051:3 › light: operation deadline and cancellation lifecycle › a retry runs inside the operation deadline, not a fresh budget
[1A[2K[33/44] tests/readers/tesseract.spec.ts:2070:3 › light: operation deadline and cancellation lifecycle › a hung recognize is terminated at the deadline
[1A[2K[34/44] tests/readers/tesseract.spec.ts:2085:3 › light: operation deadline and cancellation lifecycle › cancel before extract never touches the engine
[1A[2K[35/44] tests/readers/tesseract.spec.ts:2098:3 › light: operation deadline and cancellation lifecycle › close during a real open aborts the raw worker init
[1A[2K[36/44] tests/readers/tesseract.spec.ts:2172:3 › light: independent lifecycle probes (stub engine) › close settles a stalled raster without waiting for the deadline
[1A[2K[37/44] tests/readers/tesseract.spec.ts:2216:3 › light: independent lifecycle probes (stub engine) › late model preparation cannot publish or recreate deleted data after close
[1A[2K[38/44] tests/readers/tesseract.spec.ts:2261:3 › light: independent lifecycle probes (stub engine) › superseded open cannot clear the newer handle and worker
[1A[2K[39/44] tests/readers/tesseract.spec.ts:2311:3 › light: independent lifecycle probes (stub engine) › late init progress and error callbacks are dropped after timeout
[1A[2K[40/44] tests/readers/tesseract.spec.ts:2365:3 › light: independent lifecycle probes (stub engine) › a superseded job id cannot collide with or admit events to a newer job (stub)
[1A[2K[41/44] tests/readers/tesseract.spec.ts:2466:3 › light: independent lifecycle probes (stub engine) › same-millisecond opens mint distinct handle ids; stale close/extract refused (stub)
[1A[2K[42/44] tests/readers/tesseract.spec.ts:2526:5 › independent real cache provenance (real engine) › unchanged cache control preserves exact engine bytes
[1A[2K[43/44] tests/readers/tesseract.spec.ts:2526:5 › independent real cache provenance (real engine) › cache replacement after verification cannot change engine bytes
[1A[2K[44/44] tests/readers/tesseract.spec.ts:2630:3 › independent real zombie-job probe (real engine) › zombie recognize on the reused worker cannot deliver its result to a newer job
[1A[2Ktests/readers/tesseract.spec.ts:2630:3 › independent real zombie-job probe (real engine) › zombie recognize on the reused worker cannot deliver its result to a newer job
ZOMBIE_JOB_CROSSTALK {"recogCalls":[{"jobId":"j_2_ocr_0_0_0","bytes":47962},{"jobId":"j_3_ocr_0_0_0","bytes":44030},{"jobId":"j_4_ocr_0_0_0","bytes":44030}],"r1":{"ok":true,"status":"cancelled","reason":"user_cancel"},"r2":{"ok":true,"status":"completed","reason":"unreadable_pixels","text":"","rasterId":"synthetic_blank_0","occurrences":0},"r3":{"status":"completed","reason":"unreadable_pixels","text":"","attempt":0},"progress":[{"status":"loading tesseract core","progress":0},{"status":"loading tesseract core","progress":1},{"status":"initializing tesseract","progress":0},{"status":"initializing tesseract","progress":1},{"status":"loading language traineddata","progress":0},{"status":"loading language traineddata","progress":0.5},{"status":"loading language traineddata","progress":1},{"status":"initializing api","progress":0},{"status":"initializing api","progress":1}],"errors":[]} pageerrors: []

[1A[2K  44 passed (10.5s)
$ python3 scripts/task_acceptance.py run test:browser tests/readers/tesseract.spec.ts
(node:28326) [DEP0205] DeprecationWarning: `module.register()` is deprecated. Use `module.registerHooks()` instead.
(Use `node --trace-deprecation ...` to show where the warning was created)
[1A[2K(node:28329) [DEP0205] DeprecationWarning: `module.register()` is deprecated. Use `module.registerHooks()` instead.
(Use `node --trace-deprecation ...` to show where the warning was created)

Exit: 0
