# T36 executed command transcript
date: 2026-09-12T15:54Z (original round) / 2026-09-12T16:33Z (review-fix round)
host: macOS arm64 (Darwin)  python: CPython 3.14.7 (/Users/zubair/.local/bin/python3)
worktree: /Users/zubair/Code/Projects/pdf project/original/worktrees/pdf-t36
branch: work/devin/t36  base: 01690c01474eee7d31584cad68e92097565b804b

## Review-fix round (HEAD under test: 1bcdaa5a7061973e09c3cd9154ef24076ffd885f)
## = 8105ac3 impl fixes (review 968b692 P2s + cheap P3s) + 1bcdaa5 regression tests

$ python3 -m unittest discover -s tests/evaluation -v   (contract command)
Ran 91 tests in 1.596s - OK
exit: 0
full transcript: artifacts/tasks/T36/unittest-output.txt

$ python3 scripts/task_acceptance.py task T36 --report artifacts/tasks/T36/run.json
exit: 0
run.json binds evaluated_commit 1bcdaa5a7061973e09c3cd9154ef24076ffd885f;
tests: collected 91, passed 91, failed 0, skipped 0

# Custody demonstration rerun post-fix (full transcript custody-demo.txt):
#  - outside-checkout permissioned evaluate -> MET, report free of
#    incident_ref/consent_ref (asserted, permissioned-eval.json)
#  - no label root -> refused (exit 2)
#  - in-checkout label root -> refused (exit 2)
#  - label root inside a REAL linked worktree (git worktree add --detach)
#    -> refused (exit 2)  [P2-2 fix, was accepted pre-fix]

# Alignment regression (in suite, TestAlignmentSamplingUnit):
#  5x0.1px + 5x3.9px pages -> honest p95=3.9 UNMET; +30x re-reads of the
#  good pages only (155 readings) -> p95 stays 3.9, n stays 10, UNMET.
#  Pre-fix this flipped to p95=0.1 MET (review P2-1).

## Original round (HEAD under test: 33fb81b208288e1234b16892f9196d2986696dc7)
## = 04b39692178e5d9a358ae00b60f636bf070b7018 (implementation) + tests

NOTE: the contract command text is `python -m unittest discover -s
tests/evaluation -v`; this host has no `python` executable. The project
registry maps `python` -> `python3` (config/acceptance-commands.json
interpreters), so every run used `python3` and the acceptance harness
recorded the mapped argv itself.

$ python3 -m unittest discover -s tests/evaluation -v
(first run after implementation: Ran 81 tests, 5 failures - Wilson bound
expectations, embedded label-token scan, content-identical effective
grouping, closed plan key set. All five root-caused and fixed.)
exit: 1 (then fixes)

$ python3 -m unittest discover -s tests/evaluation -v
Ran 84 tests in 0.356s - OK
exit: 0

$ python3 scripts/task_acceptance.py task T36 --report artifacts/tasks/T36/run.json
exit: 0 (run.json bound evaluated_commit 33fb81b; 84/84/0/0)

$ python3 -m py_compile evaluation/protocol/*.py scripts/evaluate_inspector.py tests/evaluation/*.py
exit: 0

$ python3 scripts/evaluate_inspector.py emit-corpus --split development \
    --out evaluation/manifests/development.corpus.json --check
check ok: development.corpus.json matches the frozen fixture manifest
exit: 0

$ python3 scripts/evaluate_inspector.py emit-corpus --split public \
    --out evaluation/manifests/public.corpus.json --check
check ok: public.corpus.json matches the frozen fixture manifest
exit: 0

$ python3 scripts/evaluate_inspector.py verify-splits \
    evaluation/manifests/development.corpus.json \
    evaluation/manifests/public.corpus.json
splits ok: 39 entries across ['development', 'public_demo']; no sibling straddles a boundary
exit: 0

$ python3 scripts/evaluate_inspector.py status --plan evaluation/manifests/evaluation.plan.json
10 targets UNMET (no_evaluation_run); exit: 1 (honest non-pass)

$ git status --porcelain --untracked-files=all -- . ':(exclude)artifacts/'
(clean: every non-artifact change committed before run.json was bound)

## Independent review
review 968b692 (artifacts/tasks/T36/review.md on review/devin/t36):
changes-required. P2-1 alignment per-reading pooling flipped a declared
target UNMET->MET; P2-2 sibling-worktree label root accepted. Both fixed
in 8105ac3 with regressions in 1bcdaa5. P3s: camelCase key-scan now
tokenizes case boundaries; pinned candidate_freeze enforced; expected=0
needs a measurement; 30+9 entry counts corrected in this round's prose.
