python3 -m unittest discover -s tests/evaluation -v
test_evaluate_stdout_and_report_carry_no_label_content (test_custody.TestCliCustody.test_evaluate_stdout_and_report_carry_no_label_content) ... ok
test_evaluate_without_label_root_fails_closed (test_custody.TestCliCustody.test_evaluate_without_label_root_fails_closed) ... ok
test_status_is_unmet_and_exit_nonzero (test_custody.TestCliCustody.test_status_is_unmet_and_exit_nonzero) ... ok
test_digest_mismatch_refused (test_custody.TestLabelGate.test_digest_mismatch_refused) ... ok
test_inside_git_worktree_helper (test_custody.TestLabelGate.test_inside_git_worktree_helper) ... ok
test_label_count_mismatch_refused (test_custody.TestLabelGate.test_label_count_mismatch_refused) ... ok
test_label_file_traversal_refused (test_custody.TestLabelGate.test_label_file_traversal_refused) ... ok
test_label_root_inside_any_git_worktree_refused (test_custody.TestLabelGate.test_label_root_inside_any_git_worktree_refused) ... ok
test_label_root_inside_repository_refused (test_custody.TestLabelGate.test_label_root_inside_repository_refused) ... ok
test_label_root_inside_worktree_sibling_refused (test_custody.TestLabelGate.test_label_root_inside_worktree_sibling_refused) ... ok
test_labels_outside_repo_resolve_with_pinned_digest (test_custody.TestLabelGate.test_labels_outside_repo_resolve_with_pinned_digest) ... ok
test_missing_label_root_fails_closed (test_custody.TestLabelGate.test_missing_label_root_fails_closed) ... ok
test_permissioned_labels_require_consent_ref (test_custody.TestLabelGate.test_permissioned_labels_require_consent_ref) ... ok
test_unpinned_label_store_fails_closed (test_custody.TestLabelGate.test_unpinned_label_store_fails_closed) ... ok
test_key_scan_splits_camelcase_tokens (test_custody.TestNoLabelContentInArtifacts.test_key_scan_splits_camelcase_tokens) ... ok
test_label_secrets_collection_catches_nested_content (test_custody.TestNoLabelContentInArtifacts.test_label_secrets_collection_catches_nested_content) ... ok
test_report_contains_no_label_values (test_custody.TestNoLabelContentInArtifacts.test_report_contains_no_label_values) ... ok
test_report_has_no_per_page_truth_or_label_keys (test_custody.TestNoLabelContentInArtifacts.test_report_has_no_per_page_truth_or_label_keys) ... ok
test_serializer_refuses_label_content (test_custody.TestNoLabelContentInArtifacts.test_serializer_refuses_label_content) ... ok
test_abstain_everywhere_is_zero_not_precision_by_silence (test_denominators.TestCoverageDenominator.test_abstain_everywhere_is_zero_not_precision_by_silence) ... ok
test_check_accounting_missing_result_is_violation_not_agreement (test_denominators.TestCoverageDenominator.test_check_accounting_missing_result_is_violation_not_agreement) ... ok
test_clean_false_alert_denominator_counts_every_clean_page (test_denominators.TestCoverageDenominator.test_clean_false_alert_denominator_counts_every_clean_page) ... ok
test_failed_timeout_cancelled_stay_in_denominator (test_denominators.TestCoverageDenominator.test_failed_timeout_cancelled_stay_in_denominator) ... ok
test_nine_skipped_of_ten_scores_tenth_not_perfect (test_denominators.TestCoverageDenominator.test_nine_skipped_of_ten_scores_tenth_not_perfect) ... ok
test_unsupported_mechanism_outside_supported_recall_inside_full (test_denominators.TestCoverageDenominator.test_unsupported_mechanism_outside_supported_recall_inside_full) ... ok
test_dropped_duplicate_is_lost_not_averaged (test_denominators.TestOccurrencePreservation.test_dropped_duplicate_is_lost_not_averaged) ... ok
test_flaky_rereads_use_minimum_not_best (test_denominators.TestOccurrencePreservation.test_flaky_rereads_use_minimum_not_best) ... ok
test_unread_declared_page_counts_as_lost (test_denominators.TestOccurrencePreservation.test_unread_declared_page_counts_as_lost) ... ok
test_zero_expected_still_needs_a_measurement (test_denominators.TestOccurrencePreservation.test_zero_expected_still_needs_a_measurement) ... ok
test_duplicated_corpus_matches_single_read_metrics (test_denominators.TestRepeatedReadingsDedup.test_duplicated_corpus_matches_single_read_metrics) ... ok
test_five_rereads_of_twenty_pages_is_twenty_samples (test_denominators.TestRepeatedReadingsDedup.test_five_rereads_of_twenty_pages_is_twenty_samples) ... ok
test_rereads_cannot_erase_a_failed_first_attempt (test_denominators.TestRepeatedReadingsDedup.test_rereads_cannot_erase_a_failed_first_attempt) ... ok
test_same_alert_reread_counts_once_distinct_alerts_count (test_denominators.TestRepeatedReadingsDedup.test_same_alert_reread_counts_once_distinct_alerts_count) ... ok
test_wilson_uses_pages_not_readings (test_denominators.TestRepeatedReadingsDedup.test_wilson_uses_pages_not_readings) ... ok
test_adjudicated_dispute_uses_recorded_rationale (test_diagnosis.TestAdjudication.test_adjudicated_dispute_uses_recorded_rationale) ... ok
test_adjudication_without_rationale_rejected (test_diagnosis.TestAdjudication.test_adjudication_without_rationale_rejected) ... ok
test_agreement_decides_disagreement_stays_visible (test_diagnosis.TestAdjudication.test_agreement_decides_disagreement_stays_visible) ... ok
test_one_reviewer_is_not_independent (test_diagnosis.TestAdjudication.test_one_reviewer_is_not_independent) ... ok
test_precision_metric_wilson_uses_adjudicated_counts (test_diagnosis.TestAdjudication.test_precision_metric_wilson_uses_adjudicated_counts) ... ok
test_items_carry_no_truth_or_verdict (test_diagnosis.TestBlindedForm.test_items_carry_no_truth_or_verdict) ... ok
test_sampling_is_deterministic_and_bounded (test_diagnosis.TestBlindedForm.test_sampling_is_deterministic_and_bounded) ... ok
test_task_order_shuffles_per_tester_deterministically (test_diagnosis.TestCounterbalancing.test_task_order_shuffles_per_tester_deterministically) ... ok
test_two_conditions_are_balanced_and_deterministic (test_diagnosis.TestCounterbalancing.test_two_conditions_are_balanced_and_deterministic) ... ok
test_improvement_requires_both_conditions (test_diagnosis.TestDiagnosisSummary.test_improvement_requires_both_conditions) ... ok
test_understanding_and_median_improvement (test_diagnosis.TestDiagnosisSummary.test_understanding_and_median_improvement) ... ok
test_identical_bytes_collapse_to_one_sample_and_group (test_freeze.TestCorpusManifestValidation.test_identical_bytes_collapse_to_one_sample_and_group) ... ok
test_page_keys_and_groups_are_content_addressed (test_freeze.TestCorpusManifestValidation.test_page_keys_and_groups_are_content_addressed) ... ok
test_rejects_open_and_malformed_entries (test_freeze.TestCorpusManifestValidation.test_rejects_open_and_malformed_entries) ... ok
test_committed_manifests_match_fixture_regeneration (test_freeze.TestFrozenCorpusManifests.test_committed_manifests_match_fixture_regeneration) ... ok
test_corpus_manifests_are_contract_shaped (test_freeze.TestFrozenCorpusManifests.test_corpus_manifests_are_contract_shaped) ... ok
test_emit_corpus_check_detects_drift (test_freeze.TestFrozenCorpusManifests.test_emit_corpus_check_detects_drift) ... ok
test_emit_corpus_check_passes_on_committed (test_freeze.TestFrozenCorpusManifests.test_emit_corpus_check_passes_on_committed) ... ok
test_evaluate_cli_verify_splits_passes_on_committed (test_freeze.TestFrozenCorpusManifests.test_evaluate_cli_verify_splits_passes_on_committed) ... ok
test_every_entry_sha256_matches_the_fixture_bytes (test_freeze.TestFrozenCorpusManifests.test_every_entry_sha256_matches_the_fixture_bytes) ... ok
test_group_ids_carry_fixture_lineage (test_freeze.TestFrozenCorpusManifests.test_group_ids_carry_fixture_lineage) ... ok
test_plan_pins_the_committed_manifest_digests (test_freeze.TestFrozenCorpusManifests.test_plan_pins_the_committed_manifest_digests) ... ok
test_deterministic_under_seed (test_intervals.TestGroupedBootstrap.test_deterministic_under_seed) ... ok
test_percentile_nearest_rank (test_intervals.TestGroupedBootstrap.test_percentile_nearest_rank) ... ok
test_repeated_readings_cannot_join_the_resample (test_intervals.TestGroupedBootstrap.test_repeated_readings_cannot_join_the_resample) ... ok
test_resamples_groups_not_pages (test_intervals.TestGroupedBootstrap.test_resamples_groups_not_pages) ... ok
test_empty_sample_is_widest_not_vacuous (test_intervals.TestWilsonInterval.test_empty_sample_is_widest_not_vacuous) ... ok
test_known_bounds (test_intervals.TestWilsonInterval.test_known_bounds) ... ok
test_lower_bound_increases_with_evidence (test_intervals.TestWilsonInterval.test_lower_bound_increases_with_evidence) ... ok
test_perfect_score_lower_bound_below_one (test_intervals.TestWilsonInterval.test_perfect_score_lower_bound_below_one) ... ok
test_control_edges_union_across_declared_groups (test_splits.TestLineageEdges.test_control_edges_union_across_declared_groups) ... ok
test_fixture_family_variants_cluster_with_controls (test_splits.TestLineageEdges.test_fixture_family_variants_cluster_with_controls) ... ok
test_identical_bytes_share_lineage_across_families (test_splits.TestLineageEdges.test_identical_bytes_share_lineage_across_families) ... ok
test_grouped_assignment_is_deterministic (test_splits.TestNaiveVsGroupedAssignment.test_grouped_assignment_is_deterministic) ... ok
test_grouped_assignment_never_straddles (test_splits.TestNaiveVsGroupedAssignment.test_grouped_assignment_never_straddles) ... ok
test_naive_random_split_straddles_siblings (test_splits.TestNaiveVsGroupedAssignment.test_naive_random_split_straddles_siblings) ... ok
test_sibling_groups_collapse_each_family_to_one_cluster (test_splits.TestNaiveVsGroupedAssignment.test_sibling_groups_collapse_each_family_to_one_cluster) ... ok
test_committed_corpus_manifests_have_no_leakage (test_splits.TestSplitAudit.test_committed_corpus_manifests_have_no_leakage) ... ok
test_evaluation_group_may_not_reuse_a_claim_split_group (test_splits.TestSplitAudit.test_evaluation_group_may_not_reuse_a_claim_split_group) ... ok
test_identical_bytes_in_two_splits_is_flagged (test_splits.TestSplitAudit.test_identical_bytes_in_two_splits_is_flagged) ... ok
test_moved_sibling_is_flagged (test_splits.TestSplitAudit.test_moved_sibling_is_flagged) ... ok
test_public_siblings_cannot_enter_evaluation_denominator (test_splits.TestSplitAudit.test_public_siblings_cannot_enter_evaluation_denominator) ... ok
test_unknown_split_is_rejected (test_splits.TestSplitAudit.test_unknown_split_is_rejected) ... ok
test_alignment_sample_count_is_pages_not_readings (test_targets.TestAlignmentSamplingUnit.test_alignment_sample_count_is_pages_not_readings) ... ok
test_rereading_good_pages_cannot_flip_verdict (test_targets.TestAlignmentSamplingUnit.test_rereading_good_pages_cannot_flip_verdict) ... ok
test_nonterminal_status_rejected (test_targets.TestRunValidation.test_nonterminal_status_rejected) ... ok
test_run_without_frozen_candidate_rejected (test_targets.TestRunValidation.test_run_without_frozen_candidate_rejected) ... ok
test_self_attested_resolution_rejected (test_targets.TestRunValidation.test_self_attested_resolution_rejected) ... ok
test_self_attested_run_rejected (test_targets.TestRunValidation.test_self_attested_run_rejected) ... ok
test_committed_plan_reports_every_target_unmet (test_targets.TestStatusIsUnmetByDefault.test_committed_plan_reports_every_target_unmet) ... ok
test_plan_format_cannot_carry_a_verdict (test_targets.TestStatusIsUnmetByDefault.test_plan_format_cannot_carry_a_verdict) ... ok
test_below_target_is_unmet_with_observed (test_targets.TestVerdictsFromRealRuns.test_below_target_is_unmet_with_observed) ... ok
test_missing_label_or_stray_label_fails_closed (test_targets.TestVerdictsFromRealRuns.test_missing_label_or_stray_label_fails_closed) ... ok
test_pinned_candidate_freeze_enforced (test_targets.TestVerdictsFromRealRuns.test_pinned_candidate_freeze_enforced) ... ok
test_real_run_produces_met_verdicts (test_targets.TestVerdictsFromRealRuns.test_real_run_produces_met_verdicts) ... ok
test_run_bound_to_other_corpus_rejected (test_targets.TestVerdictsFromRealRuns.test_run_bound_to_other_corpus_rejected) ... ok
test_zero_findings_is_not_a_vacuous_precision_pass (test_targets.TestVerdictsFromRealRuns.test_zero_findings_is_not_a_vacuous_precision_pass) ... ok

----------------------------------------------------------------------
Ran 91 tests in 1.139s

OK

Exit: 0
