############################################################
# T09 commands.log — pdf.js rendering/text reader adapter
# Worktree: pdf-t09  Branch: work/devin/t09  Base: d1c02af
# Implementation commit: b6aad4da2c503b09a17f5932d9c3ac1ff5f0e993
# All commands run from the worktree root unless noted.
# Times are session order; exit codes and counts are real.
############################################################

============================================================
$ ./node_modules/.bin/tsc -b packages/readers-pdfjs   # first pass
29 errors                                            [exit 2]
# All scaffold-level, two classes:
#  - TS5097: the T01-scaffolded tsconfig lacked the sibling-package
#    convention (`emitDeclarationOnly` + `allowImportingTsExtensions`);
#    added inside the owned package manifest (tsconfig.json +2 lines).
#  - TS2345 x3: AdapterFailure 'resource_limit' is a reason code, not a
#    CheckResult schema status; mapped to status 'failed' via statusFor()
#    (reason string still carries `resource_limit:`).

============================================================
$ ./node_modules/.bin/tsc -b packages/readers-pdfjs --force
clean                                                [exit 0]

============================================================
$ ./node_modules/.bin/playwright test tests/readers/pdfjs.spec.ts --reporter=list
9 passed / 1 failed                                  [exit 1]
# F08 failure: userunit-10 raster width expected Math.round(5200*scale)=2280
# but the adapter correctly sizes its canvas with Math.ceil -> 2281.
# Test-side arithmetic aligned to the implementation's documented
# ceiling (assertion only; adapter unchanged).

============================================================
$ ./node_modules/.bin/playwright test tests/readers/pdfjs.spec.ts --reporter=list
10 passed (3.1s)                                     [exit 0]

============================================================
$ bun run test:browser -- tests/readers/pdfjs.spec.ts
# Registered acceptance command (task_acceptance -> playwright + JUnit).
collected 10 / passed 10 / failed 0 / skipped 0      [exit 0]
# Console evidence emitted by the suite (pinned pair identity):
#   pdf.mjs        sha256=91e29f812c593904e8d48d022db5ddf93e3443575d4765ac9bfbb42494cfbd8d
#   pdf.worker.mjs sha256=df3bf6bf6b8b8dac8a4042d8c4ecf1cf21e1d197e0fe231c192122409eba656b

============================================================
$ ./node_modules/.bin/tsc -b tsconfig.json           # whole project graph
clean                                                [exit 0]
# readers-pdfjs compiles in project-reference order; sibling scaffolds
# (compare/reports/explanations/readers-tesseract) unaffected.

============================================================
$ python3 scripts/task_acceptance.py task T09
{"task":"T09","commands_run":1,"failures":[],"evidence_errors":[],
 "tests":{"collected":10,"passed":10,"failed":0,"skipped":0}}   [exit 0]

============================================================
$ bun run verify
# Registered bootstrap + native-bootstrap + coordination + self-check.
self-check: 16 commands in config/acceptance-commands.json
unittest suites: all ok                              [exit 0]

============================================================
$ git add packages/readers-pdfjs/ tests/readers/ && git commit
b6aad4d Implement T09 pdf.js reader adapter          [exit 0]
# 12 files, 2775 insertions; implementation only, no evidence.

============================================================
$ python3 scripts/task_acceptance.py task T09 --report artifacts/tasks/T09/run.json
{"evaluated_commit":"b6aad4da2c503b09a17f5932d9c3ac1ff5f0e993",
 "commands_run":1,"failures":[],"evidence_errors":[],
 "tests":{"collected":10,"passed":10,"failed":0,"skipped":0}}   [exit 0]
# run.json binds the report to the implementation commit.

============================================================
# Fixture / pinned-asset hashes observed during the runs above
# (shasum -a 256; also recomputed in-page by the suite):
# 04898afc..658a80  fixtures/public/mapping-amount.pdf        (F01)
# 19031ea0..67c6ed  fixtures/public/mapping-control.pdf       (F01 control)
# 5dfb2dd7..26b888  fixtures/public/covered-amount.pdf        (F02)
# cf003f5a..95d03d  fixtures/public/covered-control.pdf       (F02 control)
# 42b3bded..34d853  fixtures/public/geometry-0.pdf            (F07)
# a9e8b167..990625  fixtures/public/geometry-90.pdf           (F07)
# 5447a3de..faac23  fixtures/public/geometry-180.pdf          (F07)
# 743bb29a..cffede  fixtures/public/geometry-270.pdf          (F07)
# 19031ea0..67c6ed  fixtures/public/geometry-control.pdf      (F07 control;
#                   identical recipe bytes as mapping-control per T05)
# 839f5fff..fb306   fixtures/development/userunit-0.5.pdf     (F08)
# 6f6201ce..09cb    fixtures/development/userunit-1.pdf       (F08 control)
# 48c1dc90..b929    fixtures/development/userunit-2.pdf       (F08)
# 40827308..42d8    fixtures/development/userunit-10.pdf      (F08)
# 91e29f81..4cfbd8d apps/web/node_modules/pdfjs-dist/legacy/build/pdf.mjs
# df3bf6bf..ba656b  apps/web/node_modules/pdfjs-dist/legacy/build/pdf.worker.mjs
# pdfjs-dist version asserted in-page: 6.3.289 (frozen bun.lock install;
# T02 resolved-assets.json package integrity sha512-ZHjSVpDa...aeQw==).
#
# Scope/integrity checks:
#   git status --short  -> only packages/readers-pdfjs/, tests/readers/,
#                          artifacts/tasks/T09/
#   planning/           -> byte-identical (no diff vs d1c02af)
#   bun.lock / lockfiles-> untouched
#   new dependencies    -> none (adapter injects the pinned pair; spec
#                          uses playwright + bun already installed)
############################################################
