bun run test:browser -- tests/readers/pdfjs.spec.ts

Running 10 tests using 1 worker


[1A[2K[1/10] tests/readers/pdfjs.spec.ts:166:1 › pinned pair + describe() identity and honest capabilities
[1A[2Ktests/readers/pdfjs.spec.ts:166:1 › pinned pair + describe() identity and honest capabilities
pinned pdf.mjs sha256=91e29f812c593904e8d48d022db5ddf93e3443575d4765ac9bfbb42494cfbd8d

[1A[2Kpinned pdf.worker.mjs sha256=df3bf6bf6b8b8dac8a4042d8c4ecf1cf21e1d197e0fe231c192122409eba656b

[1A[2K[2/10] tests/readers/pdfjs.spec.ts:225:1 › F01 mapping vs control: bytes in, raw text out, identical raster
[1A[2K[3/10] tests/readers/pdfjs.spec.ts:373:1 › F02 covered vs control: hidden layer kept raw, raster unaffected
[1A[2K[4/10] tests/readers/pdfjs.spec.ts:440:1 › F07 rotations and origins: page records, R*C verification, raster dims
[1A[2K[5/10] tests/readers/pdfjs.spec.ts:572:1 › F08 UserUnit values: no double scaling, fiducial square lands exactly
[1A[2K[6/10] tests/readers/pdfjs.spec.ts:657:1 › render cancellation releases task and canvas; later renders unaffected
[1A[2K[7/10] tests/readers/pdfjs.spec.ts:745:1 › text extraction mid-walk cancel retains produced evidence
[1A[2K[8/10] tests/readers/pdfjs.spec.ts:803:1 › unavailable capabilities terminate unsupported with named reasons
[1A[2K[9/10] tests/readers/pdfjs.spec.ts:855:1 › open verifies digest; closing one generation spares the next
[1A[2K[10/10] tests/readers/pdfjs.spec.ts:929:1 › F10/F11 real bytes preserve mapping outputs and four duplicate positions
[1A[2K  10 passed (3.3s)
$ python3 scripts/task_acceptance.py run test:browser tests/readers/pdfjs.spec.ts
(node:86485) [DEP0205] DeprecationWarning: `module.register()` is deprecated. Use `module.registerHooks()` instead.
(Use `node --trace-deprecation ...` to show where the warning was created)
[1A[2K(node:86489) [DEP0205] DeprecationWarning: `module.register()` is deprecated. Use `module.registerHooks()` instead.
(Use `node --trace-deprecation ...` to show where the warning was created)

Exit: 0
