# T07 Command Execution Log
# Timestamp: 2026-09-12T01:59:19.056668+00:00
# Worker: antigravity-t07
# Task: T07 (Build accessible reusable controls and navigation)
# Branch: work/antigravity/t07
# Base: 90d702987f42b9a19b4eea606c4c57facf623b12
# Implementation Commit: 58cc331e784d6e55b3b09cd50c48f9d0d6d96329

$ git status --porcelain
?? apps/web/src/components/AppHeader/
?? apps/web/src/components/Controls/
?? apps/web/src/components/Dialogs/
?? tests/a11y/

$ grep -rn "#[0-9a-fA-F]\{3,8\}" apps/web/src/components/
exit 1 (0 raw hex colors found; all styles strictly adhere to semantic CSS custom properties)

$ bun run verify
$ python3 scripts/task_acceptance.py run verify
self-check: 16 commands in config/acceptance-commands.json
Ran 49 tests in 6.959s (test:bootstrap) -> OK
Ran 2 tests in 0.001s (test:native-bootstrap) -> OK
Ran 30 tests in 0.027s (check:coordination) -> OK
exit 0 (81/81 passed)

$ bun run build:web
$ python3 scripts/task_acceptance.py run build:web
vite v8.3.0 building client environment for production...
transforming...
✓ 18 modules transformed.
rendering chunks...
computing gzip size...
dist/index.html                   0.55 kB │ gzip:  0.33 kB
dist/assets/index-CWUH7hDd.css    3.70 kB │ gzip:  1.35 kB
dist/assets/index-DLl647JV.js   191.77 kB │ gzip: 60.54 kB
✓ built in 185ms
exit 0

$ bun run test:a11y -- tests/a11y/primitives.spec.ts
$ python3 scripts/task_acceptance.py run test:a11y "tests/a11y/primitives.spec.ts"
Running 7 tests using 1 worker
[1/7] tests/a11y/primitives.spec.ts:42:3 › T07: Accessible Controls, Dialogs, and Navigation › no serious or critical automated accessibility violations (WCAG 2.2 AA)
[2/7] tests/a11y/primitives.spec.ts:53:3 › T07: Accessible Controls, Dialogs, and Navigation › keyboard can reach and operate all controls (buttons, tabs, disclosures)
[3/7] tests/a11y/primitives.spec.ts:104:3 › T07: Accessible Controls, Dialogs, and Navigation › escape key and focus return work cleanly on modal dialogs
[4/7] tests/a11y/primitives.spec.ts:134:3 › T07: Accessible Controls, Dialogs, and Navigation › focus is trapped inside modal and not trapped outside modal
[5/7] tests/a11y/primitives.spec.ts:186:3 › T07: Accessible Controls, Dialogs, and Navigation › dynamic progress does not announce every OCR token (polite stage announcements only)
[6/7] tests/a11y/primitives.spec.ts:203:3 › T07: Accessible Controls, Dialogs, and Navigation › interactive controls adhere to 44px minimum touch target size and 3px focus outline
[7/7] tests/a11y/primitives.spec.ts:232:3 › T07: Accessible Controls, Dialogs, and Navigation › replace confirmation dialog displays canonical copy and restores focus on cancel
  7 passed (2.6s)
exit 0

$ python3 scripts/task_acceptance.py task T07 --report artifacts/tasks/T07/run.json
Running 7 tests using 1 worker
  7 passed (2.6s)
evaluated_commit: 58cc331e784d6e55b3b09cd50c48f9d0d6d96329
commands_run: 1, failures: [], evidence_errors: []
exit 0

$ python3 scripts/acceptance_receipts.py verify-run T07
{"verified": "T07", "tests": {"collected": 7, "passed": 7, "failed": 0, "skipped": 0}}
exit 0

# Visual Screenshots Generated:
# - artifacts/tasks/T07/primitives-overview.png (Overview of buttons, disclosures, progress, notices, header)
# - artifacts/tasks/T07/focus-outline.png (3px focus outline on primary interactive button)
# - artifacts/tasks/T07/modal-open.png (Modal dialog with focus trap and accessible naming)
# - artifacts/tasks/T07/replace-dialog.png (Replace confirmation dialog with copy from copy.json)
