bun run test:browser -- tests/reports/import.spec.ts

Running 13 tests using 1 worker


[1A[2K[1/13] tests/reports/import.spec.ts:281:1 › a real selected export reopens locally — no upload, scope/omissions shown
[1A[2K[2/13] tests/reports/import.spec.ts:375:1 › evidence export: missing source, chooser and unavailable readers are explicit
[1A[2K[3/13] tests/reports/import.spec.ts:400:1 › replayable export shows embedded source and the environment requirement
[1A[2K[4/13] tests/reports/import.spec.ts:419:1 › source attach requires exact bytes; mismatch is never attached
[1A[2K[5/13] tests/reports/import.spec.ts:453:1 › hash mismatch blocks replay: tampered report and asset are rejected
[1A[2K[6/13] tests/reports/import.spec.ts:514:1 › schema version refusal is explicit
[1A[2K[7/13] tests/reports/import.spec.ts:543:1 › hostile corpus: every input rejected, zero egress, nothing executed
[1A[2K[8/13] tests/reports/import.spec.ts:771:1 › comparison requires two exact local selections — no ids, no urls
[1A[2K[9/13] tests/reports/import.spec.ts:826:1 › a new report clears the previous generation before reopening
[1A[2K[10/13] tests/reports/import.spec.ts:893:1 › a pending source read cannot attach across a superseded generation
[1A[2K[11/13] tests/reports/import.spec.ts:1018:1 › a superseded source read that fails emits nothing under the new report
[1A[2K[12/13] tests/reports/import.spec.ts:1151:1 › declared-size gate rejects before any byte is read
[1A[2K[13/13] tests/reports/import.spec.ts:1188:1 › installed readers plus attached source make replay readiness explicit
[1A[2K  13 passed (5.6s)
$ python3 scripts/task_acceptance.py run test:browser tests/reports/import.spec.ts
(node:96131) [DEP0205] DeprecationWarning: `module.register()` is deprecated. Use `module.registerHooks()` instead.
(Use `node --trace-deprecation ...` to show where the warning was created)
[1A[2K(node:96162) [DEP0205] DeprecationWarning: `module.register()` is deprecated. Use `module.registerHooks()` instead.
(Use `node --trace-deprecation ...` to show where the warning was created)

Exit: 0
