test_pdfium_manifest_is_complete_and_schema_valid (test_readers.ReaderManifestTests.test_pdfium_manifest_is_complete_and_schema_valid) ... ok
test_pypdf_manifest_is_complete_and_schema_valid (test_readers.ReaderManifestTests.test_pypdf_manifest_is_complete_and_schema_valid) ... ok
test_cancellation_is_terminal_and_chunked_emission_is_bounded (test_readers.TestPdfiumFailureIsolation.test_cancellation_is_terminal_and_chunked_emission_is_bounded) ... ok
test_closed_handle_and_bad_plans_stay_terminal (test_readers.TestPdfiumFailureIsolation.test_closed_handle_and_bad_plans_stay_terminal) ... ok
test_empty_and_malformed_and_digest_mismatch_fail_typed (test_readers.TestPdfiumFailureIsolation.test_empty_and_malformed_and_digest_mismatch_fail_typed) ... ok
test_encrypted_document_fails_with_password_reason (test_readers.TestPdfiumFailureIsolation.test_encrypted_document_fails_with_password_reason) ... ok
test_duplicate_occurrences_keep_distinct_boxes_and_ordinals (test_readers.TestPdfiumGeometry.test_duplicate_occurrences_keep_distinct_boxes_and_ordinals) ... ok
test_missing_mapping_output_passes_through_unchanged (test_readers.TestPdfiumGeometry.test_missing_mapping_output_passes_through_unchanged)
F10 mechanism: with no ToUnicode CMap the engine's raw output is ... ok
test_rotations_store_identical_canonical_anchors (test_readers.TestPdfiumGeometry.test_rotations_store_identical_canonical_anchors) ... FAIL
test_userunit_scales_exactly_once (test_readers.TestPdfiumGeometry.test_userunit_scales_exactly_once) ...
  test_userunit_scales_exactly_once (test_readers.TestPdfiumGeometry.test_userunit_scales_exactly_once) (userunit='0.5') ... FAIL
  test_userunit_scales_exactly_once (test_readers.TestPdfiumGeometry.test_userunit_scales_exactly_once) (userunit='1') ... FAIL
  test_userunit_scales_exactly_once (test_readers.TestPdfiumGeometry.test_userunit_scales_exactly_once) (userunit='2') ... FAIL
  test_userunit_scales_exactly_once (test_readers.TestPdfiumGeometry.test_userunit_scales_exactly_once) (userunit='10') ... FAIL
test_covered_actual_output_is_preserved_verbatim (test_readers.TestPdfiumMappingControlCovered.test_covered_actual_output_is_preserved_verbatim) ... ok
test_joined_raw_text_matches_engine_output (test_readers.TestPdfiumMappingControlCovered.test_joined_raw_text_matches_engine_output) ... ok
test_mapping_expands_glyph_without_splitting_shared_box (test_readers.TestPdfiumMappingControlCovered.test_mapping_expands_glyph_without_splitting_shared_box) ... ok
test_mapping_output_differs_from_control_with_equal_painting (test_readers.TestPdfiumMappingControlCovered.test_mapping_output_differs_from_control_with_equal_painting) ... ok
test_all_emitted_occurrences_validate_against_schema (test_readers.TestPdfiumSchemaConformance.test_all_emitted_occurrences_validate_against_schema) ... ok
test_closed_handle_and_out_of_range (test_readers.TestPypdfReader.test_closed_handle_and_out_of_range) ... ok
test_control_outputs_identity_mapping (test_readers.TestPypdfReader.test_control_outputs_identity_mapping) ... ok
test_covered_concatenation_is_preserved (test_readers.TestPypdfReader.test_covered_concatenation_is_preserved) ... ok
test_encrypted_is_a_terminal_failure_not_a_raise (test_readers.TestPypdfReader.test_encrypted_is_a_terminal_failure_not_a_raise) ... ok
test_malformed_open_fails_typed (test_readers.TestPypdfReader.test_malformed_open_fails_typed) ... invalid pdf header: b'not a'
EOF marker not found
ok
test_mapping_text_is_page_level_without_geometry (test_readers.TestPypdfReader.test_mapping_text_is_page_level_without_geometry) ... ok
test_page_metadata_supports_other_adapters (test_readers.TestPypdfReader.test_page_metadata_supports_other_adapters) ... ok

======================================================================
FAIL: test_rotations_store_identical_canonical_anchors (test_readers.TestPdfiumGeometry.test_rotations_store_identical_canonical_anchors)
----------------------------------------------------------------------
Traceback (most recent call last):
  File "/home/wertyp/.local/share/homebase-factory/projects/inkflip/native/tests/readers/test_readers.py", line 199, in test_rotations_store_identical_canonical_anchors
    self.assertAlmostEqual(anchors[0][0][1], 2 * (390 - 263.44), delta=1e-3)
    ~~~~~~~~~~~~~~~~~~~~~~^^^^^^^^^^^^^^^^^^^^^^^^^^^^^^^^^^^^^^^^^^^^^^^^^^
AssertionError: 249.280029 != 253.12 within 0.001 delta (3.8399709999999914 difference)

======================================================================
FAIL: test_userunit_scales_exactly_once (test_readers.TestPdfiumGeometry.test_userunit_scales_exactly_once) (userunit='0.5')
----------------------------------------------------------------------
Traceback (most recent call last):
  File "/home/wertyp/.local/share/homebase-factory/projects/inkflip/native/tests/readers/test_readers.py", line 214, in test_userunit_scales_exactly_once
    self.assertAlmostEqual(
    ~~~~~~~~~~~~~~~~~~~~~~^
        top_left[1], (400 - 263.44) * float(unit), delta=1e-2 * float(unit)
        ^^^^^^^^^^^^^^^^^^^^^^^^^^^^^^^^^^^^^^^^^^^^^^^^^^^^^^^^^^^^^^^^^^^
    )
    ^
AssertionError: 67.320007 != 68.28 within 0.005 delta (0.9599929999999972 difference)

======================================================================
FAIL: test_userunit_scales_exactly_once (test_readers.TestPdfiumGeometry.test_userunit_scales_exactly_once) (userunit='1')
----------------------------------------------------------------------
Traceback (most recent call last):
  File "/home/wertyp/.local/share/homebase-factory/projects/inkflip/native/tests/readers/test_readers.py", line 214, in test_userunit_scales_exactly_once
    self.assertAlmostEqual(
    ~~~~~~~~~~~~~~~~~~~~~~^
        top_left[1], (400 - 263.44) * float(unit), delta=1e-2 * float(unit)
        ^^^^^^^^^^^^^^^^^^^^^^^^^^^^^^^^^^^^^^^^^^^^^^^^^^^^^^^^^^^^^^^^^^^
    )
    ^
AssertionError: 134.640015 != 136.56 within 0.01 delta (1.919984999999997 difference)

======================================================================
FAIL: test_userunit_scales_exactly_once (test_readers.TestPdfiumGeometry.test_userunit_scales_exactly_once) (userunit='2')
----------------------------------------------------------------------
Traceback (most recent call last):
  File "/home/wertyp/.local/share/homebase-factory/projects/inkflip/native/tests/readers/test_readers.py", line 214, in test_userunit_scales_exactly_once
    self.assertAlmostEqual(
    ~~~~~~~~~~~~~~~~~~~~~~^
        top_left[1], (400 - 263.44) * float(unit), delta=1e-2 * float(unit)
        ^^^^^^^^^^^^^^^^^^^^^^^^^^^^^^^^^^^^^^^^^^^^^^^^^^^^^^^^^^^^^^^^^^^
    )
    ^
AssertionError: 269.280029 != 273.12 within 0.02 delta (3.8399709999999914 difference)

======================================================================
FAIL: test_userunit_scales_exactly_once (test_readers.TestPdfiumGeometry.test_userunit_scales_exactly_once) (userunit='10')
----------------------------------------------------------------------
Traceback (most recent call last):
  File "/home/wertyp/.local/share/homebase-factory/projects/inkflip/native/tests/readers/test_readers.py", line 214, in test_userunit_scales_exactly_once
    self.assertAlmostEqual(
    ~~~~~~~~~~~~~~~~~~~~~~^
        top_left[1], (400 - 263.44) * float(unit), delta=1e-2 * float(unit)
        ^^^^^^^^^^^^^^^^^^^^^^^^^^^^^^^^^^^^^^^^^^^^^^^^^^^^^^^^^^^^^^^^^^^
    )
    ^
AssertionError: 1346.400146 != 1365.6 within 0.1 delta (19.19985399999996 difference)

----------------------------------------------------------------------
Ran 22 tests in 1.132s

FAILED (failures=5)
