pdf-g78 IMPLEMENTATION COMMAND LOG (zcode, work/zcode/t05 channel, 2026-09-13)
Grant: Devin coordinator note on pdf-g78 (2026-09-13): implement the 11 missing
fixture families (F09, F12-F16, F22-F26) per the zcode audit plan.
Scope honored: no planning/ writes (F22/F23 status corruption remains reported
only); no other tasks' artifacts; no Beads writes; no expectation weakening.
Implementation commit: see git log (source = scripts/make_fixtures.py; fixtures/
+ fixtures/manifest.json regenerated by the generator itself).
================================================================================
$ python3 scripts/make_fixtures.py                       (in place)
  -> generated 161 files under fixtures/
$ rm -rf /tmp/g78d1 /tmp/g78d2
$ python3 scripts/make_fixtures.py --out /tmp/g78d1
$ python3 scripts/make_fixtures.py --out /tmp/g78d2
$ diff -r /tmp/g78d1 /tmp/g78d2
  -> DETERMINISM OK: independent generations byte-identical
$ diff -r fixtures /tmp/g78d1
  -> IN-PLACE OK: committed tree matches regeneration exactly
$ python3 scripts/make_fixtures.py --check
  -> check ok: 161 files match deterministic regeneration
$ uv run --project native python -m pytest tests/fixtures -q
  -> 50 passed (exit 0)  [includes: no embedded font programs anywhere;
     every mechanism has an existing control; expectation binding]
$ uv run --project native python -m pytest native/tests -q
  -> 196 passed, 170 subtests passed (exit 0)  [fixture-consumer suites
     exercise the new manifest entries; all green]
$ bun run test:native -> exit 0 (129+ structure/fixture suites green)
$ bun run verify -> exit 0
================================================================================
FAMILY NOTES
- F13: ToUnicode expansion (<A1> -> 'fi') verified extracting 'fi' via PDFium;
  literal 'fi' control renamed to variant 'control' per manifest convention.
- F14: no font program embedded (BaseFont /Helvetica names only; font-name
  test honored). Observed boundary recorded in expectations: PDFium
  149.0.7825.0 extracts no characters from the non-embedded complex-script
  runs (Latin ToUnicode line extracts); readers diverge (pypdf parses CMaps
  independently); consumers preserve reader output verbatim, including empty.
- F22: hostile PNG variants reference the JSON report control explicitly
  (same-extension default would point at a nonexistent control file).
- F15: seeded speckle noise is a fixed arithmetic function of pixel index +
  variant phase (no PRNG), preserving byte determinism.
- Pre-existing 90 fixture files: byte-identical before/after (frozen originals
  and g78.1 families untouched); only manifest.json regenerated + 70 new files.
================================================================================
