=== Command 1: python3 scripts/prepare_examples.py --check ===
$ python3 scripts/prepare_examples.py --check
OK: apps/web/public/examples/amount/ matches generation
Exit: 0

=== Command 2: bun run test:browser -- tests/browser/amount.spec.ts && bun run test:fixtures ===
$ bun run test:browser -- tests/browser/amount.spec.ts && bun run test:fixtures
$ python3 scripts/task_acceptance.py run test:browser tests/browser/amount.spec.ts

Running 7 tests using 1 worker

[1/7] tests/browser/amount.spec.ts:61:3 › T17: Browser Amount Demo and Prepared Manifest › criterion 1: renamed identical bytes produce same reading
[2/7] tests/browser/amount.spec.ts:107:3 › T17: Browser Amount Demo and Prepared Manifest › criterion 2: modified bytes cannot replay old prepared result
[3/7] tests/browser/amount.spec.ts:148:3 › T17: Browser Amount Demo and Prepared Manifest › criterion 3: live and prepared paths label provenance correctly
[4/7] tests/browser/amount.spec.ts:181:3 › T17: Browser Amount Demo and Prepared Manifest › criterion 4: real source downloadable and verifiable
[5/7] tests/browser/amount.spec.ts:233:3 › T17: Browser Amount Demo and Prepared Manifest › criterion 5: actual timing visible, not decorative scan animation
[6/7] tests/browser/amount.spec.ts:271:3 › T17: Browser Amount Demo and Prepared Manifest › criterion 6: clean counterpart renders equal under same renderer
[7/7] tests/browser/amount.spec.ts:308:3 › T17: Browser Amount Demo and Prepared Manifest › criterion 7: accessibility check (WCAG AA)
  7 passed (3.9s)
$ python3 scripts/task_acceptance.py run test:fixtures
Ran 50 tests in 0.760s
OK
Exit: 0

=== Command 3: bun run build:web ===
$ python3 scripts/task_acceptance.py run build:web
vite v8.3.0 building client environment for production...
transforming...
✓ 18 modules transformed.
rendering chunks...
computing gzip size...
dist/index.html                   0.55 kB │ gzip:  0.33 kB
dist/assets/index-CWUH7hDd.css    3.70 kB │ gzip:  1.35 kB
dist/assets/index-DLl647JV.js   191.77 kB │ gzip: 60.54 kB
✓ built in 560ms
Exit: 0

=== Command 4: bun run oxlint ===
$ bun run oxlint
Found 3133 warnings and 0 errors.
Finished in 238ms on 165 files with 96 rules using 14 threads.
Exit: 0

=== Command 5: bun run oxfmt --check tests/browser/amount.spec.ts ===
$ bun run oxfmt --check tests/browser/amount.spec.ts
Checking formatting...
All matched files use the correct format.
Exit: 0

=== Command 6: bun run verify ===
$ bun run verify
49 bootstrap/harness + 2 native-boundary + 65 coordination/homebase/native-pass + self-check (16 commands), all OK
Exit: 0

=== Command 7: python3 scripts/task_acceptance.py task T17 --report artifacts/tasks/T17/run.json ===
$ python3 scripts/task_acceptance.py task T17 --report artifacts/tasks/T17/run.json
Evaluated commit: d39e607feda6f8d6c3443c678ac013435c5533b1
Tests: 57 collected, 57 passed, 0 failed, 0 skipped
Exit: 0

=== Command 8: python3 scripts/acceptance_receipts.py verify-run T17 ===
$ python3 scripts/acceptance_receipts.py verify-run T17
{"verified": "T17", "tests": {"collected": 57, "passed": 57, "failed": 0, "skipped": 0}}
Exit: 0
