bun run test:browser -- tests/browser/amount.spec.ts

Running 7 tests using 1 worker


[1A[2K[1/7] tests/browser/amount.spec.ts:61:3 › T17: Browser Amount Demo and Prepared Manifest › criterion 1: renamed identical bytes produce same reading
[1A[2K[2/7] tests/browser/amount.spec.ts:107:3 › T17: Browser Amount Demo and Prepared Manifest › criterion 2: modified bytes cannot replay old prepared result
[1A[2K[3/7] tests/browser/amount.spec.ts:148:3 › T17: Browser Amount Demo and Prepared Manifest › criterion 3: live and prepared paths label provenance correctly
[1A[2K[4/7] tests/browser/amount.spec.ts:181:3 › T17: Browser Amount Demo and Prepared Manifest › criterion 4: real source downloadable and verifiable
[1A[2K[5/7] tests/browser/amount.spec.ts:233:3 › T17: Browser Amount Demo and Prepared Manifest › criterion 5: actual timing visible, not decorative scan animation
[1A[2K[6/7] tests/browser/amount.spec.ts:271:3 › T17: Browser Amount Demo and Prepared Manifest › criterion 6: clean counterpart renders equal under same renderer
[1A[2K[7/7] tests/browser/amount.spec.ts:308:3 › T17: Browser Amount Demo and Prepared Manifest › criterion 7: accessibility check (WCAG AA)
[1A[2K  7 passed (3.5s)
$ python3 scripts/task_acceptance.py run test:browser tests/browser/amount.spec.ts
(node:86896) [DEP0205] DeprecationWarning: `module.register()` is deprecated. Use `module.registerHooks()` instead.
(Use `node --trace-deprecation ...` to show where the warning was created)
[1A[2K(node:86898) [DEP0205] DeprecationWarning: `module.register()` is deprecated. Use `module.registerHooks()` instead.
(Use `node --trace-deprecation ...` to show where the warning was created)

Exit: 0

bun run test:fixtures
$ python3 scripts/task_acceptance.py run test:fixtures
test_completed_failure_crash_stale_preserve_first_result (test_catalog_followup.TestFaultDoubles.test_completed_failure_crash_stale_preserve_first_result) ... ok
test_hang_and_cancel_are_reaped_with_prior_result (test_catalog_followup.TestFaultDoubles.test_hang_and_cancel_are_reaped_with_prior_result) ... ok
test_canary_channels_bind_actual_source (test_catalog_followup.TestPriorityCatalog.test_canary_channels_bind_actual_source) ... ok
test_contrast_control_has_white_text_and_dark_background (test_catalog_followup.TestPriorityCatalog.test_contrast_control_has_white_text_and_dark_background) ... ok
test_duplicates_keep_four_positions (test_catalog_followup.TestPriorityCatalog.test_duplicates_keep_four_positions) ... ok
test_extreme_geometry_has_tiny_bytes_and_explicit_render_limit (test_catalog_followup.TestPriorityCatalog.test_extreme_geometry_has_tiny_bytes_and_explicit_render_limit) ... ok
test_invalid_and_encrypted_are_bounded_distinct_cases (test_catalog_followup.TestPriorityCatalog.test_invalid_and_encrypted_are_bounded_distinct_cases) ... ok
test_mapping_absence_and_malformed_are_not_missing_ink (test_catalog_followup.TestPriorityCatalog.test_mapping_absence_and_malformed_are_not_missing_ink) ... ok
test_original_pdfs_and_expectations_are_unchanged (test_catalog_followup.TestPriorityCatalog.test_original_pdfs_and_expectations_are_unchanged) ... ok
test_paint_order_changes_only_sequence (test_catalog_followup.TestPriorityCatalog.test_paint_order_changes_only_sequence) ... ok
test_partial_and_nonrectangular_clip_are_distinct (test_catalog_followup.TestPriorityCatalog.test_partial_and_nonrectangular_clip_are_distinct) ... ok
test_unreadable_has_no_native_text_or_plausible_default (test_catalog_followup.TestPriorityCatalog.test_unreadable_has_no_native_text_or_plausible_default) ... ok
test_control_paints_final_amount_once (test_fixtures.TestCoveredText.test_control_paints_final_amount_once) ... ok
test_cover_is_opaque_white_fill (test_fixtures.TestCoveredText.test_cover_is_opaque_white_fill) ... ok
test_cover_paint_order_is_text_cover_replacement (test_fixtures.TestCoveredText.test_cover_paint_order_is_text_cover_replacement) ... ok
test_known_reader_observations_are_labeled_not_invented (test_fixtures.TestCoveredText.test_known_reader_observations_are_labeled_not_invented) ... ok
test_check_mode_detects_tampering (test_fixtures.TestDeterminism.test_check_mode_detects_tampering) ... ok
test_check_mode_passes_on_committed_tree (test_fixtures.TestDeterminism.test_check_mode_passes_on_committed_tree) ... ok
test_manifest_declares_determinism_without_seed_or_timestamp (test_fixtures.TestDeterminism.test_manifest_declares_determinism_without_seed_or_timestamp) ... ok
test_two_regenerations_are_byte_identical (test_fixtures.TestDeterminism.test_two_regenerations_are_byte_identical) ... ok
test_all_rotations_present_with_negative_origin_and_userunit_two (test_fixtures.TestGeometryFamily.test_all_rotations_present_with_negative_origin_and_userunit_two) ... ok
test_control_is_zero_origin_rotation_zero_userunit_one (test_fixtures.TestGeometryFamily.test_control_is_zero_origin_rotation_zero_userunit_one) ... ok
test_rotation_family_shares_identical_content (test_fixtures.TestGeometryFamily.test_rotation_family_shares_identical_content) ... ok
test_every_mechanism_has_an_existing_control (test_fixtures.TestManifestIntegrity.test_every_mechanism_has_an_existing_control) ... ok
test_expectation_files_bind_to_their_fixture (test_fixtures.TestManifestIntegrity.test_expectation_files_bind_to_their_fixture) ... ok
test_generator_hash_matches_source_file (test_fixtures.TestManifestIntegrity.test_generator_hash_matches_source_file) ... ok
test_manifest_hashes_and_lengths_match_disk (test_fixtures.TestManifestIntegrity.test_manifest_hashes_and_lengths_match_disk) ... ok
test_required_fixture_ids_and_families_are_covered (test_fixtures.TestManifestIntegrity.test_required_fixture_ids_and_families_are_covered) ... ok
test_splits_match_catalog (test_fixtures.TestManifestIntegrity.test_splits_match_catalog) ... ok
test_extraction_intent_differs_while_painting_matches (test_fixtures.TestMappingControl.test_extraction_intent_differs_while_painting_matches) ... ok
test_observation_declares_text_raster_divergence (test_fixtures.TestMappingControl.test_observation_declares_text_raster_divergence) ... ok
test_paint_operators_are_identical (test_fixtures.TestMappingControl.test_paint_operators_are_identical) ... ok
test_tounicode_differs_exactly_at_amount_glyph (test_fixtures.TestMappingControl.test_tounicode_differs_exactly_at_amount_glyph) ... ok
test_filename_appears_nowhere_in_fixture_bytes (test_fixtures.TestNoFilenameConditioning.test_filename_appears_nowhere_in_fixture_bytes) ... ok
test_renamed_copy_is_byte_identical_and_content_addressed (test_fixtures.TestNoFilenameConditioning.test_renamed_copy_is_byte_identical_and_content_addressed) ... ok
test_test_fixtures_command_is_registered_and_active (test_fixtures.TestRegistryRegistration.test_test_fixtures_command_is_registered_and_active) ... ok
test_manifest_rights_cover_every_entry (test_fixtures.TestRightsAndPrivacy.test_manifest_rights_cover_every_entry) ... ok
test_no_embedded_font_programs_anywhere (test_fixtures.TestRightsAndPrivacy.test_no_embedded_font_programs_anywhere) ... ok
test_no_private_or_challenge_answer_data (test_fixtures.TestRightsAndPrivacy.test_no_private_or_challenge_answer_data) ... ok
test_correct_layer_is_invisible_and_matches_expectation (test_fixtures.TestSearchableScan.test_correct_layer_is_invisible_and_matches_expectation) ... ok
test_correct_scan_records_no_alarm_intent (test_fixtures.TestSearchableScan.test_correct_scan_records_no_alarm_intent) ... ok
test_decoded_raster_equals_generator_drawing (test_fixtures.TestSearchableScan.test_decoded_raster_equals_generator_drawing) ... ok
test_layer_words_are_exactly_the_raster_words_in_order (test_fixtures.TestSearchableScan.test_layer_words_are_exactly_the_raster_words_in_order) ... ok
test_raster_only_sibling_has_no_text_operators (test_fixtures.TestSearchableScan.test_raster_only_sibling_has_no_text_operators) ... ok
test_scan_siblings_share_one_split (test_fixtures.TestSearchableScan.test_scan_siblings_share_one_split) ... ok
test_shifted_layer_is_displaced_by_declared_offset (test_fixtures.TestSearchableScan.test_shifted_layer_is_displaced_by_declared_offset) ... ok
test_word_anchor_boxes_contain_matching_raster_ink (test_fixtures.TestSearchableScan.test_word_anchor_boxes_contain_matching_raster_ink) ... ok
test_all_units_declared_with_fiducial_square (test_fixtures.TestUserUnitFamily.test_all_units_declared_with_fiducial_square) ... ok
test_family_shares_identical_fiducial_content (test_fixtures.TestUserUnitFamily.test_family_shares_identical_fiducial_content) ... ok
test_unit_one_is_the_manifest_control (test_fixtures.TestUserUnitFamily.test_unit_one_is_the_manifest_control) ... ok
test_expansion_extracts_fi_control_extracts_painted_char (test_g78_semantic.TestF13F14Extraction.test_expansion_extracts_fi_control_extracts_painted_char) ... ok
test_latin_identity_h_extracts_declared_strings (test_g78_semantic.TestF13F14Extraction.test_latin_identity_h_extracts_declared_strings) ... ok
test_control_is_canonical_schema_valid (test_g78_semantic.TestF22ImportStages.test_control_is_canonical_schema_valid) ... ok
test_digest_mismatch_passes_schema_fails_binding (test_g78_semantic.TestF22ImportStages.test_digest_mismatch_passes_schema_fails_binding) ... ok
test_png_oversized_exceeds_any_pixel_budget (test_g78_semantic.TestF22ImportStages.test_png_oversized_exceeds_any_pixel_budget) ... ok
test_png_truncated_is_undecodable (test_g78_semantic.TestF22ImportStages.test_png_truncated_is_undecodable) ... ok
test_script_string_is_schema_valid_and_inert (test_g78_semantic.TestF22ImportStages.test_script_string_is_schema_valid_and_inert) ... ok
test_unknown_key_is_rejected_at_the_schema_stage (test_g78_semantic.TestF22ImportStages.test_unknown_key_is_rejected_at_the_schema_stage) ... ok
test_control_passes_every_rule (test_g78_semantic.TestF23BaselineRules.test_control_passes_every_rule) ... ok
test_coverage_loss_fires_the_missing_check (test_g78_semantic.TestF23BaselineRules.test_coverage_loss_fires_the_missing_check) ... ok
test_every_subdocument_is_canonical_schema_valid (test_g78_semantic.TestF23BaselineRules.test_every_subdocument_is_canonical_schema_valid) ... ok
test_mismatched_doc_fails_the_binding_stage (test_g78_semantic.TestF23BaselineRules.test_mismatched_doc_fails_the_binding_stage) ... ok
test_silent_refresh_fires_the_count_rule (test_g78_semantic.TestF23BaselineRules.test_silent_refresh_fires_the_count_rule) ... ok
test_border_ink_inside_invisible_text_bounds_and_modes_differ (test_g78_semantic.TestF24OverlapInk.test_border_ink_inside_invisible_text_bounds_and_modes_differ) ... ok
test_control_cache_verifies (test_g78_semantic.TestF26CacheVerification.test_control_cache_verifies) ... ok
test_corrupt_model_fails_digest_verification (test_g78_semantic.TestF26CacheVerification.test_corrupt_model_fails_digest_verification) ... ok
test_offline_cold_reports_missing_files (test_g78_semantic.TestF26CacheVerification.test_offline_cold_reports_missing_files) ... ok
test_offline_warm_verifies (test_g78_semantic.TestF26CacheVerification.test_offline_warm_verifies) ... ok
test_stale_core_fails_digest_verification (test_g78_semantic.TestF26CacheVerification.test_stale_core_fails_digest_verification) ... ok
test_stale_worker_fails_digest_verification (test_g78_semantic.TestF26CacheVerification.test_stale_worker_fails_digest_verification) ... ok

----------------------------------------------------------------------
Ran 70 tests in 1.366s

OK

Exit: 0
