TAP version 13
# Subtest: real browser worker stops independent activity when aborted at load
ok 1 - real browser worker stops independent activity when aborted at load
  ---
  duration_ms: 994.985125
  type: 'test'
  ...
# Subtest: real browser worker stops independent activity when aborted at loadLanguage
ok 2 - real browser worker stops independent activity when aborted at loadLanguage
  ---
  duration_ms: 486.104041
  type: 'test'
  ...
# Subtest: real browser worker stops independent activity when aborted at initialize
ok 3 - real browser worker stops independent activity when aborted at initialize
  ---
  duration_ms: 486.718041
  type: 'test'
  ...
# Subtest: real browser worker stops independent activity when aborted at ready
ok 4 - real browser worker stops independent activity when aborted at ready
  ---
  duration_ms: 469.627625
  type: 'test'
  ...
1..4
# tests 4
# suites 0
# pass 4
# fail 0
# cancelled 0
# skipped 0
# todo 0
# duration_ms 2758.815625
