Linux x86_64
v22.23.2
1.4.0
68d31df54734e2d086f0915346b04a20e2e8d1e2
bun install v1.4.0 (34cbb9a40)
Resolving dependencies
Resolved, downloaded and extracted [1]

+ @axe-core/playwright@4.13.0
+ @playwright/test@1.57.0
+ ajv@8.18.0
+ oxfmt@0.67.0
+ oxlint@1.82.0
+ typescript@6.0.2
+ wrangler@4.131.0

91 packages installed [2.01s]
ok   patch.manifest: exact pinned patch declaration matches
ok   patch.lock: exact pinned patch declaration matches
ok   patch.version: installed package is tesseract.js@7.0.0
ok   patch.path: patch path matches provenance
ok   patch.bytes: tesseract.js@7.0.0.patch SHA-256 matches recorded provenance
ok   patch.files: constructor and public types are the complete patched file set
ok   patch.installed.src/createWorker.js: createWorker.js SHA-256 matches recorded provenance
ok   patch.installed.src/index.d.ts: index.d.ts SHA-256 matches recorded provenance
installed patch checks passed: 8
TAP version 13
# Subtest: already aborted signal prevents worker creation
ok 1 - already aborted signal prevents worker creation
  ---
  duration_ms: 6.895285
  type: 'test'
  ...
# Subtest: abort physically terminates a stalled load and settles readiness
ok 2 - abort physically terminates a stalled load and settles readiness
  ---
  duration_ms: 1.840267
  type: 'test'
  ...
# Subtest: load rejection releases the worker and settles readiness
ok 3 - load rejection releases the worker and settles readiness
  ---
  duration_ms: 1.279174
  type: 'test'
  ...
# Subtest: abort physically terminates a stalled loadLanguage and settles readiness
ok 4 - abort physically terminates a stalled loadLanguage and settles readiness
  ---
  duration_ms: 1.144771
  type: 'test'
  ...
# Subtest: loadLanguage rejection releases the worker and settles readiness
ok 5 - loadLanguage rejection releases the worker and settles readiness
  ---
  duration_ms: 2.532366
  type: 'test'
  ...
# Subtest: abort physically terminates a stalled initialize and settles readiness
ok 6 - abort physically terminates a stalled initialize and settles readiness
  ---
  duration_ms: 1.333313
  type: 'test'
  ...
# Subtest: initialize rejection releases the worker and settles readiness
ok 7 - initialize rejection releases the worker and settles readiness
  ---
  duration_ms: 0.981725
  type: 'test'
  ...
# Subtest: raw worker error rejects initialization and releases its transport
ok 8 - raw worker error rejects initialization and releases its transport
  ---
  duration_ms: 0.936832
  type: 'test'
  ...
# Subtest: termination rejects an outstanding job and is idempotent
ok 9 - termination rejects an outstanding job and is idempotent
  ---
  duration_ms: 1.521877
  type: 'test'
  ...
# Subtest: delayed image loading cannot send a new job after cancellation
ok 10 - delayed image loading cannot send a new job after cancellation
  ---
  duration_ms: 1.619252
  type: 'test'
  ...
# Subtest: successful initialization and recognition preserve the existing protocol
ok 11 - successful initialization and recognition preserve the existing protocol
  ---
  duration_ms: 1.862116
  type: 'test'
  ...
1..11
# tests 11
# suites 0
# pass 11
# fail 0
# cancelled 0
# skipped 0
# todo 0
# duration_ms 112.630941
EXACT_CANDIDATE_CLEAN_PASS
