TAP version 13
# Subtest: already aborted signal prevents worker creation
ok 1 - already aborted signal prevents worker creation
  ---
  duration_ms: 6.158042
  type: 'test'
  ...
# Subtest: abort physically terminates a stalled load and settles readiness
ok 2 - abort physically terminates a stalled load and settles readiness
  ---
  duration_ms: 1.305042
  type: 'test'
  ...
# Subtest: load rejection releases the worker and settles readiness
ok 3 - load rejection releases the worker and settles readiness
  ---
  duration_ms: 0.426625
  type: 'test'
  ...
# Subtest: abort physically terminates a stalled loadLanguage and settles readiness
ok 4 - abort physically terminates a stalled loadLanguage and settles readiness
  ---
  duration_ms: 0.486459
  type: 'test'
  ...
# Subtest: loadLanguage rejection releases the worker and settles readiness
ok 5 - loadLanguage rejection releases the worker and settles readiness
  ---
  duration_ms: 1.928084
  type: 'test'
  ...
# Subtest: abort physically terminates a stalled initialize and settles readiness
ok 6 - abort physically terminates a stalled initialize and settles readiness
  ---
  duration_ms: 0.488167
  type: 'test'
  ...
# Subtest: initialize rejection releases the worker and settles readiness
ok 7 - initialize rejection releases the worker and settles readiness
  ---
  duration_ms: 0.50475
  type: 'test'
  ...
# Subtest: raw worker error rejects initialization and releases its transport
ok 8 - raw worker error rejects initialization and releases its transport
  ---
  duration_ms: 0.383667
  type: 'test'
  ...
# Subtest: termination rejects an outstanding job and is idempotent
ok 9 - termination rejects an outstanding job and is idempotent
  ---
  duration_ms: 0.655125
  type: 'test'
  ...
# Subtest: delayed image loading cannot send a new job after cancellation
ok 10 - delayed image loading cannot send a new job after cancellation
  ---
  duration_ms: 0.6855
  type: 'test'
  ...
# Subtest: successful initialization and recognition preserve the existing protocol
ok 11 - successful initialization and recognition preserve the existing protocol
  ---
  duration_ms: 1.022
  type: 'test'
  ...
1..11
# tests 11
# suites 0
# pass 11
# fail 0
# cancelled 0
# skipped 0
# todo 0
# duration_ms 68.347125
