TAP version 13
# Subtest: already aborted signal prevents worker creation
not ok 1 - already aborted signal prevents worker creation
  ---
  duration_ms: 8.488417
  type: 'test'
  location: '/Users/zubair/Code/Projects/pdf project/worktrees/pdf-ebz/tests/build/tesseract-worker.test.mjs:59:1'
  failureType: 'testCodeFailure'
  error: 'Missing expected rejection.'
  code: 'ERR_ASSERTION'
  name: 'AssertionError'
  stack: |-
    async TestContext.<anonymous> (file:///Users/zubair/Code/Projects/pdf%20project/worktrees/pdf-ebz/tests/build/tesseract-worker.test.mjs:64:3)
    async Test.run (node:internal/test_runner/test:1054:7)
    async startSubtestAfterBootstrap (node:internal/test_runner/harness:296:3)
  ...
# Subtest: abort physically terminates a stalled load and settles readiness
not ok 2 - abort physically terminates a stalled load and settles readiness
  ---
  duration_ms: 0.654125
  type: 'test'
  location: '/Users/zubair/Code/Projects/pdf project/worktrees/pdf-ebz/tests/build/tesseract-worker.test.mjs:69:3'
  failureType: 'testCodeFailure'
  error: |-
    termination is synchronous, before readiness can settle
    
    0 !== 1
    
  code: 'ERR_ASSERTION'
  name: 'AssertionError'
  expected: 1
  actual: 0
  operator: 'strictEqual'
  stack: |-
    TestContext.<anonymous> (file:///Users/zubair/Code/Projects/pdf%20project/worktrees/pdf-ebz/tests/build/tesseract-worker.test.mjs:77:12)
    async Test.run (node:internal/test_runner/test:1054:7)
    async Test.processPendingSubtests (node:internal/test_runner/test:744:7)
  ...
# Subtest: load rejection releases the worker and settles readiness
not ok 3 - load rejection releases the worker and settles readiness
  ---
  duration_ms: 0.584416
  type: 'test'
  location: '/Users/zubair/Code/Projects/pdf project/worktrees/pdf-ebz/tests/build/tesseract-worker.test.mjs:88:3'
  failureType: 'testCodeFailure'
  error: |-
    Expected values to be strictly equal:
    
    0 !== 1
    
  code: 'ERR_ASSERTION'
  name: 'AssertionError'
  expected: 1
  actual: 0
  operator: 'strictEqual'
  stack: |-
    TestContext.<anonymous> (file:///Users/zubair/Code/Projects/pdf%20project/worktrees/pdf-ebz/tests/build/tesseract-worker.test.mjs:92:12)
    async Test.run (node:internal/test_runner/test:1054:7)
    async Test.processPendingSubtests (node:internal/test_runner/test:744:7)
  ...
# Subtest: abort physically terminates a stalled loadLanguage and settles readiness
not ok 4 - abort physically terminates a stalled loadLanguage and settles readiness
  ---
  duration_ms: 0.401792
  type: 'test'
  location: '/Users/zubair/Code/Projects/pdf project/worktrees/pdf-ebz/tests/build/tesseract-worker.test.mjs:69:3'
  failureType: 'testCodeFailure'
  error: |-
    termination is synchronous, before readiness can settle
    
    0 !== 1
    
  code: 'ERR_ASSERTION'
  name: 'AssertionError'
  expected: 1
  actual: 0
  operator: 'strictEqual'
  stack: |-
    TestContext.<anonymous> (file:///Users/zubair/Code/Projects/pdf%20project/worktrees/pdf-ebz/tests/build/tesseract-worker.test.mjs:77:12)
    async Test.run (node:internal/test_runner/test:1054:7)
    async Test.processPendingSubtests (node:internal/test_runner/test:744:7)
  ...
# Subtest: loadLanguage rejection releases the worker and settles readiness
not ok 5 - loadLanguage rejection releases the worker and settles readiness
  ---
  duration_ms: 7.091125
  type: 'test'
  location: '/Users/zubair/Code/Projects/pdf project/worktrees/pdf-ebz/tests/build/tesseract-worker.test.mjs:88:3'
  failureType: 'cancelledByParent'
  error: 'Promise resolution is still pending but the event loop has already resolved'
  code: 'ERR_TEST_FAILURE'
  stack: |-
    process.emit (node:events:519:28)
  ...
# Subtest: abort physically terminates a stalled initialize and settles readiness
not ok 6 - abort physically terminates a stalled initialize and settles readiness
  ---
  duration_ms: 0
  type: 'test'
  location: '/Users/zubair/Code/Projects/pdf project/worktrees/pdf-ebz/tests/build/tesseract-worker.test.mjs:69:3'
  failureType: 'cancelledByParent'
  error: 'Promise resolution is still pending but the event loop has already resolved'
  code: 'ERR_TEST_FAILURE'
  stack: |-
    process.emit (node:events:519:28)
  ...
# Subtest: initialize rejection releases the worker and settles readiness
not ok 7 - initialize rejection releases the worker and settles readiness
  ---
  duration_ms: 0
  type: 'test'
  location: '/Users/zubair/Code/Projects/pdf project/worktrees/pdf-ebz/tests/build/tesseract-worker.test.mjs:88:3'
  failureType: 'cancelledByParent'
  error: 'Promise resolution is still pending but the event loop has already resolved'
  code: 'ERR_TEST_FAILURE'
  stack: |-
    process.emit (node:events:519:28)
  ...
# Subtest: raw worker error rejects initialization and releases its transport
not ok 8 - raw worker error rejects initialization and releases its transport
  ---
  duration_ms: 0
  type: 'test'
  location: '/Users/zubair/Code/Projects/pdf project/worktrees/pdf-ebz/tests/build/tesseract-worker.test.mjs:97:1'
  failureType: 'cancelledByParent'
  error: 'Promise resolution is still pending but the event loop has already resolved'
  code: 'ERR_TEST_FAILURE'
  stack: |-
    process.emit (node:events:519:28)
  ...
# Subtest: termination rejects an outstanding job and is idempotent
not ok 9 - termination rejects an outstanding job and is idempotent
  ---
  duration_ms: 0
  type: 'test'
  location: '/Users/zubair/Code/Projects/pdf project/worktrees/pdf-ebz/tests/build/tesseract-worker.test.mjs:107:1'
  failureType: 'cancelledByParent'
  error: 'Promise resolution is still pending but the event loop has already resolved'
  code: 'ERR_TEST_FAILURE'
  stack: |-
    process.emit (node:events:519:28)
  ...
# Subtest: delayed image loading cannot send a new job after cancellation
not ok 10 - delayed image loading cannot send a new job after cancellation
  ---
  duration_ms: 0
  type: 'test'
  location: '/Users/zubair/Code/Projects/pdf project/worktrees/pdf-ebz/tests/build/tesseract-worker.test.mjs:122:1'
  failureType: 'cancelledByParent'
  error: 'Promise resolution is still pending but the event loop has already resolved'
  code: 'ERR_TEST_FAILURE'
  stack: |-
    process.emit (node:events:519:28)
  ...
# Subtest: successful initialization and recognition preserve the existing protocol
not ok 11 - successful initialization and recognition preserve the existing protocol
  ---
  duration_ms: 0
  type: 'test'
  location: '/Users/zubair/Code/Projects/pdf project/worktrees/pdf-ebz/tests/build/tesseract-worker.test.mjs:137:1'
  failureType: 'cancelledByParent'
  error: 'Promise resolution is still pending but the event loop has already resolved'
  code: 'ERR_TEST_FAILURE'
  stack: |-
    process.emit (node:events:519:28)
  ...
# Error: A resource generated asynchronous activity after the test ended. This activity created the error "Error: initialization rejected" which triggered an uncaughtException event, caught by the test runner.
# Error: A resource generated asynchronous activity after the test ended. This activity created the error "Error: initialization rejected" which triggered an uncaughtException event, caught by the test runner.
1..11
# tests 11
# suites 0
# pass 0
# fail 4
# cancelled 7
# skipped 0
# todo 0
# duration_ms 62.987542
