TAP version 13
# Subtest: real browser worker stops independent activity when aborted at ready
not ok 1 - real browser worker stops independent activity when aborted at ready
  ---
  duration_ms: 978.394292
  type: 'test'
  location: '/Users/zubair/Code/Projects/pdf project/worktrees/pdf-ebz/tests/build/tesseract-browser.test.mjs:60:3'
  failureType: 'testCodeFailure'
  error: |-
    Expected values to be strictly equal:
    
    27 !== 19
    
  code: 'ERR_ASSERTION'
  name: 'AssertionError'
  expected: 19
  actual: 27
  operator: 'strictEqual'
  stack: |-
    TestContext.<anonymous> (file:///Users/zubair/Code/Projects/pdf%20project/worktrees/pdf-ebz/tests/build/tesseract-browser.test.mjs:80:14)
    runNextTicks (node:internal/process/task_queues:64:5)
    process.processImmediate (node:internal/timers:452:9)
    process.callbackTrampoline (node:internal/async_hooks:130:17)
    async Test.run (node:internal/test_runner/test:1054:7)
    async startSubtestAfterBootstrap (node:internal/test_runner/harness:296:3)
  ...
1..1
# tests 1
# suites 0
# pass 0
# fail 1
# cancelled 0
# skipped 0
# todo 0
# duration_ms 1304.107875
