T20 commands.log — exact commands and verbatim results
Worktree: /Users/zubair/Code/Projects/pdf project/original/worktrees/pdf-t20
Branch: work/devin/t20   Base: f191be5   Worker: devin-t20
All commands run from the worktree root unless noted.

======================================================================
$ bun run build
✓ built in ~300ms (vite production build; all changed sources compile)
Exit: 0

======================================================================
Real-pipeline probe (temporary probe-order.mjs against a Vite dev server,
since dist builds omit the __inspect test hook): loaded the reordered-stream
fixture (F12) and the tiny fixture through the real PDF.js + Tesseract stack.
Observed sealed report content:
  - F12: finding "Same readings in a different emitted order" with basis
    containing "emission_order_differs" — order-only, not a text difference.
  - Tiny: finding "No matching reading found here" — real unmatched reading,
    never claimed as missing visible text.
Probe file deleted after use; not part of the committed change.

======================================================================
$ python3 scripts/task_acceptance.py run test:browser tests/browser/ambiguity.spec.ts
Running 5 tests using 1 worker
  ✓ repeated identical amounts stay individually addressable — never first string match
  ✓ ambiguous finding exposes every candidate and pre-picks none
  ✓ order-only differences remain order-only
  ✓ unmatched readings are never claimed as missing visible text
  ✓ keyboard selection returns focus to the originating finding
5 passed (5.5s)
Exit: 0

======================================================================
$ python3 scripts/task_acceptance.py run test:browser \
    tests/browser/viewer.spec.ts tests/browser/open.spec.ts \
    tests/gates/g1.spec.ts tests/browser/large-mobile.spec.ts
Running 33 tests using 4 workers
33 passed (12.0s)
Exit: 0
(First sweep: 32 passed, 1 failed — T13 viewer criterion 1 assumed a fixed
finding order; the two new example findings had been inserted mid-array and
shifted the n/p cycle. Fix: moved the example additions to the end of the
findings array so the existing cycle is preserved. Re-ran viewer+ambiguity:
16 passed; then the full sweep above: 33 passed.)

======================================================================
$ bunx oxlint <changed paths>
5 warnings, 0 errors — all pre-existing on the base commit (unused
CheckPlan/Finding/AlignmentResult imports in inspect/report.ts, unused
checkById in inspect/findings.ts, no-useless-spread in inspect/session.ts).
None introduced by this change; no registered lint gate.
Exit: 0
