P09 Experiment completed in 0.0588s: 9 fixtures evaluated from /Users/zubair/Code/Projects/pdf project/worktrees/volume-2-review-fixes/fixtures/manifest.json.
Candidate hard-control false visibility: 0 (zero FP: True)
Candidate abstentions (unsupported compositing): 2
Counterexample triggered on ink heuristic: True
Result written to /Users/zubair/Code/Projects/pdf project/worktrees/volume-2-review-fixes/artifacts/P09/result.json
P09 Experiment completed in 0.0199s: 9 fixtures evaluated from /Users/zubair/Code/Projects/pdf project/worktrees/volume-2-review-fixes/fixtures/manifest.json.
Candidate hard-control false visibility: 0 (zero FP: True)
Candidate abstentions (unsupported compositing): 2
Counterexample triggered on ink heuristic: True
Result written to /Users/zubair/Code/Projects/pdf project/worktrees/volume-2-review-fixes/artifacts/P09/result.json
{
  "task": "T41",
  "beads_id": "pdf-t41",
  "evaluated_commit": null,
  "evaluated_at": "2026-09-13T11:48:33.038993+00:00",
  "commands_run": 2,
  "failures": [],
  "evidence_errors": [],
  "tests": {
    "collected": 9,
    "passed": 9,
    "failed": 0,
    "skipped": 0
  },
  "records": [
    {
      "segment": "python experiments/P09/run.py --manifest evaluation/manifests/development.json --out artifacts/P09",
      "argv": [
        "python3",
        "experiments/P09/run.py",
        "--manifest",
        "evaluation/manifests/development.json",
        "--out",
        "artifacts/P09"
      ],
      "executed_argv": [
        "python3",
        "experiments/P09/run.py",
        "--manifest",
        "evaluation/manifests/development.json",
        "--out",
        "artifacts/P09"
      ],
      "cwd": ".",
      "exit": 0,
      "tests": {
        "collected": 1,
        "passed": 1,
        "failed": 0,
        "skipped": 0
      },
      "checkout": "/Users/zubair/Code/Projects/pdf project/worktrees/volume-2-review-fixes",
      "environment": {}
    },
    {
      "segment": "python experiments/P09/test_experiment.py",
      "argv": [
        "python3",
        "experiments/P09/test_experiment.py"
      ],
      "executed_argv": [
        "python3",
        "experiments/P09/test_experiment.py"
      ],
      "cwd": ".",
      "exit": 0,
      "tests": {
        "collected": 8,
        "passed": 8,
        "failed": 0,
        "skipped": 0
      },
      "checkout": "/Users/zubair/Code/Projects/pdf project/worktrees/volume-2-review-fixes",
      "environment": {}
    }
  ]
}
