TAP version 13
# Subtest: PNG refuses malformed chunk ordering: duplicateHeader
not ok 1 - PNG refuses malformed chunk ordering: duplicateHeader
  ---
  duration_ms: 1.579292
  type: 'test'
  location: '/Users/zubair/Code/Projects/pdf project/worktrees/pdf-3oz/tests/security/import/followup-3oz.test.mjs:64:3'
  failureType: 'testCodeFailure'
  error: 'Missing expected exception.'
  code: 'ERR_ASSERTION'
  name: 'AssertionError'
  stack: |-
    TestContext.<anonymous> (file:///Users/zubair/Code/Projects/pdf%20project/worktrees/pdf-3oz/tests/security/import/followup-3oz.test.mjs:64:70)
    Test.runInAsyncScope (node:async_hooks:214:14)
    Test.run (node:internal/test_runner/test:1047:25)
    Test.start (node:internal/test_runner/test:944:17)
    startSubtestAfterBootstrap (node:internal/test_runner/harness:296:17)
  ...
# Subtest: PNG refuses malformed chunk ordering: paletteAfterData
not ok 2 - PNG refuses malformed chunk ordering: paletteAfterData
  ---
  duration_ms: 0.164375
  type: 'test'
  location: '/Users/zubair/Code/Projects/pdf project/worktrees/pdf-3oz/tests/security/import/followup-3oz.test.mjs:64:3'
  failureType: 'testCodeFailure'
  error: 'Missing expected exception.'
  code: 'ERR_ASSERTION'
  name: 'AssertionError'
  stack: |-
    TestContext.<anonymous> (file:///Users/zubair/Code/Projects/pdf%20project/worktrees/pdf-3oz/tests/security/import/followup-3oz.test.mjs:64:70)
    Test.runInAsyncScope (node:async_hooks:214:14)
    Test.run (node:internal/test_runner/test:1047:25)
    Test.processPendingSubtests (node:internal/test_runner/test:744:18)
    Test.postRun (node:internal/test_runner/test:1173:19)
    Test.run (node:internal/test_runner/test:1101:12)
    async startSubtestAfterBootstrap (node:internal/test_runner/harness:296:3)
  ...
# Subtest: PNG refuses malformed chunk ordering: splitData
not ok 3 - PNG refuses malformed chunk ordering: splitData
  ---
  duration_ms: 0.142666
  type: 'test'
  location: '/Users/zubair/Code/Projects/pdf project/worktrees/pdf-3oz/tests/security/import/followup-3oz.test.mjs:64:3'
  failureType: 'testCodeFailure'
  error: 'Missing expected exception.'
  code: 'ERR_ASSERTION'
  name: 'AssertionError'
  stack: |-
    TestContext.<anonymous> (file:///Users/zubair/Code/Projects/pdf%20project/worktrees/pdf-3oz/tests/security/import/followup-3oz.test.mjs:64:70)
    Test.runInAsyncScope (node:async_hooks:214:14)
    Test.run (node:internal/test_runner/test:1047:25)
    Test.processPendingSubtests (node:internal/test_runner/test:744:18)
    Test.postRun (node:internal/test_runner/test:1173:19)
    Test.run (node:internal/test_runner/test:1101:12)
    async Test.processPendingSubtests (node:internal/test_runner/test:744:7)
  ...
# Subtest: PNG refuses duplicate transparency on an otherwise valid RGB image
not ok 4 - PNG refuses duplicate transparency on an otherwise valid RGB image
  ---
  duration_ms: 0.156792
  type: 'test'
  location: '/Users/zubair/Code/Projects/pdf project/worktrees/pdf-3oz/tests/security/import/followup-3oz.test.mjs:67:1'
  failureType: 'testCodeFailure'
  error: 'Missing expected exception.'
  code: 'ERR_ASSERTION'
  name: 'AssertionError'
  stack: |-
    TestContext.<anonymous> (file:///Users/zubair/Code/Projects/pdf%20project/worktrees/pdf-3oz/tests/security/import/followup-3oz.test.mjs:71:10)
    Test.runInAsyncScope (node:async_hooks:214:14)
    Test.run (node:internal/test_runner/test:1047:25)
    Test.processPendingSubtests (node:internal/test_runner/test:744:18)
    Test.postRun (node:internal/test_runner/test:1173:19)
    Test.run (node:internal/test_runner/test:1101:12)
    async Test.processPendingSubtests (node:internal/test_runner/test:744:7)
  ...
1..4
# tests 4
# suites 0
# pass 0
# fail 4
# cancelled 0
# skipped 0
# todo 0
# duration_ms 116.099459
