TAP version 13
# node:internal/modules/esm/resolve:275
#     throw new ERR_MODULE_NOT_FOUND(
#           ^
# Error [ERR_MODULE_NOT_FOUND]: Cannot find module '/Users/zubair/Code/Projects/pdf project/worktrees/pdf-3oz/packages/reports/src/index.ts' imported from /Users/zubair/Code/Projects/pdf project/worktrees/pdf-3oz/packages/reports/[eval1]
#     at finalizeResolution (node:internal/modules/esm/resolve:275:11)
#     at moduleResolve (node:internal/modules/esm/resolve:861:10)
#     at defaultResolve (node:internal/modules/esm/resolve:985:11)
#     at \#cachedDefaultResolve (node:internal/modules/esm/loader:747:20)
#     at ModuleLoader.resolve (node:internal/modules/esm/loader:724:38)
#     at ModuleLoader.getModuleJobForImport (node:internal/modules/esm/loader:320:38)
#     at ModuleJob._link (node:internal/modules/esm/module_job:182:49) {
#   code: 'ERR_MODULE_NOT_FOUND',
#   url: 'file:///Users/zubair/Code/Projects/pdf%20project/worktrees/pdf-3oz/packages/reports/src/index.ts'
# }
# Node.js v22.23.2
# Subtest: CSP refuses noneWithWildcard
not ok 1 - CSP refuses noneWithWildcard
  ---
  duration_ms: 2.461875
  type: 'test'
  location: '/Users/zubair/Code/Projects/pdf project/worktrees/pdf-3oz/tests/security/import/followup-3oz.test.mjs:29:3'
  failureType: 'testCodeFailure'
  error: 'Missing expected exception.'
  code: 'ERR_ASSERTION'
  name: 'AssertionError'
  stack: |-
    TestContext.<anonymous> (file:///Users/zubair/Code/Projects/pdf%20project/worktrees/pdf-3oz/tests/security/import/followup-3oz.test.mjs:29:44)
    Test.runInAsyncScope (node:async_hooks:214:14)
    Test.run (node:internal/test_runner/test:1047:25)
    Test.start (node:internal/test_runner/test:944:17)
    startSubtestAfterBootstrap (node:internal/test_runner/harness:296:17)
  ...
# Subtest: CSP refuses duplicate
not ok 2 - CSP refuses duplicate
  ---
  duration_ms: 0.22425
  type: 'test'
  location: '/Users/zubair/Code/Projects/pdf project/worktrees/pdf-3oz/tests/security/import/followup-3oz.test.mjs:29:3'
  failureType: 'testCodeFailure'
  error: 'Missing expected exception.'
  code: 'ERR_ASSERTION'
  name: 'AssertionError'
  stack: |-
    TestContext.<anonymous> (file:///Users/zubair/Code/Projects/pdf%20project/worktrees/pdf-3oz/tests/security/import/followup-3oz.test.mjs:29:44)
    Test.runInAsyncScope (node:async_hooks:214:14)
    Test.run (node:internal/test_runner/test:1047:25)
    Test.processPendingSubtests (node:internal/test_runner/test:744:18)
    Test.postRun (node:internal/test_runner/test:1173:19)
    Test.run (node:internal/test_runner/test:1101:12)
    async startSubtestAfterBootstrap (node:internal/test_runner/harness:296:3)
  ...
# Subtest: CSP refuses directiveSubstring
not ok 3 - CSP refuses directiveSubstring
  ---
  duration_ms: 0.067625
  type: 'test'
  location: '/Users/zubair/Code/Projects/pdf project/worktrees/pdf-3oz/tests/security/import/followup-3oz.test.mjs:29:3'
  failureType: 'testCodeFailure'
  error: 'Missing expected exception.'
  code: 'ERR_ASSERTION'
  name: 'AssertionError'
  stack: |-
    TestContext.<anonymous> (file:///Users/zubair/Code/Projects/pdf%20project/worktrees/pdf-3oz/tests/security/import/followup-3oz.test.mjs:29:44)
    Test.runInAsyncScope (node:async_hooks:214:14)
    Test.run (node:internal/test_runner/test:1047:25)
    Test.processPendingSubtests (node:internal/test_runner/test:744:18)
    Test.postRun (node:internal/test_runner/test:1173:19)
    Test.run (node:internal/test_runner/test:1101:12)
    async Test.processPendingSubtests (node:internal/test_runner/test:744:7)
  ...
# Subtest: CSP refuses imageHost
not ok 4 - CSP refuses imageHost
  ---
  duration_ms: 0.060792
  type: 'test'
  location: '/Users/zubair/Code/Projects/pdf project/worktrees/pdf-3oz/tests/security/import/followup-3oz.test.mjs:29:3'
  failureType: 'testCodeFailure'
  error: 'Missing expected exception.'
  code: 'ERR_ASSERTION'
  name: 'AssertionError'
  stack: |-
    TestContext.<anonymous> (file:///Users/zubair/Code/Projects/pdf%20project/worktrees/pdf-3oz/tests/security/import/followup-3oz.test.mjs:29:44)
    Test.runInAsyncScope (node:async_hooks:214:14)
    Test.run (node:internal/test_runner/test:1047:25)
    Test.processPendingSubtests (node:internal/test_runner/test:744:18)
    Test.postRun (node:internal/test_runner/test:1173:19)
    Test.run (node:internal/test_runner/test:1101:12)
    async Test.processPendingSubtests (node:internal/test_runner/test:744:7)
  ...
# Subtest: CSP refuses scriptOverride
not ok 5 - CSP refuses scriptOverride
  ---
  duration_ms: 0.1125
  type: 'test'
  location: '/Users/zubair/Code/Projects/pdf project/worktrees/pdf-3oz/tests/security/import/followup-3oz.test.mjs:29:3'
  failureType: 'testCodeFailure'
  error: 'Missing expected exception.'
  code: 'ERR_ASSERTION'
  name: 'AssertionError'
  stack: |-
    TestContext.<anonymous> (file:///Users/zubair/Code/Projects/pdf%20project/worktrees/pdf-3oz/tests/security/import/followup-3oz.test.mjs:29:44)
    Test.runInAsyncScope (node:async_hooks:214:14)
    Test.run (node:internal/test_runner/test:1047:25)
    Test.processPendingSubtests (node:internal/test_runner/test:744:18)
    Test.postRun (node:internal/test_runner/test:1173:19)
    Test.run (node:internal/test_runner/test:1101:12)
    async Test.processPendingSubtests (node:internal/test_runner/test:744:7)
  ...
# Subtest: CSP refuses styleWildcard
not ok 6 - CSP refuses styleWildcard
  ---
  duration_ms: 0.047417
  type: 'test'
  location: '/Users/zubair/Code/Projects/pdf project/worktrees/pdf-3oz/tests/security/import/followup-3oz.test.mjs:29:3'
  failureType: 'testCodeFailure'
  error: 'Missing expected exception.'
  code: 'ERR_ASSERTION'
  name: 'AssertionError'
  stack: |-
    TestContext.<anonymous> (file:///Users/zubair/Code/Projects/pdf%20project/worktrees/pdf-3oz/tests/security/import/followup-3oz.test.mjs:29:44)
    Test.runInAsyncScope (node:async_hooks:214:14)
    Test.run (node:internal/test_runner/test:1047:25)
    Test.processPendingSubtests (node:internal/test_runner/test:744:18)
    Test.postRun (node:internal/test_runner/test:1173:19)
    Test.run (node:internal/test_runner/test:1101:12)
    async Test.processPendingSubtests (node:internal/test_runner/test:744:7)
  ...
# Subtest: CSP must be a real early meta attribute, never text in another value
not ok 7 - CSP must be a real early meta attribute, never text in another value
  ---
  duration_ms: 0.083458
  type: 'test'
  location: '/Users/zubair/Code/Projects/pdf project/worktrees/pdf-3oz/tests/security/import/followup-3oz.test.mjs:32:1'
  failureType: 'testCodeFailure'
  error: 'Missing expected exception.'
  code: 'ERR_ASSERTION'
  name: 'AssertionError'
  stack: |-
    TestContext.<anonymous> (file:///Users/zubair/Code/Projects/pdf%20project/worktrees/pdf-3oz/tests/security/import/followup-3oz.test.mjs:39:35)
    Test.runInAsyncScope (node:async_hooks:214:14)
    Test.run (node:internal/test_runner/test:1047:25)
    Test.processPendingSubtests (node:internal/test_runner/test:744:18)
    Test.postRun (node:internal/test_runner/test:1173:19)
    Test.run (node:internal/test_runner/test:1101:12)
    async Test.processPendingSubtests (node:internal/test_runner/test:744:7)
  ...
# Subtest: CSS tripwire checks encoded/comment-separated constructs: @\\69mport "https://example.invalid/x";
not ok 8 - CSS tripwire checks encoded/comment-separated constructs: @\\69mport "https://example.invalid/x";
  ---
  duration_ms: 0.086334
  type: 'test'
  location: '/Users/zubair/Code/Projects/pdf project/worktrees/pdf-3oz/tests/security/import/followup-3oz.test.mjs:43:3'
  failureType: 'testCodeFailure'
  error: 'Missing expected exception.'
  code: 'ERR_ASSERTION'
  name: 'AssertionError'
  stack: |-
    TestContext.<anonymous> (file:///Users/zubair/Code/Projects/pdf%20project/worktrees/pdf-3oz/tests/security/import/followup-3oz.test.mjs:44:12)
    Test.runInAsyncScope (node:async_hooks:214:14)
    Test.run (node:internal/test_runner/test:1047:25)
    Test.processPendingSubtests (node:internal/test_runner/test:744:18)
    Test.postRun (node:internal/test_runner/test:1173:19)
    Test.run (node:internal/test_runner/test:1101:12)
    async Test.processPendingSubtests (node:internal/test_runner/test:744:7)
  ...
# Subtest: CSS tripwire checks encoded/comment-separated constructs: p{background:u\\72l(https://example.invalid/x)}
not ok 9 - CSS tripwire checks encoded/comment-separated constructs: p{background:u\\72l(https://example.invalid/x)}
  ---
  duration_ms: 0.293208
  type: 'test'
  location: '/Users/zubair/Code/Projects/pdf project/worktrees/pdf-3oz/tests/security/import/followup-3oz.test.mjs:43:3'
  failureType: 'testCodeFailure'
  error: 'Missing expected exception.'
  code: 'ERR_ASSERTION'
  name: 'AssertionError'
  stack: |-
    TestContext.<anonymous> (file:///Users/zubair/Code/Projects/pdf%20project/worktrees/pdf-3oz/tests/security/import/followup-3oz.test.mjs:44:12)
    Test.runInAsyncScope (node:async_hooks:214:14)
    Test.run (node:internal/test_runner/test:1047:25)
    Test.processPendingSubtests (node:internal/test_runner/test:744:18)
    Test.postRun (node:internal/test_runner/test:1173:19)
    Test.run (node:internal/test_runner/test:1101:12)
    async Test.processPendingSubtests (node:internal/test_runner/test:744:7)
  ...
# Subtest: CSS tripwire checks encoded/comment-separated constructs: p{background:url/**/(https://example.invalid/x)}
not ok 10 - CSS tripwire checks encoded/comment-separated constructs: p{background:url/**/(https://example.invalid/x)}
  ---
  duration_ms: 0.236167
  type: 'test'
  location: '/Users/zubair/Code/Projects/pdf project/worktrees/pdf-3oz/tests/security/import/followup-3oz.test.mjs:43:3'
  failureType: 'testCodeFailure'
  error: 'Missing expected exception.'
  code: 'ERR_ASSERTION'
  name: 'AssertionError'
  stack: |-
    TestContext.<anonymous> (file:///Users/zubair/Code/Projects/pdf%20project/worktrees/pdf-3oz/tests/security/import/followup-3oz.test.mjs:44:12)
    Test.runInAsyncScope (node:async_hooks:214:14)
    Test.run (node:internal/test_runner/test:1047:25)
    Test.processPendingSubtests (node:internal/test_runner/test:744:18)
    Test.postRun (node:internal/test_runner/test:1173:19)
    Test.run (node:internal/test_runner/test:1101:12)
    async Test.processPendingSubtests (node:internal/test_runner/test:744:7)
  ...
# Subtest: CSS tripwire checks encoded/comment-separated constructs: p{x:vbscript:alert(1)}
not ok 11 - CSS tripwire checks encoded/comment-separated constructs: p{x:vbscript:alert(1)}
  ---
  duration_ms: 0.157667
  type: 'test'
  location: '/Users/zubair/Code/Projects/pdf project/worktrees/pdf-3oz/tests/security/import/followup-3oz.test.mjs:43:3'
  failureType: 'testCodeFailure'
  error: 'Missing expected exception.'
  code: 'ERR_ASSERTION'
  name: 'AssertionError'
  stack: |-
    TestContext.<anonymous> (file:///Users/zubair/Code/Projects/pdf%20project/worktrees/pdf-3oz/tests/security/import/followup-3oz.test.mjs:44:12)
    Test.runInAsyncScope (node:async_hooks:214:14)
    Test.run (node:internal/test_runner/test:1047:25)
    Test.processPendingSubtests (node:internal/test_runner/test:744:18)
    Test.postRun (node:internal/test_runner/test:1173:19)
    Test.run (node:internal/test_runner/test:1101:12)
    async Test.processPendingSubtests (node:internal/test_runner/test:744:7)
  ...
# Subtest: styles must close and match their exact CSP hash
not ok 12 - styles must close and match their exact CSP hash
  ---
  duration_ms: 0.066459
  type: 'test'
  location: '/Users/zubair/Code/Projects/pdf project/worktrees/pdf-3oz/tests/security/import/followup-3oz.test.mjs:48:1'
  failureType: 'testCodeFailure'
  error: 'Missing expected exception.'
  code: 'ERR_ASSERTION'
  name: 'AssertionError'
  stack: |-
    TestContext.<anonymous> (file:///Users/zubair/Code/Projects/pdf%20project/worktrees/pdf-3oz/tests/security/import/followup-3oz.test.mjs:49:10)
    Test.runInAsyncScope (node:async_hooks:214:14)
    Test.run (node:internal/test_runner/test:1047:25)
    Test.processPendingSubtests (node:internal/test_runner/test:744:18)
    Test.postRun (node:internal/test_runner/test:1173:19)
    Test.run (node:internal/test_runner/test:1101:12)
    async Test.processPendingSubtests (node:internal/test_runner/test:744:7)
  ...
# Subtest: PNG refuses malformed chunk ordering: duplicateHeader
not ok 13 - PNG refuses malformed chunk ordering: duplicateHeader
  ---
  duration_ms: 1.150541
  type: 'test'
  location: '/Users/zubair/Code/Projects/pdf project/worktrees/pdf-3oz/tests/security/import/followup-3oz.test.mjs:65:3'
  failureType: 'testCodeFailure'
  error: 'Missing expected exception.'
  code: 'ERR_ASSERTION'
  name: 'AssertionError'
  stack: |-
    TestContext.<anonymous> (file:///Users/zubair/Code/Projects/pdf%20project/worktrees/pdf-3oz/tests/security/import/followup-3oz.test.mjs:65:70)
    Test.runInAsyncScope (node:async_hooks:214:14)
    Test.run (node:internal/test_runner/test:1047:25)
    Test.processPendingSubtests (node:internal/test_runner/test:744:18)
    Test.postRun (node:internal/test_runner/test:1173:19)
    Test.run (node:internal/test_runner/test:1101:12)
    async Test.processPendingSubtests (node:internal/test_runner/test:744:7)
  ...
# Subtest: PNG refuses malformed chunk ordering: paletteAfterData
not ok 14 - PNG refuses malformed chunk ordering: paletteAfterData
  ---
  duration_ms: 0.162583
  type: 'test'
  location: '/Users/zubair/Code/Projects/pdf project/worktrees/pdf-3oz/tests/security/import/followup-3oz.test.mjs:65:3'
  failureType: 'testCodeFailure'
  error: 'Missing expected exception.'
  code: 'ERR_ASSERTION'
  name: 'AssertionError'
  stack: |-
    TestContext.<anonymous> (file:///Users/zubair/Code/Projects/pdf%20project/worktrees/pdf-3oz/tests/security/import/followup-3oz.test.mjs:65:70)
    Test.runInAsyncScope (node:async_hooks:214:14)
    Test.run (node:internal/test_runner/test:1047:25)
    Test.processPendingSubtests (node:internal/test_runner/test:744:18)
    Test.postRun (node:internal/test_runner/test:1173:19)
    Test.run (node:internal/test_runner/test:1101:12)
    async Test.processPendingSubtests (node:internal/test_runner/test:744:7)
  ...
# Subtest: PNG refuses malformed chunk ordering: splitData
not ok 15 - PNG refuses malformed chunk ordering: splitData
  ---
  duration_ms: 0.1445
  type: 'test'
  location: '/Users/zubair/Code/Projects/pdf project/worktrees/pdf-3oz/tests/security/import/followup-3oz.test.mjs:65:3'
  failureType: 'testCodeFailure'
  error: 'Missing expected exception.'
  code: 'ERR_ASSERTION'
  name: 'AssertionError'
  stack: |-
    TestContext.<anonymous> (file:///Users/zubair/Code/Projects/pdf%20project/worktrees/pdf-3oz/tests/security/import/followup-3oz.test.mjs:65:70)
    Test.runInAsyncScope (node:async_hooks:214:14)
    Test.run (node:internal/test_runner/test:1047:25)
    Test.processPendingSubtests (node:internal/test_runner/test:744:18)
    Test.postRun (node:internal/test_runner/test:1173:19)
    Test.run (node:internal/test_runner/test:1101:12)
    async Test.processPendingSubtests (node:internal/test_runner/test:744:7)
  ...
# Subtest: PNG refuses malformed chunk ordering: duplicateTransparency
ok 16 - PNG refuses malformed chunk ordering: duplicateTransparency
  ---
  duration_ms: 0.19
  type: 'test'
  ...
# Subtest: consecutive IDAT chunks and ignored ancillary metadata remain valid
ok 17 - consecutive IDAT chunks and ignored ancillary metadata remain valid
  ---
  duration_ms: 0.740416
  type: 'test'
  ...
# Subtest: valid literal-only deflate accepts an empty distance table
not ok 18 - valid literal-only deflate accepts an empty distance table
  ---
  duration_ms: 0.591333
  type: 'test'
  location: '/Users/zubair/Code/Projects/pdf project/worktrees/pdf-3oz/tests/security/import/followup-3oz.test.mjs:93:1'
  failureType: 'testCodeFailure'
  error: 'PNG: Incomplete Huffman code set'
  code: 'PNG'
  name: 'InflateError'
  stack: |-
    fail (file:///Users/zubair/Code/Projects/pdf%20project/worktrees/pdf-3oz/packages/reports/validation/inflate.ts:64:9)
    buildTable (file:///Users/zubair/Code/Projects/pdf%20project/worktrees/pdf-3oz/packages/reports/validation/inflate.ts:138:5)
    dynamicTables (file:///Users/zubair/Code/Projects/pdf%20project/worktrees/pdf-3oz/packages/reports/validation/inflate.ts:225:11)
    inflateZlib (file:///Users/zubair/Code/Projects/pdf%20project/worktrees/pdf-3oz/packages/reports/validation/inflate.ts:307:29)
    TestContext.<anonymous> (file:///Users/zubair/Code/Projects/pdf%20project/worktrees/pdf-3oz/tests/security/import/followup-3oz.test.mjs:96:20)
    Test.runInAsyncScope (node:async_hooks:214:14)
    Test.run (node:internal/test_runner/test:1047:25)
    Test.processPendingSubtests (node:internal/test_runner/test:744:18)
    Test.postRun (node:internal/test_runner/test:1173:19)
    Test.run (node:internal/test_runner/test:1101:12)
  ...
# Subtest: import string limits cover keys, array strings and only real root asset payloads
not ok 19 - import string limits cover keys, array strings and only real root asset payloads
  ---
  duration_ms: 0.526458
  type: 'test'
  location: '/Users/zubair/Code/Projects/pdf project/worktrees/pdf-3oz/tests/security/import/followup-3oz.test.mjs:100:1'
  failureType: 'testCodeFailure'
  error: 'Missing expected exception.'
  code: 'ERR_ASSERTION'
  name: 'AssertionError'
  stack: |-
    TestContext.<anonymous> (file:///Users/zubair/Code/Projects/pdf%20project/worktrees/pdf-3oz/tests/security/import/followup-3oz.test.mjs:103:12)
    Test.runInAsyncScope (node:async_hooks:214:14)
    Test.run (node:internal/test_runner/test:1047:25)
    Test.processPendingSubtests (node:internal/test_runner/test:744:18)
    Test.postRun (node:internal/test_runner/test:1173:19)
    Test.run (node:internal/test_runner/test:1101:12)
    async Test.processPendingSubtests (node:internal/test_runner/test:744:7)
  ...
# Subtest: imports cannot opt out of identity verification
not ok 20 - imports cannot opt out of identity verification
  ---
  duration_ms: 11.291583
  type: 'test'
  location: '/Users/zubair/Code/Projects/pdf project/worktrees/pdf-3oz/tests/security/import/followup-3oz.test.mjs:110:1'
  failureType: 'testCodeFailure'
  error: 'Missing expected exception.'
  code: 'ERR_ASSERTION'
  name: 'AssertionError'
  stack: |-
    TestContext.<anonymous> (file:///Users/zubair/Code/Projects/pdf%20project/worktrees/pdf-3oz/tests/security/import/followup-3oz.test.mjs:115:12)
    Test.runInAsyncScope (node:async_hooks:214:14)
    Test.run (node:internal/test_runner/test:1047:25)
    Test.processPendingSubtests (node:internal/test_runner/test:744:18)
    Test.postRun (node:internal/test_runner/test:1173:19)
    Test.run (node:internal/test_runner/test:1101:12)
    async Test.processPendingSubtests (node:internal/test_runner/test:744:7)
  ...
# Subtest: unpaired surrogates cannot be replaced during string input encoding
not ok 21 - unpaired surrogates cannot be replaced during string input encoding
  ---
  duration_ms: 0.871917
  type: 'test'
  location: '/Users/zubair/Code/Projects/pdf project/worktrees/pdf-3oz/tests/security/import/followup-3oz.test.mjs:121:1'
  failureType: 'testCodeFailure'
  error: |-
    The validation function is expected to return "true". Received false
    
    Caught error:
    
    ContractError: SCHEMA: oneOf alternatives matched 0 times
  code: 'ERR_ASSERTION'
  name: 'AssertionError'
  stack: |-
    TestContext.<anonymous> (file:///Users/zubair/Code/Projects/pdf%20project/worktrees/pdf-3oz/tests/security/import/followup-3oz.test.mjs:122:10)
    Test.runInAsyncScope (node:async_hooks:214:14)
    Test.run (node:internal/test_runner/test:1047:25)
    Test.processPendingSubtests (node:internal/test_runner/test:744:18)
    Test.postRun (node:internal/test_runner/test:1173:19)
    Test.run (node:internal/test_runner/test:1101:12)
    async Test.processPendingSubtests (node:internal/test_runner/test:744:7)
  ...
# Subtest: reports package self-reference resolves its maintained validation entry
not ok 22 - reports package self-reference resolves its maintained validation entry
  ---
  duration_ms: 28.048541
  type: 'test'
  location: '/Users/zubair/Code/Projects/pdf project/worktrees/pdf-3oz/tests/security/import/followup-3oz.test.mjs:125:1'
  failureType: 'testCodeFailure'
  error: |-
    Command failed: /Users/zubair/.local/share/mise/installs/node/22.23.2/bin/node --input-type=module -e import { importReport } from "@inkflip/reports"; process.stdout.write(typeof importReport)
    node:internal/modules/esm/resolve:275
        throw new ERR_MODULE_NOT_FOUND(
              ^
    
    Error [ERR_MODULE_NOT_FOUND]: Cannot find module '/Users/zubair/Code/Projects/pdf project/worktrees/pdf-3oz/packages/reports/src/index.ts' imported from /Users/zubair/Code/Projects/pdf project/worktrees/pdf-3oz/packages/reports/[eval1]
        at finalizeResolution (node:internal/modules/esm/resolve:275:11)
        at moduleResolve (node:internal/modules/esm/resolve:861:10)
        at defaultResolve (node:internal/modules/esm/resolve:985:11)
        at #cachedDefaultResolve (node:internal/modules/esm/loader:747:20)
        at ModuleLoader.resolve (node:internal/modules/esm/loader:724:38)
        at ModuleLoader.getModuleJobForImport (node:internal/modules/esm/loader:320:38)
        at ModuleJob._link (node:internal/modules/esm/module_job:182:49) {
      code: 'ERR_MODULE_NOT_FOUND',
      url: 'file:///Users/zubair/Code/Projects/pdf%20project/worktrees/pdf-3oz/packages/reports/src/index.ts'
    }
    
    Node.js v22.23.2
    
  code: 'ERR_TEST_FAILURE'
  stack: |-
    finalizeResolution (node:internal/modules/esm/resolve:275:11)
    moduleResolve (node:internal/modules/esm/resolve:861:10)
    defaultResolve (node:internal/modules/esm/resolve:985:11)
    #cachedDefaultResolve (node:internal/modules/esm/loader:747:20)
    ModuleLoader.resolve (node:internal/modules/esm/loader:724:38)
    ModuleLoader.getModuleJobForImport (node:internal/modules/esm/loader:320:38)
    ModuleJob._link (node:internal/modules/esm/module_job:182:49) {
    genericNodeError (node:internal/errors:983:15)
    wrappedFn (node:internal/errors:537:14)
    checkExecSyncError (node:child_process:916:11)
    execFileSync (node:child_process:952:15)
    TestContext.<anonymous> (file:///Users/zubair/Code/Projects/pdf%20project/worktrees/pdf-3oz/tests/security/import/followup-3oz.test.mjs:127:16)
    Test.runInAsyncScope (node:async_hooks:214:14)
    Test.run (node:internal/test_runner/test:1047:25)
    Test.processPendingSubtests (node:internal/test_runner/test:744:18)
    Test.postRun (node:internal/test_runner/test:1173:19)
    Test.run (node:internal/test_runner/test:1101:12)
  ...
# Subtest: HTML image references require a complete strict PNG data URL
not ok 23 - HTML image references require a complete strict PNG data URL
  ---
  duration_ms: 0.146
  type: 'test'
  location: '/Users/zubair/Code/Projects/pdf project/worktrees/pdf-3oz/tests/security/import/followup-3oz.test.mjs:130:1'
  failureType: 'testCodeFailure'
  error: 'Missing expected exception.'
  code: 'ERR_ASSERTION'
  name: 'AssertionError'
  stack: |-
    TestContext.<anonymous> (file:///Users/zubair/Code/Projects/pdf%20project/worktrees/pdf-3oz/tests/security/import/followup-3oz.test.mjs:134:12)
    Test.runInAsyncScope (node:async_hooks:214:14)
    Test.run (node:internal/test_runner/test:1047:25)
    Test.processPendingSubtests (node:internal/test_runner/test:744:18)
    Test.postRun (node:internal/test_runner/test:1173:19)
    Test.run (node:internal/test_runner/test:1101:12)
    async Test.processPendingSubtests (node:internal/test_runner/test:744:7)
  ...
# Subtest: the export test double refuses missing sanitized image bytes
not ok 24 - the export test double refuses missing sanitized image bytes
  ---
  duration_ms: 0.60925
  type: 'test'
  location: '/Users/zubair/Code/Projects/pdf project/worktrees/pdf-3oz/tests/security/import/followup-3oz.test.mjs:141:1'
  failureType: 'testCodeFailure'
  error: 'Missing expected exception.'
  code: 'ERR_ASSERTION'
  name: 'AssertionError'
  expected:
  operator: 'throws'
  stack: |-
    TestContext.<anonymous> (file:///Users/zubair/Code/Projects/pdf%20project/worktrees/pdf-3oz/tests/security/import/followup-3oz.test.mjs:145:10)
    Test.runInAsyncScope (node:async_hooks:214:14)
    Test.run (node:internal/test_runner/test:1047:25)
    Test.processPendingSubtests (node:internal/test_runner/test:744:18)
    Test.postRun (node:internal/test_runner/test:1173:19)
    Test.run (node:internal/test_runner/test:1101:12)
    async Test.processPendingSubtests (node:internal/test_runner/test:744:7)
  ...
1..24
# tests 24
# suites 0
# pass 2
# fail 22
# cancelled 0
# skipped 0
# todo 0
# duration_ms 172.879833
