T19 commands.log — exact commands and verbatim results
Worktree: /Users/zubair/Code/Projects/pdf project/original/worktrees/pdf-t19
Branch: work/devin/t19   Base: 25bb2b9   Worker: devin-t19
All commands run from the worktree root unless noted.

======================================================================
$ bun run build
✓ built in ~630ms (vite production build; all changed sources compile)
Exit: 0

======================================================================
$ bunx playwright test tests/browser/large-mobile.spec.ts
Running 5 tests using 1 worker
  ✓ 1,000-page metadata plan stays bounded and every page is reachable
  ✓ selected native/OCR limits are visible on the open document
  ✓ 320px layout: controls stack and stay usable, mobile profile engages
  ✓ oversized edges are rejected before allocation
  ✓ cancellation leaves coherent partial state and next file opens cleanly
5 passed (6.7s)
Exit: 0

======================================================================
$ bun run test:browser -- tests/browser/large-mobile.spec.ts
(registered command → python3 scripts/task_acceptance.py run test:browser ...)
Running 5 tests using 1 worker
  5 passed (7.1s)
Exit: 0

======================================================================
Regression sweep over surfaces the change touches:
$ bun run test:browser -- tests/browser/open.spec.ts
13 passed (11.2s)
Exit: 0

$ bun run test:browser -- tests/browser/viewer.spec.ts tests/gates/g1.spec.ts
14 passed (6.7s)
Exit: 0
(G1/viewer artifacts regenerated by those runs were restored — they belong
to T18/T13 scope and are re-produced by the coordinator at merge.)

======================================================================
$ bunx oxlint apps/web/src/features/open apps/web/src/features/selection \
    apps/web/src/features/inspect/session.ts tests/browser/large-mobile.spec.ts
Found 1 warning and 0 errors.
Exit: 0
(The single no-useless-spread warning is at session.ts:874 — pre-existing on
base 25bb2b9, outside this task's diff. oxlint/oxfmt are dev-only tools with
no registered gate; no config file exists in the repo.)

======================================================================
Effective contract command (per `coordination.py task T19`):
  bun run test:browser -- tests/browser/large-mobile.spec.ts
Executed via scripts/task_acceptance.py `task T19`; see run.json.
