# T13 Command Execution Log
# Timestamp: 2026-09-12T15:39:40+00:00
# Worker: antigravity-t13
# Task: T13 (Integrate page/text/compare viewer and exact evidence navigation)
# Branch: work/antigravity/t13
# Base: 96ab5351c953ec128b09a5be3da718f163447fa3
# Implementation Commit: ab38b9e5afbda714477b9107a22ebde1bf80ef87

$ git status --porcelain
?? apps/web/src/features/viewer/
?? apps/web/src/pages/
?? tests/browser/viewer.spec.ts

$ grep -E "#[0-9a-fA-F]{3,8}|rgba?\(" apps/web/src/features/viewer/*.css apps/web/src/pages/*.css
exit 1 (0 raw hex or rgba color literals found; all styles strictly consume CSS custom properties from tokens.css)

$ bun x oxlint apps/web/src/features/viewer apps/web/src/pages apps/web/src/App.tsx tests/browser/viewer.spec.ts
Found 0 warnings and 0 errors.
exit 0

$ bun x oxfmt --check apps/web/src/pages/Workspace.tsx apps/web/src/pages/Home.tsx apps/web/src/features/viewer/ViewerStage.tsx apps/web/src/features/viewer/CanvasOverlay.tsx tests/browser/viewer.spec.ts
Checking formatting...
All matched files use the correct format.
exit 0

$ bun run build:web
$ python3 scripts/task_acceptance.py run build:web
vite v8.3.0 building client environment for production...
transforming...
✓ 34 modules transformed.
rendering chunks...
computing gzip size...
dist/index.html                   0.55 kB │ gzip:  0.33 kB
dist/assets/index-D2BTq5tQ.css   18.15 kB │ gzip:  3.75 kB
dist/assets/index-D2GHQxMa.js   225.17 kB │ gzip: 69.66 kB
✓ built in 103ms
exit 0

$ bun run test:browser -- tests/browser/viewer.spec.ts
$ python3 scripts/task_acceptance.py run test:browser tests/browser/viewer.spec.ts
Running 6 tests using 1 worker
[1/6] tests/browser/viewer.spec.ts:45:3 › T13: Integrated Viewer & Evidence Navigation › criterion 1: click/keyboard finding selects correct duplicate/page after zoom and rotation
[2/6] tests/browser/viewer.spec.ts:109:3 › T13: Integrated Viewer & Evidence Navigation › criterion 2: two views sync without scroll loop in compare mode
[3/6] tests/browser/viewer.spec.ts:157:3 › T13: Integrated Viewer & Evidence Navigation › criterion 3: narrow screen stacks instead of squeezing in compare mode
[4/6] tests/browser/viewer.spec.ts:194:3 › T13: Integrated Viewer & Evidence Navigation › criterion 4: unknown/page-only geometry stays page-level and does not draw coordinate box
[5/6] tests/browser/viewer.spec.ts:228:3 › T13: Integrated Viewer & Evidence Navigation › criterion 5: canvas has equivalent reachable content and limits (WCAG 2.2 AA)
[6/6] tests/browser/viewer.spec.ts:263:3 › T13: Integrated Viewer & Evidence Navigation › document open and report import entry integration (P1-F1)
  6 passed (3.1s)
exit 0

$ bun run verify
$ python3 scripts/task_acceptance.py run verify
self-check: 16 commands in config/acceptance-commands.json
Ran 49 tests (test:bootstrap) -> OK
Ran 2 tests (test:native-bootstrap) -> OK
Ran 65 tests (check:coordination) -> OK
exit 0 (116/116 passed)

$ python3 scripts/task_acceptance.py task T13 --report artifacts/tasks/T13/run.json
Running 6 tests using 1 worker
  6 passed (3.1s)
exit 0

$ python3 scripts/acceptance_receipts.py verify-run T13
{"verified": "T13", "tests": {"collected": 6, "passed": 6, "failed": 0, "skipped": 0}}
exit 0

# Round-3 Revisions (Addressing R3 findings: polygon: null occurrences, host seams wiring, FileDrop test)
# Implementation commit: 77d904684fac425aaf7fbdd570454410d9a8e1df

$ bun run test:browser -- tests/browser/viewer.spec.ts
$ python3 scripts/task_acceptance.py run test:browser tests/browser/viewer.spec.ts
Running 11 tests using 1 worker
[1/11] tests/browser/viewer.spec.ts:45:3 › T13: Integrated Viewer & Evidence Navigation › criterion 1: click/keyboard finding selects correct duplicate/page after zoom and rotation
[2/11] tests/browser/viewer.spec.ts:109:3 › T13: Integrated Viewer & Evidence Navigation › criterion 2: two views sync without scroll loop in compare mode
[3/11] tests/browser/viewer.spec.ts:157:3 › T13: Integrated Viewer & Evidence Navigation › criterion 3: narrow screen stacks instead of squeezing in compare mode
[4/11] tests/browser/viewer.spec.ts:194:3 › T13: Integrated Viewer & Evidence Navigation › criterion 4: unknown/page-only geometry stays page-level and does not draw coordinate box
[5/11] tests/browser/viewer.spec.ts:228:3 › T13: Integrated Viewer & Evidence Navigation › criterion 5: canvas has equivalent reachable content and limits (WCAG 2.2 AA)
[6/11] tests/browser/viewer.spec.ts:263:3 › T13: Integrated Viewer & Evidence Navigation › document open and report import entry integration (P1-F1)
[7/11] tests/browser/viewer.spec.ts:292:3 › T13: Integrated Viewer & Evidence Navigation › home landing view does not overflow at 360px viewport (P2-F2)
[8/11] tests/browser/viewer.spec.ts:309:3 › T13: Integrated Viewer & Evidence Navigation › report import rejects degenerate/invalid JSON without white-screen crash (P2)
[9/11] tests/browser/viewer.spec.ts:340:3 › T13: Integrated Viewer & Evidence Navigation › PDF open candidate validation rejects non-PDF and does not fabricate findings (P1)
[10/11] tests/browser/viewer.spec.ts:376:3 › T13: Integrated Viewer & Evidence Navigation › canonical report import accepts page-level occurrences with polygon: null (P1)
[11/11] tests/browser/viewer.spec.ts:434:3 › T13: Integrated Viewer & Evidence Navigation › FileDrop drag-and-drop handles PDF candidate validation (P3)
  11 passed (4.1s)
exit 0

$ bun run build:web
$ python3 scripts/task_acceptance.py run build:web
vite v8.3.0 building client environment for production...
✓ 51 modules transformed.
dist/index.html                   0.55 kB │ gzip:  0.33 kB
dist/assets/index-CK80oKyc.css   20.13 kB │ gzip:  4.01 kB
dist/assets/index-BqjCALFT.js   229.93 kB │ gzip: 71.16 kB
✓ built in 212ms
exit 0

$ bun run verify
Ran 49 tests (test:bootstrap) -> OK
Ran 2 tests (test:native-bootstrap) -> OK
Ran 65 tests (check:coordination) -> OK
exit 0 (116/116 passed)

$ python3 scripts/task_acceptance.py task T13 --report artifacts/tasks/T13/run.json
Running 11 tests using 1 worker
  11 passed (4.1s)
exit 0

$ python3 scripts/acceptance_receipts.py verify-run T13
{"verified": "T13", "tests": {"collected": 11, "passed": 11, "failed": 0, "skipped": 0}}
exit 0

