TAP version 13
# Subtest: real engine initializes and reinitializes from exact model bytes with unavailable
ok 1 - real engine initializes and reinitializes from exact model bytes with unavailable
  ---
  duration_ms: 719.234875
  type: 'test'
  ...
# Subtest: real engine initializes and reinitializes from exact model bytes with corrupt-cache
ok 2 - real engine initializes and reinitializes from exact model bytes with corrupt-cache
  ---
  duration_ms: 176.365375
  type: 'test'
  ...
1..2
# tests 2
# suites 0
# pass 2
# fail 0
# cancelled 0
# skipped 0
# todo 0
# duration_ms 2286.306292
