TAP version 13
# Subtest: already aborted signal prevents worker creation
ok 1 - already aborted signal prevents worker creation
  ---
  duration_ms: 12.121333
  type: 'test'
  ...
# Subtest: abort physically terminates a stalled load and settles readiness
ok 2 - abort physically terminates a stalled load and settles readiness
  ---
  duration_ms: 0.684458
  type: 'test'
  ...
# Subtest: load rejection releases the worker and settles readiness
ok 3 - load rejection releases the worker and settles readiness
  ---
  duration_ms: 0.310667
  type: 'test'
  ...
# Subtest: abort physically terminates a stalled loadLanguage and settles readiness
ok 4 - abort physically terminates a stalled loadLanguage and settles readiness
  ---
  duration_ms: 0.403792
  type: 'test'
  ...
# Subtest: loadLanguage rejection releases the worker and settles readiness
ok 5 - loadLanguage rejection releases the worker and settles readiness
  ---
  duration_ms: 1.946875
  type: 'test'
  ...
# Subtest: abort physically terminates a stalled initialize and settles readiness
ok 6 - abort physically terminates a stalled initialize and settles readiness
  ---
  duration_ms: 0.564792
  type: 'test'
  ...
# Subtest: initialize rejection releases the worker and settles readiness
ok 7 - initialize rejection releases the worker and settles readiness
  ---
  duration_ms: 0.511
  type: 'test'
  ...
# Subtest: raw worker error rejects initialization and releases its transport
ok 8 - raw worker error rejects initialization and releases its transport
  ---
  duration_ms: 0.366666
  type: 'test'
  ...
# Subtest: termination rejects an outstanding job and is idempotent
ok 9 - termination rejects an outstanding job and is idempotent
  ---
  duration_ms: 0.946167
  type: 'test'
  ...
# Subtest: delayed image loading cannot send a new job after cancellation
ok 10 - delayed image loading cannot send a new job after cancellation
  ---
  duration_ms: 0.660917
  type: 'test'
  ...
# Subtest: successful initialization and recognition preserve the existing protocol
not ok 11 - successful initialization and recognition preserve the existing protocol
  ---
  duration_ms: 1.539875
  type: 'test'
  location: '/Users/zubair/Code/Projects/pdf project/worktrees/pdf-q38/tests/build/tesseract-worker.test.mjs:137:1'
  failureType: 'testCodeFailure'
  error: |-
    initialize receives the language code, never model bytes
    + actual - expected
    
    + [
    +   {
    +     code: 'eng',
    +     data: Uint8Array(2) [
    +       4,
    +       5
    +     ]
    +   }
    + ]
    - 'eng'
    
  code: 'ERR_ASSERTION'
  name: 'AssertionError'
  expected: 'eng'
  actual:
    0:
      code: 'eng'
      data:
        0: 4
        1: 5
  operator: 'strictEqual'
  stack: |-
    TestContext.<anonymous> (file:///Users/zubair/Code/Projects/pdf%20project/worktrees/pdf-q38/tests/build/tesseract-worker.test.mjs:144:10)
    async Test.run (node:internal/test_runner/test:1054:7)
    async Test.processPendingSubtests (node:internal/test_runner/test:744:7)
  ...
# Subtest: mixed language payloads keep bytes for loading and codes for initialization
not ok 12 - mixed language payloads keep bytes for loading and codes for initialization
  ---
  duration_ms: 0.39075
  type: 'test'
  location: '/Users/zubair/Code/Projects/pdf project/worktrees/pdf-q38/tests/build/tesseract-worker.test.mjs:149:1'
  failureType: 'testCodeFailure'
  error: |-
    Expected values to be strictly equal:
    + actual - expected
    
    + [
    +   'eng',
    +   {
    +     code: 'ara',
    +     data: Uint8Array(3) [
    +       4,
    +       5,
    +       6
    +     ]
    +   }
    + ]
    - 'eng+ara'
    
  code: 'ERR_ASSERTION'
  name: 'AssertionError'
  expected: 'eng+ara'
  actual:
    0: 'eng'
    1:
      code: 'ara'
      data:
        0: 4
        1: 5
        2: 6
  operator: 'strictEqual'
  stack: |-
    TestContext.<anonymous> (file:///Users/zubair/Code/Projects/pdf%20project/worktrees/pdf-q38/tests/build/tesseract-worker.test.mjs:154:10)
    async Test.run (node:internal/test_runner/test:1054:7)
    async Test.processPendingSubtests (node:internal/test_runner/test:744:7)
  ...
# Subtest: reinitialization normalizes new object payloads without changing their model bytes
not ok 13 - reinitialization normalizes new object payloads without changing their model bytes
  ---
  duration_ms: 0.636042
  type: 'test'
  location: '/Users/zubair/Code/Projects/pdf project/worktrees/pdf-q38/tests/build/tesseract-worker.test.mjs:159:1'
  failureType: 'testCodeFailure'
  error: |-
    Expected values to be strictly equal:
    + actual - expected
    
    + [
    +   'eng',
    +   {
    +     code: 'ara',
    +     data: Uint8Array(2) [
    +       7,
    +       8
    +     ]
    +   }
    + ]
    - 'eng+ara'
    
  code: 'ERR_ASSERTION'
  name: 'AssertionError'
  expected: 'eng+ara'
  actual:
    0: 'eng'
    1:
      code: 'ara'
      data:
        0: 7
        1: 8
  operator: 'strictEqual'
  stack: |-
    TestContext.<anonymous> (file:///Users/zubair/Code/Projects/pdf%20project/worktrees/pdf-q38/tests/build/tesseract-worker.test.mjs:168:10)
    async Test.run (node:internal/test_runner/test:1054:7)
    async Test.processPendingSubtests (node:internal/test_runner/test:744:7)
  ...
# Subtest: string language initialization remains unchanged
ok 14 - string language initialization remains unchanged
  ---
  duration_ms: 0.255292
  type: 'test'
  ...
1..14
# tests 14
# suites 0
# pass 11
# fail 3
# cancelled 0
# skipped 0
# todo 0
# duration_ms 75.599708
