# T14 Command Execution Log
# Timestamp: 2026-09-12T11:53:43+00:00
# Worker: antigravity-t14
# Task: T14 (Implement findings, coverage and plain explanations)
# Branch: work/antigravity/t14
# Base: 546accd220a09e0fa071850671b532918d67f8b5
# Implementation Commit: 2cf02941f12b4e208e7de7a5dc55cadaf3854d36

$ git status --porcelain
?? apps/web/src/features/
?? packages/explanations/src/
?? tests/browser/

$ grep -rn "#[0-9a-fA-F]\{3,8\}" apps/web/src/features/findings/*.module.css apps/web/src/features/coverage/*.module.css
exit 1 (0 raw hex colors found; all styles strictly adhere to semantic CSS custom properties)

$ bun x oxlint apps/web/src/features packages/explanations/src tests/browser
Found 0 warnings and 0 errors.
exit 0

$ bun x oxfmt --check apps/web/src/features packages/explanations/src tests/browser
All matched files use the correct format.
exit 0

$ bun run build:packages
$ python3 scripts/task_acceptance.py run build:packages
exit 0

$ bun run build:web
$ python3 scripts/task_acceptance.py run build:web
vite v8.3.0 building client environment for production...
transforming...
✓ 18 modules transformed.
rendering chunks...
computing gzip size...
dist/index.html                   0.55 kB │ gzip:  0.33 kB
dist/assets/index-CWUH7hDd.css    3.70 kB │ gzip:  1.35 kB
dist/assets/index-DLl647JV.js   191.77 kB │ gzip: 60.54 kB
✓ built in 159ms
exit 0

$ bun run test:browser -- tests/browser/findings.spec.ts
$ python3 scripts/task_acceptance.py run test:browser tests/browser/findings.spec.ts
Running 6 tests using 1 worker
[1/6] tests/browser/findings.spec.ts:48:3 › T14: Findings, Coverage and Plain Explanations › criterion 1: normal invisible scan has no warning solely for invisibility (I11)
[2/6] tests/browser/findings.spec.ts:73:3 › T14: Findings, Coverage and Plain Explanations › criterion 2: timed-out, model-missing, and unsupported are strictly distinct (I05)
[3/6] tests/browser/findings.spec.ts:111:3 › T14: Findings, Coverage and Plain Explanations › criterion 3: zero findings cannot display clean or safe (I06)
[4/6] tests/browser/findings.spec.ts:131:3 › T14: Findings, Coverage and Plain Explanations › criterion 4: explanations come from deterministic templates and actual recorded evidence
[5/6] tests/browser/findings.spec.ts:164:3 › T14: Findings, Coverage and Plain Explanations › criterion 5: priority ordering respects selected > material_token > ordinary > informational
[6/6] tests/browser/findings.spec.ts:183:3 › T14: Findings, Coverage and Plain Explanations › criterion 6: no serious or critical automated accessibility violations (WCAG 2.2 AA)
  6 passed (2.1s)
exit 0

$ bun run verify
$ python3 scripts/task_acceptance.py run verify
self-check: 16 commands in config/acceptance-commands.json
Ran 49 tests (test:bootstrap) -> OK
Ran 2 tests (test:native-bootstrap) -> OK
Ran 65 tests (check:coordination) -> OK
exit 0 (116/116 passed)

$ python3 scripts/task_acceptance.py task T14 --report artifacts/tasks/T14/run.json
Running 6 tests using 1 worker
  6 passed (2.1s)
evaluated_commit: 2cf02941f12b4e208e7de7a5dc55cadaf3854d36
commands_run: 1, failures: [], evidence_errors: []
exit 0

$ python3 scripts/acceptance_receipts.py verify-run T14
{"verified": "T14", "tests": {"collected": 6, "passed": 6, "failed": 0, "skipped": 0}}
exit 0
