# T03 command log — captured 2026-09-11T23:03:31Z on macOS arm64 (Darwin 25.5.0)
# Host: bun 1.4.0, node v26.7.0, python3 3.14.7, uv 0.9.5
# Worktree: /Users/zubair/Code/Projects/pdf project/worktrees/pdf-t03; branch: work/devin/t03; base: 3bef697a31120d4cb32e8fa044d419bc34e32cf5

============================================================
$ node --test tests/contracts/*.test.mjs
✔ all delivered valid examples pass structural and semantic validation (17.90375ms)
✔ all delivered invalid examples fail with the expected code (18.393417ms)
✔ canonical hash vectors agree byte-for-byte (0.313917ms)
✔ reference-computed goldens agree (digests, normalize, ids, identities) (5.312375ms)
✔ strict parser rejects duplicate keys, nonfinite and unsafe values (0.218833ms)
✔ strict parser rejects lone surrogates and excessive depth (0.258667ms)
✔ strict parser accepts bytes and enforces UTF-8 (0.088334ms)
✔ __proto__ keys parse as ordinary members (0.062667ms)
✔ bounded() rejects unsafe values passed programmatically (0.094417ms)
✔ canonical() rejects unsupported or unsafe values (0.141083ms)
✔ canonical() rejects lone surrogates in strings (0.067333ms)
✔ object key order is canonical; array order is significant (1.129834ms)
✔ report digest excludes execution_id, timestamps and asset bytes only (2.854625ms)
✔ seal() computes run_key and report_id so a stale report revalidates (3.453292ms)
✔ check_hashes=False skips digest verification only (3.433209ms)
✔ readable imported occurrence ids and duplicates stay distinct (1.252375ms)
✔ occurrenceId is positional, hash based and deterministic (0.187ms)
✔ normalization preserves meaning and maps raw indexes in code points (0.063875ms)
✔ unknown schema version fails closed (0.198167ms)
✔ untrusted report validation never compiles a schema (6.280041ms)
✔ type generation is deterministic and drift-free (44.454208ms)
✔ vendored schemas are byte-identical to the authoritative schema (0.193791ms)
✔ validateJson parses and validates untrusted input in one step (0.16175ms)
✔ local task fixture: comparison and worker semantics (0.245333ms)
ℹ tests 24
ℹ suites 0
ℹ pass 24
ℹ fail 0
ℹ cancelled 0
ℹ skipped 0
ℹ todo 0
ℹ duration_ms 190.315667
[exit 0]

============================================================
$ uv run --project native python -m pytest native/tests/contracts -q
/Users/zubair/Code/Projects/pdf project/worktrees/pdf-t03/native/.venv/bin/python3: No module named pytest
[exit 1]

============================================================
# Supplementary: real pytest via ephemeral uv overlay (no manifest change;
# the suite itself is pytest-compatible unittest.TestCase).
$ uv run --project native --with pytest python -m pytest native/tests/contracts -q
......................                                   [100%]
22 passed, 88 subtests passed in 0.17s
[exit 0]

============================================================
$ uv run --project native python -m unittest discover -s native/tests/contracts -v
test_reference_goldens (test_contracts.HashVectorTests.test_reference_goldens) ... ok
test_vectors (test_contracts.HashVectorTests.test_vectors) ... ok
test_check_hashes_false (test_contracts.IdentityTests.test_check_hashes_false) ... ok
test_duplicate_text_distinct_ids (test_contracts.IdentityTests.test_duplicate_text_distinct_ids) ... ok
test_key_order_canonical_array_order_significant (test_contracts.IdentityTests.test_key_order_canonical_array_order_significant) ... ok
test_occurrence_id (test_contracts.IdentityTests.test_occurrence_id) ... ok
test_report_digest_exclusions (test_contracts.IdentityTests.test_report_digest_exclusions) ... ok
test_seal_roundtrip (test_contracts.IdentityTests.test_seal_roundtrip) ... ok
test_code_point_indexes (test_contracts.NormalizationTests.test_code_point_indexes) ... ok
test_meaning_preserved (test_contracts.NormalizationTests.test_meaning_preserved) ... ok
test_bounded_programmatic (test_contracts.StrictParseTests.test_bounded_programmatic) ... ok
test_bytes_input (test_contracts.StrictParseTests.test_bytes_input) ... ok
test_duplicate_keys (test_contracts.StrictParseTests.test_duplicate_keys) ... ok
test_malformed_json (test_contracts.StrictParseTests.test_malformed_json) ... ok
test_nonfinite_and_unsafe (test_contracts.StrictParseTests.test_nonfinite_and_unsafe) ... ok
test_surrogates_and_depth (test_contracts.StrictParseTests.test_surrogates_and_depth) ... ok
test_all_invalid_examples (test_contracts.ValidInvalidFixtureTests.test_all_invalid_examples) ... ok
test_all_valid_examples (test_contracts.ValidInvalidFixtureTests.test_all_valid_examples) ... ok
test_generated_artifacts_deterministic (test_contracts.VersionAndCompileTests.test_generated_artifacts_deterministic) ... ok
test_no_schema_compilation_on_untrusted_input (test_contracts.VersionAndCompileTests.test_no_schema_compilation_on_untrusted_input) ... ok
test_unknown_version_fails_closed (test_contracts.VersionAndCompileTests.test_unknown_version_fails_closed) ... ok
test_vendored_schema_byte_identical (test_contracts.VersionAndCompileTests.test_vendored_schema_byte_identical) ... ok

----------------------------------------------------------------------
Ran 22 tests in 0.133s

OK
[exit 0]
============================================================
$ python3 scripts/generate_contracts.py --check
Generated contract artifacts match the authoritative schema
[exit 0]

============================================================
# Strict typecheck of the generated package (no repo tsc until T02;
# ephemeral pinned typescript@5.9.3, no manifest change).
$ npx -y -p typescript@5.9.3 tsc -b packages/contracts
[exit 0]

============================================================
# Diff the reference port against planning/tools/contractlib.py
# (semantic functions must be identical; shows deliberate deltas only).
$ diff planning/tools/contractlib.py native/inkflip/contracts/core.py (function-level summary)
5c5
<     def bad_constant(s): raise ContractError('NONFINITE','Nonfinite number')
---
>     def bad_constant(s):
8c8
< def digest(value: Any) -> str: return hashlib.sha256(canonical(value)).hexdigest()
---
> def digest(value: Any) -> str:
12,13c12,14
< def normalize(s: str) -> tuple[str,list[dict]]:
< def apply(m,p): a,b,c,d,e,f=m;return (a*p[0]+c*p[1]+e,b*p[0]+d*p[1]+f)
---
> def occurrence_id(
> def normalize(s: str) -> tuple[str, list[dict]]:
> def apply(m, p):
16,17c17,18
< def validate(value: dict, check_hashes: bool=True) -> None:
< def validate_report(r: dict, check_hashes: bool=True) -> None:
---
> def validate(value: dict, check_hashes: bool = True) -> None:
> def validate_report(r: dict, check_hashes: bool = True) -> None:
[exit 1]

============================================================
$ cmp -s planning/contracts/inkflip.schema.json packages/contracts/schema/inkflip.schema.json && cmp -s planning/contracts/inkflip.schema.json native/inkflip/contracts/schema/inkflip.schema.json; echo vendored schemas byte-identical
vendored schemas byte-identical
[exit 0]

============================================================
$ git status --porcelain -- planning/ (must be empty)
[exit 0] planning/ byte-identical

============================================================
$ python3 scripts/task_acceptance.py run verify

----------------------------------------------------------------------
Ran 30 tests in 0.028s

OK
self-check: 16 commands in config/acceptance-commands.json
[exit 0]

============================================================
$ python3 scripts/task_acceptance.py task T03
        "passed": 24,
        "failed": 0,
        "skipped": 0
      },
      "checkout": "/Users/zubair/Code/Projects/pdf project/worktrees/pdf-t03",
      "environment": {}
    },
    {
      "segment": "uv run --project native python -m pytest native/tests/contracts -q",
      "argv": [
        "uv",
        "run",
        "--project",
        "native",
        "python",
        "-m",
        "pytest",
        "native/tests/contracts",
        "-q"
      ],
      "executed_argv": [
        "uv",
        "run",
        "--project",
        "native",
        "python",
        "-m",
        "pytest",
        "native/tests/contracts",
        "-q",
        "--junitxml=/var/folders/8t/wzpzt6_j76l5rvq3kfyx35ym0000gn/T/inkflip-tests-a0nz9o0d/results"
      ],
      "cwd": ".",
      "exit": 1,
      "error": "test evidence invalid: [Errno 2] No such file or directory: '/var/folders/8t/wzpzt6_j76l5rvq3kfyx35ym0000gn/T/inkflip-tests-a0nz9o0d/results'",
      "checkout": "/Users/zubair/Code/Projects/pdf project/worktrees/pdf-t03",
      "environment": {}
    }
  ]
}
[exit 1]
