$ python3 scripts/task_acceptance.py task T06 --report /Users/zubair/Code/Projects/pdf project/original/artifacts/tasks/T06/refresh-20260912/run.json
$ python3 scripts/task_acceptance.py run test:visual tests/visual/foundation.spec.ts
[1A[2K(node:16589) Warning: The 'NO_COLOR' env is ignored due to the 'FORCE_COLOR' env being set.
(Use `node --trace-warnings ...` to show where the warning was created)
[1A[2K(node:16589) Warning: The 'NO_COLOR' env is ignored due to the 'FORCE_COLOR' env being set.
(Use `node --trace-warnings ...` to show where the warning was created)

Running 9 tests using 1 worker





[1A[2K[1/9] tests/visual/foundation.spec.ts:53:5 › T06: Visual Foundations & Responsive Layout › width 1440px (desktop-1440) has no page horizontal overflow
[1A[2K[2/9] tests/visual/foundation.spec.ts:53:5 › T06: Visual Foundations & Responsive Layout › width 1024px (intermediate-1024) has no page horizontal overflow
[1A[2K[3/9] tests/visual/foundation.spec.ts:53:5 › T06: Visual Foundations & Responsive Layout › width 768px (intermediate-768) has no page horizontal overflow
[1A[2K[4/9] tests/visual/foundation.spec.ts:53:5 › T06: Visual Foundations & Responsive Layout › width 390px (mobile-390) has no page horizontal overflow
[1A[2K[5/9] tests/visual/foundation.spec.ts:53:5 › T06: Visual Foundations & Responsive Layout › width 320px (mobile-320) has no page horizontal overflow
[1A[2K[6/9] tests/visual/foundation.spec.ts:77:3 › T06: Visual Foundations & Responsive Layout › page and disagreement dominate the visual composition
[1A[2K[7/9] tests/visual/foundation.spec.ts:100:3 › T06: Visual Foundations & Responsive Layout › contrast checks meet stated WCAG targets on computed DOM styles
[1A[2K[8/9] tests/visual/foundation.spec.ts:144:3 › T06: Visual Foundations & Responsive Layout › reduced motion disables flips, transitions and animations
[1A[2K[9/9] tests/visual/foundation.spec.ts:161:3 › T06: Visual Foundations & Responsive Layout › active focus outline styling adheres to 3px focus token
[1A[2K  9 passed (3.4s)
{
  "task": "T06",
  "beads_id": "pdf-t06",
  "evaluated_commit": "52e4fa04bba2f7915fc934d3c713e92e50c2d65e",
  "evaluated_at": "2026-09-12T07:51:44.692415+00:00",
  "commands_run": 1,
  "failures": [],
  "evidence_errors": [],
  "tests": {
    "collected": 9,
    "passed": 9,
    "failed": 0,
    "skipped": 0
  },
  "records": [
    {
      "segment": "bun run test:visual -- tests/visual/foundation.spec.ts",
      "argv": [
        "bun",
        "run",
        "test:visual",
        "--",
        "tests/visual/foundation.spec.ts"
      ],
      "executed_argv": [
        "bun",
        "run",
        "test:visual",
        "--",
        "tests/visual/foundation.spec.ts"
      ],
      "cwd": ".",
      "exit": 0,
      "tests": {
        "collected": 9,
        "passed": 9,
        "failed": 0,
        "skipped": 0
      },
      "checkout": "/Users/zubair/Code/Projects/pdf project/original",
      "environment": {}
    }
  ]
}
