# T32 executed command transcript
date: 2026-09-13T12:38Z
host: macOS arm64 (Darwin 25.5.0)  python: CPython 3.13.15 via frozen uv native/.venv  (system python3: 3.14.7; `python` not on PATH)
worktree: /Users/zubair/Code/Projects/pdf project/worktrees/cursor-native-completion
branch: work/cursor/native-completion
base: c696948a74bde02d19749ed4fc929179a2c94c16
HEAD under test: 2e36f9bfd3b8056ea08902b453a961014119020e

$ python3 scripts/task_acceptance.py task T32 --report artifacts/tasks/T32/run.json
evaluated_commit: 2e36f9bfd3b8056ea08902b453a961014119020e
evaluated_at: 2026-09-13T12:39:01.047893+00:00
failures: []
evidence_errors: []
tests: {"collected": 9, "passed": 9, "failed": 0, "skipped": 0}
exit: 0

$ uv run --project native python -m pytest native/tests/corpus -q
.........                                                                [100%]
9 passed in 1.82s
exit: 0
counts: {"collected": 9, "passed": 9, "failed": 0, "skipped": 0}

# Notes
Corpus tests use real supervisor children for inspect jobs; crash retention and resume identity checks write actual index.json/journal.jsonl.
