Linux 34728b411b3e 7.0.14-orbstack-00380-ga7e0a2dc9535 #1 SMP PREEMPT Fri Aug  7 03:48:40 UTC 2026 aarch64 GNU/Linux
+ export PATH=/opt/node/bin:/opt/bun/bin:/usr/local/bin:/usr/local/bin:/usr/local/sbin:/usr/local/bin:/usr/sbin:/usr/bin:/sbin:/bin
+ export UV_PYTHON_PREFERENCE=system
+ uname -a
+ python3 --version
Python 3.13.15
+ cd /proof/dl
+ grep node-v22.23.2-linux-arm64.tar.xz$ node-SHASUMS256.txt
+ sha256sum -c -
node-v22.23.2-linux-arm64.tar.xz: OK
+ + sha256sum -c -
grep bun-linux-aarch64.zip$ bun-SHASUMS256.txt
bun-linux-aarch64.zip: OK
+ echo 891aff3e186cd5844102750372304e9ca20edffc50cb39a14cd047ea3416de75  uv-0.12.13-py3-none-manylinux_2_17_aarch64.manylinux2014_aarch64.musllinux_1_1_aarch64.whl
+ sha256sum -c -
uv-0.12.13-py3-none-manylinux_2_17_aarch64.manylinux2014_aarch64.musllinux_1_1_aarch64.whl: OK
+ mkdir -p /opt/node /opt/bun/bin
+ python3 -c import tarfile; tarfile.open('/proof/dl/node-v22.23.2-linux-arm64.tar.xz','r:xz').extractall('/opt/node', filter='data')
+ python3 -c import zipfile; zipfile.ZipFile('/proof/dl/bun-linux-aarch64.zip').extractall('/opt/bun/bin')
+ mv /opt/node/node-v22.23.2-linux-arm64/CHANGELOG.md /opt/node/node-v22.23.2-linux-arm64/LICENSE /opt/node/node-v22.23.2-linux-arm64/README.md /opt/node/node-v22.23.2-linux-arm64/bin /opt/node/node-v22.23.2-linux-arm64/include /opt/node/node-v22.23.2-linux-arm64/lib /opt/node/node-v22.23.2-linux-arm64/share /opt/node/
+ rmdir /opt/node/node-v22.23.2-linux-arm64
+ mv /opt/bun/bin/bun-linux-aarch64/bun /opt/bun/bin/bun
+ chmod +x /opt/bun/bin/bun
+ python3 -m pip install --no-cache-dir /proof/dl/uv-0.12.13-py3-none-manylinux_2_17_aarch64.manylinux2014_aarch64.musllinux_1_1_aarch64.whl
Processing ./uv-0.12.13-py3-none-manylinux_2_17_aarch64.manylinux2014_aarch64.musllinux_1_1_aarch64.whl
Installing collected packages: uv
Successfully installed uv-0.12.13
WARNING: Running pip as the 'root' user can result in broken permissions and conflicting behaviour with the system package manager, possibly rendering your system unusable. It is recommended to use a virtual environment instead: https://pip.pypa.io/warnings/venv. Use the --root-user-action option if you know what you are doing and want to suppress this warning.
+ node --version
v22.23.2
+ bun --version
1.4.0
+ uv --version
uv 0.12.13 (aarch64-unknown-linux-musl)
+ python3 -c import platform; print('system python:', platform.python_version())
system python: 3.13.15
+ mkdir -p /src
+ python3 -c import tarfile; tarfile.open('/proof/src.tar').extractall('/src', filter='data')
+ cd /src
+ test ! -d node_modules
+ test ! -d native/.venv
+ echo clean checkout confirmed (no node_modules/.venv)clean checkout confirmed (no node_modules/.venv)

+ bun install --frozen-lockfile
bun install v1.4.0 (34cbb9a40)

+ @axe-core/playwright@4.13.0
+ @playwright/test@1.57.0
+ ajv@8.18.0
+ oxfmt@0.67.0
+ oxlint@1.82.0
+ typescript@6.0.2
+ wrangler@4.131.0

87 packages installed [4.00s]
+ uv sync --frozen --project native
Using CPython 3.13.15 interpreter at: /usr/local/bin/python3.13
Creating virtual environment at: native/.venv
Downloading pygments (1.2MiB)
Downloading pillow (6.0MiB)
Downloading pypdfium2 (3.4MiB)
 Downloaded pygments
 Downloaded pypdfium2
 Downloaded pillow
Prepared 13 packages in 1.23s
Installed 13 packages in 61ms
 + attrs==26.1.0
 + iniconfig==2.3.0
 + jsonschema==4.26.0
 + jsonschema-specifications==2025.9.1
 + packaging==26.3
 + pillow==12.3.0
 + pluggy==1.6.0
 + pygments==2.21.0
 + pypdf==6.18.0
 + pypdfium2==5.8.0
 + pytest==9.1.1
 + referencing==0.37.0
 + rpds-py==2026.6.3
+ rm -rf node_modules apps/web/node_modules packages/*/node_modules native/.venv
+ bun install --frozen-lockfile
bun install v1.4.0 (34cbb9a40)

+ @axe-core/playwright@4.13.0
+ @playwright/test@1.57.0
+ ajv@8.18.0
+ oxfmt@0.67.0
+ oxlint@1.82.0
+ typescript@6.0.2
+ wrangler@4.131.0

87 packages installed [853.00ms]
+ uv sync --frozen --project native
Using CPython 3.13.15 interpreter at: /usr/local/bin/python3.13
Creating virtual environment at: native/.venv
Installed 13 packages in 20ms
 + attrs==26.1.0
 + iniconfig==2.3.0
 + jsonschema==4.26.0
 + jsonschema-specifications==2025.9.1
 + packaging==26.3
 + pillow==12.3.0
 + pluggy==1.6.0
 + pygments==2.21.0
 + pypdf==6.18.0
 + pypdfium2==5.8.0
 + pytest==9.1.1
 + referencing==0.37.0
 + rpds-py==2026.6.3
+ uv run --frozen --project native python -m pytest --version
pytest 9.1.1
+ python3 scripts/check_dependencies.py --frozen
ok   toolchain.node: .node-version=22.23.2
ok   toolchain.python: .python-version=3.13.15
ok   toolchain.bun: packageManager=bun@1.4.0
ok   toolchain.python-agreement: native interpreter pin ==3.13.15 matches .python-version
ok   bun.lock.coverage: all 15 manifest specs resolve to hashed lock entries
ok   bun.lock.trusted-policy: trustedDependencies declared explicitly (0 entries)
ok   bun.lock.linker: isolated linker enforced
ok   bun.lock.install-policy: exact saves + release-age gate enforced
ok   uv.lock.interpreter: uv.lock interpreter ==3.13.15
ok   uv.lock.coverage: all 5 declared pins locked exactly
ok   uv.lock.hashes: every locked package carries sha256 artifact hashes (15 packages)
ok   assets: 212 staged files hash-verified; 8 assets all same-origin with license/source
ok   base-image.oci.python:3.13.15-slim-trixie: python:3.13.15-slim-trixie pinned at immutable digests
ok   base-image.actions: actions/checkout@v4 recorded at immutable 11d5960a3267…
ok   no-cdn.serve-paths: all staged serve_prefixes are same-origin /-paths
ok   no-cdn.sources: web sources carry no remote script/worker/fetch or CDN reference
check_dependencies: 16 passed, 0 failed
+ python3 -m unittest discover -s tests/build -v
test_mutable_tag_rejected (test_check_dependencies.BaseImageTests.test_mutable_tag_rejected) ... ok
test_short_digest_rejected (test_check_dependencies.BaseImageTests.test_short_digest_rejected) ... ok
test_tag_pinned_action_rejected (test_check_dependencies.BaseImageTests.test_tag_pinned_action_rejected)
A recorded action must resolve to a full 40-hex commit SHA. ... ok
test_unrecorded_action_fails (test_check_dependencies.BaseImageTests.test_unrecorded_action_fails) ... ok
test_valid_lock_passes (test_check_dependencies.BaseImageTests.test_valid_lock_passes) ... ok
test_entry_without_integrity_fails (test_check_dependencies.BunLockCoverageTests.test_entry_without_integrity_fails) ... ok
test_hashed_entry_passes (test_check_dependencies.BunLockCoverageTests.test_hashed_entry_passes) ... ok
test_manifest_lock_spec_drift_fails (test_check_dependencies.BunLockCoverageTests.test_manifest_lock_spec_drift_fails) ... ok
test_missing_entry_fails (test_check_dependencies.BunLockCoverageTests.test_missing_entry_fails) ... ok
test_comments_and_trailing_commas_stripped (test_check_dependencies.JsoncTests.test_comments_and_trailing_commas_stripped) ... ok
test_double_slash_inside_string_preserved (test_check_dependencies.JsoncTests.test_double_slash_inside_string_preserved) ... ok
test_escaped_quote_inside_string (test_check_dependencies.JsoncTests.test_escaped_quote_inside_string) ... ok
test_committed_lock_files_exist (test_check_dependencies.LiveCheckoutTests.test_committed_lock_files_exist) ... ok
test_frozen_acceptance_passes_on_this_checkout (test_check_dependencies.LiveCheckoutTests.test_frozen_acceptance_passes_on_this_checkout)
The real acceptance command's first segment passes here. ... ok
test_remote_worker_reference_fails (test_check_dependencies.NoCdnTests.test_remote_worker_reference_fails) ... ok
test_missing_pin (test_check_dependencies.PinTests.test_missing_pin) ... ok
test_multiline_pin_rejected (test_check_dependencies.PinTests.test_multiline_pin_rejected) ... ok
test_single_version_line (test_check_dependencies.PinTests.test_single_version_line) ... ok
test_verify_action_on_live_checkout (test_prepare_assets.CliTests.test_verify_action_on_live_checkout)
The committed staged assets verify in the real checkout. ... ok
test_bad_sha256_rejected (test_prepare_assets.ManifestValidationTests.test_bad_sha256_rejected) ... ok
test_duplicate_staged_path_rejected (test_prepare_assets.ManifestValidationTests.test_duplicate_staged_path_rejected) ... ok
test_missing_required_key_rejected (test_prepare_assets.ManifestValidationTests.test_missing_required_key_rejected) ... ok
test_path_traversal_rejected (test_prepare_assets.ManifestValidationTests.test_path_traversal_rejected) ... ok
test_serve_prefix_remote_rejected (test_prepare_assets.ManifestValidationTests.test_serve_prefix_remote_rejected) ... ok
test_short_sha256_rejected (test_prepare_assets.ManifestValidationTests.test_short_sha256_rejected) ... ok
test_unknown_asset_key_rejected (test_prepare_assets.ManifestValidationTests.test_unknown_asset_key_rejected) ... ok
test_unknown_file_key_rejected (test_prepare_assets.ManifestValidationTests.test_unknown_file_key_rejected) ... ok
test_unknown_source_rejected (test_prepare_assets.ManifestValidationTests.test_unknown_source_rejected) ... ok
test_unknown_top_level_key_rejected (test_prepare_assets.ManifestValidationTests.test_unknown_top_level_key_rejected) ... ok
test_valid_manifest_passes (test_prepare_assets.ManifestValidationTests.test_valid_manifest_passes) ... ok
test_zero_bytes_rejected (test_prepare_assets.ManifestValidationTests.test_zero_bytes_rejected) ... ok
test_stage_checksum_mismatch_writes_nothing (test_prepare_assets.StageTests.test_stage_checksum_mismatch_writes_nothing)
A download whose bytes fail the manifest checksum leaves no file. ... ok
test_stage_network_error_fails_closed (test_prepare_assets.StageTests.test_stage_network_error_fails_closed) ... ok
test_stage_writes_verified_bytes (test_prepare_assets.StageTests.test_stage_writes_verified_bytes) ... ok
test_matching_staged_file_passes (test_prepare_assets.VerifyTests.test_matching_staged_file_passes) ... ok
test_missing_asset_fails_closed (test_prepare_assets.VerifyTests.test_missing_asset_fails_closed) ... ok
test_substituted_model_fails_checksum (test_prepare_assets.VerifyTests.test_substituted_model_fails_checksum)
The F20/F22 negative control: wrong bytes under the right name fail. ... ok

----------------------------------------------------------------------
Ran 37 tests in 0.046s

OK
PROOF-OK
+ echo PROOF-OK
