=== macOS clean-copy frozen proof (archive of 063d04c56b51ba4ca43fc74ed80b2a8a029014fb) ===
Darwin Zubairs-MacBook-Pro.local 25.5.0 Darwin Kernel Version 25.5.0: Tue Jun  9 22:28:34 PDT 2026; root:xnu-12377.121.10~1/RELEASE_ARM64_T6041 arm64
--- bun install --frozen-lockfile
bun install v1.4.0 (34cbb9a40)

+ @axe-core/playwright@4.13.0
+ @playwright/test@1.57.0
+ ajv@8.18.0
+ oxfmt@0.67.0
+ oxlint@1.82.0
+ typescript@6.0.2
+ wrangler@4.131.0

84 packages installed [3.62s]
--- uv sync --frozen --project native
Audited 13 packages in 0.27ms
pytest 9.1.1
ok   toolchain.node: .node-version=22.23.2
ok   toolchain.python: .python-version=3.13.15
ok   toolchain.bun: packageManager=bun@1.4.0
ok   toolchain.python-agreement: native interpreter pin ==3.13.15 matches .python-version
ok   bun.lock.coverage: all 15 manifest specs resolve to hashed lock entries
ok   bun.lock.trusted-policy: trustedDependencies declared explicitly (0 entries)
ok   bun.lock.linker: isolated linker enforced
ok   bun.lock.install-policy: exact saves + release-age gate enforced
ok   uv.lock.interpreter: uv.lock interpreter ==3.13.15
ok   uv.lock.coverage: all 5 declared pins locked exactly
ok   uv.lock.hashes: every locked package carries sha256 artifact hashes (15 packages)
ok   assets: 212 staged files hash-verified; 8 assets all same-origin with license/source
ok   base-image.oci.python:3.13.15-slim-trixie: python:3.13.15-slim-trixie pinned at immutable digests
ok   base-image.actions: actions/checkout@v4 recorded at immutable 11d5960a3267…
ok   no-cdn.serve-paths: all staged serve_prefixes are same-origin /-paths
ok   no-cdn.sources: web sources carry no remote script/worker/fetch or CDN reference
check_dependencies: 16 passed, 0 failed
.....................................
----------------------------------------------------------------------
Ran 37 tests in 0.056s

OK
EXIT: 0
