Using CPython 3.13.15
Creating virtual environment at: native/.venv
Installed 13 packages in 43ms
 + attrs==26.1.0
 + iniconfig==2.3.0
 + jsonschema==4.26.0
 + jsonschema-specifications==2025.9.1
 + packaging==26.3
 + pillow==12.3.0
 + pluggy==1.6.0
 + pygments==2.21.0
 + pypdf==6.18.0
 + pypdfium2==5.8.0
 + pytest==9.1.1
 + referencing==0.37.0
 + rpds-py==2026.6.3
........F.............                                         [100%]
=================================== FAILURES ===================================
_____ TestPdfiumGeometry.test_rotations_store_identical_canonical_anchors ______

self = <test_readers.TestPdfiumGeometry testMethod=test_rotations_store_identical_canonical_anchors>

    def test_rotations_store_identical_canonical_anchors(self):
        anchors = []
        for rotation in (0, 90, 180, 270):
            _, occurrences = run_pdfium(fixture_bytes(f"public/geometry-{rotation}.pdf"))
            dollar = next(o for o in occurrences if o["raw_text"] == "$")
            anchors.append(dollar["geometry"]["polygon"])
        for polygon in anchors[1:]:
            for point, base in zip(polygon, anchors[0]):
                self.assertAlmostEqual(point[0], base[0], delta=1e-3)
                self.assertAlmostEqual(point[1], base[1], delta=1e-3)
        # Analytic anchor: '$' paints at (48, 209.87..263.44) in user space with
        # crop [20,40,500,390] and UserUnit 2 -> top-left (56, 2*(390-263.44)).
        # PDFium reports float32 boxes, so expectations carry that quantization.
        self.assertAlmostEqual(anchors[0][0][0], 56.0, delta=1e-3)
>       self.assertAlmostEqual(anchors[0][0][1], 2 * (390 - 263.44), delta=1e-3)
E       AssertionError: 249.280029 != 253.12 within 0.001 delta (3.8399709999999914 difference)

native/tests/readers/test_readers.py:199: AssertionError
____ TestPdfiumGeometry.test_userunit_scales_exactly_once (userunit='0.5') _____

self = <test_readers.TestPdfiumGeometry testMethod=test_userunit_scales_exactly_once>

    def test_userunit_scales_exactly_once(self):
        for unit in ("0.5", "1", "2", "10"):
            with self.subTest(userunit=unit):
                data = fixture_bytes(f"development/userunit-{unit}.pdf")
                handle = pdfium_reader.open_document(data, None, 1)
                meta = pdfium_reader.pages(handle)[0]
                self.assertAlmostEqual(meta["physical_width_pt"], 520 * float(unit))
                self.assertAlmostEqual(meta["physical_height_pt"], 400 * float(unit))
                handle.close()
                _, occurrences = run_pdfium(data)
                dollar = next(o for o in occurrences if o["raw_text"] == "$")
                top_left = dollar["geometry"]["polygon"][0]
                self.assertAlmostEqual(top_left[0], 48 * float(unit), delta=1e-2 * float(unit))
>               self.assertAlmostEqual(
                    top_left[1], (400 - 263.44) * float(unit), delta=1e-2 * float(unit)
                )
E               AssertionError: 67.320007 != 68.28 within 0.005 delta (0.9599929999999972 difference)

native/tests/readers/test_readers.py:214: AssertionError
_____ TestPdfiumGeometry.test_userunit_scales_exactly_once (userunit='1') ______

self = <test_readers.TestPdfiumGeometry testMethod=test_userunit_scales_exactly_once>

    def test_userunit_scales_exactly_once(self):
        for unit in ("0.5", "1", "2", "10"):
            with self.subTest(userunit=unit):
                data = fixture_bytes(f"development/userunit-{unit}.pdf")
                handle = pdfium_reader.open_document(data, None, 1)
                meta = pdfium_reader.pages(handle)[0]
                self.assertAlmostEqual(meta["physical_width_pt"], 520 * float(unit))
                self.assertAlmostEqual(meta["physical_height_pt"], 400 * float(unit))
                handle.close()
                _, occurrences = run_pdfium(data)
                dollar = next(o for o in occurrences if o["raw_text"] == "$")
                top_left = dollar["geometry"]["polygon"][0]
                self.assertAlmostEqual(top_left[0], 48 * float(unit), delta=1e-2 * float(unit))
>               self.assertAlmostEqual(
                    top_left[1], (400 - 263.44) * float(unit), delta=1e-2 * float(unit)
                )
E               AssertionError: 134.640015 != 136.56 within 0.01 delta (1.919984999999997 difference)

native/tests/readers/test_readers.py:214: AssertionError
_____ TestPdfiumGeometry.test_userunit_scales_exactly_once (userunit='2') ______

self = <test_readers.TestPdfiumGeometry testMethod=test_userunit_scales_exactly_once>

    def test_userunit_scales_exactly_once(self):
        for unit in ("0.5", "1", "2", "10"):
            with self.subTest(userunit=unit):
                data = fixture_bytes(f"development/userunit-{unit}.pdf")
                handle = pdfium_reader.open_document(data, None, 1)
                meta = pdfium_reader.pages(handle)[0]
                self.assertAlmostEqual(meta["physical_width_pt"], 520 * float(unit))
                self.assertAlmostEqual(meta["physical_height_pt"], 400 * float(unit))
                handle.close()
                _, occurrences = run_pdfium(data)
                dollar = next(o for o in occurrences if o["raw_text"] == "$")
                top_left = dollar["geometry"]["polygon"][0]
                self.assertAlmostEqual(top_left[0], 48 * float(unit), delta=1e-2 * float(unit))
>               self.assertAlmostEqual(
                    top_left[1], (400 - 263.44) * float(unit), delta=1e-2 * float(unit)
                )
E               AssertionError: 269.280029 != 273.12 within 0.02 delta (3.8399709999999914 difference)

native/tests/readers/test_readers.py:214: AssertionError
_____ TestPdfiumGeometry.test_userunit_scales_exactly_once (userunit='10') _____

self = <test_readers.TestPdfiumGeometry testMethod=test_userunit_scales_exactly_once>

    def test_userunit_scales_exactly_once(self):
        for unit in ("0.5", "1", "2", "10"):
            with self.subTest(userunit=unit):
                data = fixture_bytes(f"development/userunit-{unit}.pdf")
                handle = pdfium_reader.open_document(data, None, 1)
                meta = pdfium_reader.pages(handle)[0]
                self.assertAlmostEqual(meta["physical_width_pt"], 520 * float(unit))
                self.assertAlmostEqual(meta["physical_height_pt"], 400 * float(unit))
                handle.close()
                _, occurrences = run_pdfium(data)
                dollar = next(o for o in occurrences if o["raw_text"] == "$")
                top_left = dollar["geometry"]["polygon"][0]
                self.assertAlmostEqual(top_left[0], 48 * float(unit), delta=1e-2 * float(unit))
>               self.assertAlmostEqual(
                    top_left[1], (400 - 263.44) * float(unit), delta=1e-2 * float(unit)
                )
E               AssertionError: 1346.400146 != 1365.6 within 0.1 delta (19.19985399999996 difference)

native/tests/readers/test_readers.py:214: AssertionError
=========================== short test summary info ============================
FAILED native/tests/readers/test_readers.py::TestPdfiumGeometry::test_rotations_store_identical_canonical_anchors
SUBFAILED(userunit='0.5') native/tests/readers/test_readers.py::TestPdfiumGeometry::test_userunit_scales_exactly_once
SUBFAILED(userunit='1') native/tests/readers/test_readers.py::TestPdfiumGeometry::test_userunit_scales_exactly_once
SUBFAILED(userunit='2') native/tests/readers/test_readers.py::TestPdfiumGeometry::test_userunit_scales_exactly_once
SUBFAILED(userunit='10') native/tests/readers/test_readers.py::TestPdfiumGeometry::test_userunit_scales_exactly_once
5 failed, 21 passed, 6 subtests passed in 0.90s
