TAP version 13
# Subtest: zero-area left contact is outside and preserves source
ok 1 - zero-area left contact is outside and preserves source
  ---
  duration_ms: 2.114792
  type: 'test'
  ...
# Subtest: zero-area right contact is outside and preserves source
ok 2 - zero-area right contact is outside and preserves source
  ---
  duration_ms: 0.134834
  type: 'test'
  ...
# Subtest: zero-area top contact is outside and preserves source
ok 3 - zero-area top contact is outside and preserves source
  ---
  duration_ms: 0.064542
  type: 'test'
  ...
# Subtest: zero-area bottom contact is outside and preserves source
ok 4 - zero-area bottom contact is outside and preserves source
  ---
  duration_ms: 0.163834
  type: 'test'
  ...
# Subtest: zero-area corner contact is outside and preserves source
ok 5 - zero-area corner contact is outside and preserves source
  ---
  duration_ms: 0.089959
  type: 'test'
  ...
# Subtest: clipping keeps positive overlap and rejects invalid view sizes
ok 6 - clipping keeps positive overlap and rejects invalid view sizes
  ---
  duration_ms: 0.262708
  type: 'test'
  ...
# Subtest: inversePairError rejects an explicit empty extent
ok 7 - inversePairError rejects an explicit empty extent
  ---
  duration_ms: 0.067625
  type: 'test'
  ...
# Subtest: inversePairError rejects malformed probe points
ok 8 - inversePairError rejects malformed probe points
  ---
  duration_ms: 0.244417
  type: 'test'
  ...
# Subtest: checkedInverse rejects an explicit empty extent
ok 9 - checkedInverse rejects an explicit empty extent
  ---
  duration_ms: 0.219291
  type: 'test'
  ...
# Subtest: checkedInverse rejects malformed probe points
ok 10 - checkedInverse rejects malformed probe points
  ---
  duration_ms: 0.250042
  type: 'test'
  ...
# Subtest: makeTransform rejects an explicit empty extent
ok 11 - makeTransform rejects an explicit empty extent
  ---
  duration_ms: 0.184083
  type: 'test'
  ...
# Subtest: makeTransform rejects malformed probe points
ok 12 - makeTransform rejects malformed probe points
  ---
  duration_ms: 0.497625
  type: 'test'
  ...
# Subtest: usable extents and omitted default keep valid inverse contracts
ok 13 - usable extents and omitted default keep valid inverse contracts
  ---
  duration_ms: 0.213459
  type: 'test'
  ...
# Subtest: mapPoint applies noncommuting matrices right to left without mutating input
ok 14 - mapPoint applies noncommuting matrices right to left without mutating input
  ---
  duration_ms: 0.062291
  type: 'test'
  ...
# Subtest: pointInPolygon uses polygon shape, winding, and explicit edge tolerance
ok 15 - pointInPolygon uses polygon shape, winding, and explicit edge tolerance
  ---
  duration_ms: 0.110292
  type: 'test'
  ...
1..15
# tests 15
# suites 0
# pass 15
# fail 0
# cancelled 0
# skipped 0
# todo 0
# duration_ms 115.703292
