TAP version 13
# Subtest: zero-area left contact is outside and preserves source
ok 1 - zero-area left contact is outside and preserves source
  ---
  duration_ms: 1.509583
  type: 'test'
  ...
# Subtest: zero-area right contact is outside and preserves source
ok 2 - zero-area right contact is outside and preserves source
  ---
  duration_ms: 0.124083
  type: 'test'
  ...
# Subtest: zero-area top contact is outside and preserves source
ok 3 - zero-area top contact is outside and preserves source
  ---
  duration_ms: 0.064417
  type: 'test'
  ...
# Subtest: zero-area bottom contact is outside and preserves source
ok 4 - zero-area bottom contact is outside and preserves source
  ---
  duration_ms: 0.172625
  type: 'test'
  ...
# Subtest: zero-area corner contact is outside and preserves source
ok 5 - zero-area corner contact is outside and preserves source
  ---
  duration_ms: 0.096792
  type: 'test'
  ...
# Subtest: clipping keeps positive overlap and rejects invalid view sizes
ok 6 - clipping keeps positive overlap and rejects invalid view sizes
  ---
  duration_ms: 0.296292
  type: 'test'
  ...
# Subtest: inversePairError rejects an explicit empty extent
ok 7 - inversePairError rejects an explicit empty extent
  ---
  duration_ms: 0.075708
  type: 'test'
  ...
# Subtest: inversePairError rejects malformed probe points
ok 8 - inversePairError rejects malformed probe points
  ---
  duration_ms: 0.269458
  type: 'test'
  ...
# Subtest: checkedInverse rejects an explicit empty extent
ok 9 - checkedInverse rejects an explicit empty extent
  ---
  duration_ms: 0.243333
  type: 'test'
  ...
# Subtest: checkedInverse rejects malformed probe points
ok 10 - checkedInverse rejects malformed probe points
  ---
  duration_ms: 0.248125
  type: 'test'
  ...
# Subtest: makeTransform rejects an explicit empty extent
ok 11 - makeTransform rejects an explicit empty extent
  ---
  duration_ms: 0.186417
  type: 'test'
  ...
# Subtest: makeTransform rejects malformed probe points
ok 12 - makeTransform rejects malformed probe points
  ---
  duration_ms: 0.613833
  type: 'test'
  ...
# Subtest: usable extents and omitted default keep valid inverse contracts
ok 13 - usable extents and omitted default keep valid inverse contracts
  ---
  duration_ms: 0.291083
  type: 'test'
  ...
# Subtest: mapPoint applies noncommuting matrices right to left without mutating input
ok 14 - mapPoint applies noncommuting matrices right to left without mutating input
  ---
  duration_ms: 0.074458
  type: 'test'
  ...
# Subtest: pointInPolygon uses polygon shape, winding, and explicit edge tolerance
ok 15 - pointInPolygon uses polygon shape, winding, and explicit edge tolerance
  ---
  duration_ms: 0.157833
  type: 'test'
  ...
# Subtest: F07 geometry-0: C/R composition matches independent expectations
ok 16 - F07 geometry-0: C/R composition matches independent expectations
  ---
  duration_ms: 1.914584
  type: 'test'
  ...
# Subtest: F07 geometry-90: C/R composition matches independent expectations
ok 17 - F07 geometry-90: C/R composition matches independent expectations
  ---
  duration_ms: 0.709375
  type: 'test'
  ...
# Subtest: F07 geometry-180: C/R composition matches independent expectations
ok 18 - F07 geometry-180: C/R composition matches independent expectations
  ---
  duration_ms: 0.528583
  type: 'test'
  ...
# Subtest: F07 geometry-270: C/R composition matches independent expectations
ok 19 - F07 geometry-270: C/R composition matches independent expectations
  ---
  duration_ms: 0.336292
  type: 'test'
  ...
# Subtest: F07 geometry-control: C/R composition matches independent expectations
ok 20 - F07 geometry-control: C/R composition matches independent expectations
  ---
  duration_ms: 0.562083
  type: 'test'
  ...
# Subtest: F07 rotation corner anchors are independent, not inverted output
ok 21 - F07 rotation corner anchors are independent, not inverted output
  ---
  duration_ms: 0.171083
  type: 'test'
  ...
# Subtest: F07 fixture text anchors map through real fixture bytes
ok 22 - F07 fixture text anchors map through real fixture bytes
  ---
  duration_ms: 0.537917
  type: 'test'
  ...
# Subtest: F08 userunit-0.5: physical size and fiducial, no double scaling
ok 23 - F08 userunit-0.5: physical size and fiducial, no double scaling
  ---
  duration_ms: 0.271
  type: 'test'
  ...
# Subtest: F08 userunit-1: physical size and fiducial, no double scaling
ok 24 - F08 userunit-1: physical size and fiducial, no double scaling
  ---
  duration_ms: 0.303458
  type: 'test'
  ...
# Subtest: F08 userunit-2: physical size and fiducial, no double scaling
ok 25 - F08 userunit-2: physical size and fiducial, no double scaling
  ---
  duration_ms: 0.352917
  type: 'test'
  ...
# Subtest: F08 userunit-10: physical size and fiducial, no double scaling
ok 26 - F08 userunit-10: physical size and fiducial, no double scaling
  ---
  duration_ms: 0.164458
  type: 'test'
  ...
# Subtest: F08 explicit view path (PDF.js page.view) applies UserUnit once
ok 27 - F08 explicit view path (PDF.js page.view) applies UserUnit once
  ---
  duration_ms: 0.065125
  type: 'test'
  ...
# Subtest: singular transforms are rejected (determinant <= 1e-12)
ok 28 - singular transforms are rejected (determinant <= 1e-12)
  ---
  duration_ms: 0.160375
  type: 'test'
  ...
# Subtest: nonfinite and malformed matrices are rejected
ok 29 - nonfinite and malformed matrices are rejected
  ---
  duration_ms: 0.077709
  type: 'test'
  ...
# Subtest: page boxes, rotation and UserUnit reject invalid input
ok 30 - page boxes, rotation and UserUnit reject invalid input
  ---
  duration_ms: 0.128959
  type: 'test'
  ...
# Subtest: effectiveViewBox is CropBox intersect MediaBox; crop defaults to media
ok 31 - effectiveViewBox is CropBox intersect MediaBox; crop defaults to media
  ---
  duration_ms: 0.043334
  type: 'test'
  ...
# Subtest: estimated and page_only geometry validate inside a real report
ok 32 - estimated and page_only geometry validate inside a real report
  ---
  duration_ms: 11.174667
  type: 'test'
  ...
# Subtest: precision/polygon conflicts are rejected at build and at validation
ok 33 - precision/polygon conflicts are rejected at build and at validation
  ---
  duration_ms: 1.617541
  type: 'test'
  ...
# Subtest: degenerate and malformed polygons are rejected
ok 34 - degenerate and malformed polygons are rejected
  ---
  duration_ms: 0.17575
  type: 'test'
  ...
# Subtest: transform ids are schema-shaped and geometry references resolve
ok 35 - transform ids are schema-shaped and geometry references resolve
  ---
  duration_ms: 1.509959
  type: 'test'
  ...
# Subtest: transform chains refuse to cross pages (correct-page binding)
ok 36 - transform chains refuse to cross pages (correct-page binding)
  ---
  duration_ms: 1.548583
  type: 'test'
  ...
# Subtest: clipping metadata classifies inside/partial/outside honestly
ok 37 - clipping metadata classifies inside/partial/outside honestly
  ---
  duration_ms: 0.322625
  type: 'test'
  ...
# Subtest: partial overlap is not full visibility; out-of-crop stays outside
ok 38 - partial overlap is not full visibility; out-of-crop stays outside
  ---
  duration_ms: 0.041584
  type: 'test'
  ...
# Subtest: viewport/css math matches independent expectations
ok 39 - viewport/css math matches independent expectations
  ---
  duration_ms: 0.149917
  type: 'test'
  ...
# Subtest: viewport records are contract transforms bound to the right page
ok 40 - viewport records are contract transforms bound to the right page
  ---
  duration_ms: 0.186875
  type: 'test'
  ...
# Subtest: stored 6dp rounding keeps overlay error far below the 2px budget
ok 41 - stored 6dp rounding keeps overlay error far below the 2px budget
  ---
  duration_ms: 0.086375
  type: 'test'
  ...
# Subtest: 10,000 deterministic samples round-trip within 1e-5pt
ok 42 - 10,000 deterministic samples round-trip within 1e-5pt
  ---
  duration_ms: 39.223208
  type: 'test'
  ...
# Subtest: composed chains and their stored inverses agree within bounds
ok 43 - composed chains and their stored inverses agree within bounds
  ---
  duration_ms: 0.525125
  type: 'test'
  ...
# Subtest: skewed text matrix maps a rect to a parallelogram polygon
ok 44 - skewed text matrix maps a rect to a parallelogram polygon
  ---
  duration_ms: 0.1045
  type: 'test'
  ...
# Subtest: absent geometry stays absent; no invented precise anchor
ok 45 - absent geometry stays absent; no invented precise anchor
  ---
  duration_ms: 0.090709
  type: 'test'
  ...
# Subtest: transform numbers round to 6dp and normalize negative zero
ok 46 - transform numbers round to 6dp and normalize negative zero
  ---
  duration_ms: 0.085292
  type: 'test'
  ...
# Subtest: suite exercises every F07-F10 genus and both invariants
ok 47 - suite exercises every F07-F10 genus and both invariants
  ---
  duration_ms: 0.046
  type: 'test'
  ...
1..47
# tests 47
# suites 0
# pass 47
# fail 0
# cancelled 0
# skipped 0
# todo 0
# duration_ms 163.709375
