{
  "task": "T04",
  "beads_id": "pdf-t04",
  "evaluated_commit": "dc30a3cd372c6cc64c6cac3c9b6c0fd101bdf347",
  "evaluated_at": "2026-09-12T06:23:37.072244+00:00",
  "commands_run": 1,
  "failures": [],
  "evidence_errors": [],
  "tests": {
    "collected": 47,
    "passed": 47,
    "failed": 0,
    "skipped": 0
  },
  "records": [
    {
      "segment": "node --test tests/geometry/*.test.mjs",
      "argv": [
        "node",
        "--test",
        "tests/geometry/*.test.mjs"
      ],
      "executed_argv": [
        "node",
        "--test-reporter=junit",
        "--test-reporter-destination=/var/folders/8t/wzpzt6_j76l5rvq3kfyx35ym0000gn/T/inkflip-tests-rfnmvf10/results",
        "--test",
        "tests/geometry/followup-iy2.test.mjs",
        "tests/geometry/geometry.test.mjs"
      ],
      "cwd": ".",
      "exit": 0,
      "tests": {
        "collected": 47,
        "passed": 47,
        "failed": 0,
        "skipped": 0
      },
      "checkout": "/Users/zubair/Code/Projects/pdf project/original",
      "environment": {}
    }
  ]
}
