TAP version 13
# Subtest: zero-area left contact is outside and preserves source
not ok 1 - zero-area left contact is outside and preserves source
  ---
  duration_ms: 3.003916
  type: 'test'
  location: '/Users/zubair/Code/Projects/pdf project/worktrees/pdf-iy2/tests/geometry/followup-iy2.test.mjs:21:3'
  failureType: 'testCodeFailure'
  error: |-
    Expected values to be strictly deep-equal:
    + actual - expected
    ... Skipped lines
    
      {
    +   clipped: [
    +     [
    +       0,
    +       10
    +     ],
    +     [
    +       0,
    +       10
    +     ],
    +     [
    +       0,
    +       20
    +     ],
    +     [
    +       0,
    +       20
    +     ]
    +   ],
    -   clipped: null,
        fullyVisible: false,
        source: [
          [
            -10,
            10
    ...
        ],
    +   status: 'partial'
    -   status: 'outside'
      }
    
  code: 'ERR_ASSERTION'
  name: 'AssertionError'
  expected:
    status: 'outside'
    clipped: ~
    source:
      0:
        0: -10
        1: 10
      1:
        0: 0
        1: 10
      2:
        0: 0
        1: 20
      3:
        0: -10
        1: 20
    fullyVisible: false
  actual:
    status: 'partial'
    clipped:
      0:
        0: 0
        1: 10
      1:
        0: 0
        1: 10
      2:
        0: 0
        1: 20
      3:
        0: 0
        1: 20
    source:
      0:
        0: -10
        1: 10
      1: <Circular>
      2: <Circular>
      3:
        0: -10
        1: 20
    fullyVisible: false
  operator: 'deepStrictEqual'
  stack: |-
    TestContext.<anonymous> (file:///Users/zubair/Code/Projects/pdf%20project/worktrees/pdf-iy2/tests/geometry/followup-iy2.test.mjs:24:12)
    Test.runInAsyncScope (node:async_hooks:214:14)
    Test.run (node:internal/test_runner/test:1047:25)
    Test.start (node:internal/test_runner/test:944:17)
    startSubtestAfterBootstrap (node:internal/test_runner/harness:296:17)
  ...
# Subtest: zero-area right contact is outside and preserves source
not ok 2 - zero-area right contact is outside and preserves source
  ---
  duration_ms: 0.224208
  type: 'test'
  location: '/Users/zubair/Code/Projects/pdf project/worktrees/pdf-iy2/tests/geometry/followup-iy2.test.mjs:21:3'
  failureType: 'testCodeFailure'
  error: |-
    Expected values to be strictly deep-equal:
    + actual - expected
    ... Skipped lines
    
      {
    +   clipped: [
    +     [
    +       100,
    +       10
    +     ],
    +     [
    +       100,
    +       10
    +     ],
    +     [
    +       100,
    +       20
    +     ],
    +     [
    +       100,
    +       20
    +     ]
    +   ],
    -   clipped: null,
        fullyVisible: false,
        source: [
          [
            100,
            10
    ...
        ],
    +   status: 'partial'
    -   status: 'outside'
      }
    
  code: 'ERR_ASSERTION'
  name: 'AssertionError'
  expected:
    status: 'outside'
    clipped: ~
    source:
      0:
        0: 100
        1: 10
      1:
        0: 110
        1: 10
      2:
        0: 110
        1: 20
      3:
        0: 100
        1: 20
    fullyVisible: false
  actual:
    status: 'partial'
    clipped:
      0:
        0: 100
        1: 10
      1:
        0: 100
        1: 10
      2:
        0: 100
        1: 20
      3:
        0: 100
        1: 20
    source:
      0: <Circular>
      1:
        0: 110
        1: 10
      2:
        0: 110
        1: 20
      3: <Circular>
    fullyVisible: false
  operator: 'deepStrictEqual'
  stack: |-
    TestContext.<anonymous> (file:///Users/zubair/Code/Projects/pdf%20project/worktrees/pdf-iy2/tests/geometry/followup-iy2.test.mjs:24:12)
    Test.runInAsyncScope (node:async_hooks:214:14)
    Test.run (node:internal/test_runner/test:1047:25)
    Test.processPendingSubtests (node:internal/test_runner/test:744:18)
    Test.postRun (node:internal/test_runner/test:1173:19)
    Test.run (node:internal/test_runner/test:1101:12)
    async startSubtestAfterBootstrap (node:internal/test_runner/harness:296:3)
  ...
# Subtest: zero-area top contact is outside and preserves source
not ok 3 - zero-area top contact is outside and preserves source
  ---
  duration_ms: 0.133
  type: 'test'
  location: '/Users/zubair/Code/Projects/pdf project/worktrees/pdf-iy2/tests/geometry/followup-iy2.test.mjs:21:3'
  failureType: 'testCodeFailure'
  error: |-
    Expected values to be strictly deep-equal:
    + actual - expected
    ... Skipped lines
    
      {
    +   clipped: [
    +     [
    +       10,
    +       0
    +     ],
    +     [
    +       20,
    +       0
    +     ],
    +     [
    +       20,
    +       0
    +     ],
    +     [
    +       10,
    +       0
    +     ]
    +   ],
    -   clipped: null,
        fullyVisible: false,
        source: [
          [
            10,
            -10
    ...
        ],
    +   status: 'partial'
    -   status: 'outside'
      }
    
  code: 'ERR_ASSERTION'
  name: 'AssertionError'
  expected:
    status: 'outside'
    clipped: ~
    source:
      0:
        0: 10
        1: -10
      1:
        0: 20
        1: -10
      2:
        0: 20
        1: 0
      3:
        0: 10
        1: 0
    fullyVisible: false
  actual:
    status: 'partial'
    clipped:
      0:
        0: 10
        1: 0
      1:
        0: 20
        1: 0
      2:
        0: 20
        1: 0
      3:
        0: 10
        1: 0
    source:
      0:
        0: 10
        1: -10
      1:
        0: 20
        1: -10
      2: <Circular>
      3: <Circular>
    fullyVisible: false
  operator: 'deepStrictEqual'
  stack: |-
    TestContext.<anonymous> (file:///Users/zubair/Code/Projects/pdf%20project/worktrees/pdf-iy2/tests/geometry/followup-iy2.test.mjs:24:12)
    Test.runInAsyncScope (node:async_hooks:214:14)
    Test.run (node:internal/test_runner/test:1047:25)
    Test.processPendingSubtests (node:internal/test_runner/test:744:18)
    Test.postRun (node:internal/test_runner/test:1173:19)
    Test.run (node:internal/test_runner/test:1101:12)
    async Test.processPendingSubtests (node:internal/test_runner/test:744:7)
  ...
# Subtest: zero-area bottom contact is outside and preserves source
not ok 4 - zero-area bottom contact is outside and preserves source
  ---
  duration_ms: 0.129833
  type: 'test'
  location: '/Users/zubair/Code/Projects/pdf project/worktrees/pdf-iy2/tests/geometry/followup-iy2.test.mjs:21:3'
  failureType: 'testCodeFailure'
  error: |-
    Expected values to be strictly deep-equal:
    + actual - expected
    ... Skipped lines
    
      {
    +   clipped: [
    +     [
    +       10,
    +       80
    +     ],
    +     [
    +       10,
    +       80
    +     ],
    +     [
    +       20,
    +       80
    +     ],
    +     [
    +       20,
    +       80
    +     ]
    +   ],
    -   clipped: null,
        fullyVisible: false,
        source: [
          [
            10,
            80
    ...
        ],
    +   status: 'partial'
    -   status: 'outside'
      }
    
  code: 'ERR_ASSERTION'
  name: 'AssertionError'
  expected:
    status: 'outside'
    clipped: ~
    source:
      0:
        0: 10
        1: 80
      1:
        0: 20
        1: 80
      2:
        0: 20
        1: 90
      3:
        0: 10
        1: 90
    fullyVisible: false
  actual:
    status: 'partial'
    clipped:
      0:
        0: 10
        1: 80
      1:
        0: 10
        1: 80
      2:
        0: 20
        1: 80
      3:
        0: 20
        1: 80
    source:
      0: <Circular>
      1: <Circular>
      2:
        0: 20
        1: 90
      3:
        0: 10
        1: 90
    fullyVisible: false
  operator: 'deepStrictEqual'
  stack: |-
    TestContext.<anonymous> (file:///Users/zubair/Code/Projects/pdf%20project/worktrees/pdf-iy2/tests/geometry/followup-iy2.test.mjs:24:12)
    Test.runInAsyncScope (node:async_hooks:214:14)
    Test.run (node:internal/test_runner/test:1047:25)
    Test.processPendingSubtests (node:internal/test_runner/test:744:18)
    Test.postRun (node:internal/test_runner/test:1173:19)
    Test.run (node:internal/test_runner/test:1101:12)
    async Test.processPendingSubtests (node:internal/test_runner/test:744:7)
  ...
# Subtest: zero-area corner contact is outside and preserves source
not ok 5 - zero-area corner contact is outside and preserves source
  ---
  duration_ms: 0.505583
  type: 'test'
  location: '/Users/zubair/Code/Projects/pdf project/worktrees/pdf-iy2/tests/geometry/followup-iy2.test.mjs:21:3'
  failureType: 'testCodeFailure'
  error: |-
    Expected values to be strictly deep-equal:
    + actual - expected
    ... Skipped lines
    
      {
    +   clipped: [
    +     [
    +       100,
    +       80
    +     ],
    +     [
    +       100,
    +       80
    +     ],
    +     [
    +       100,
    +       80
    +     ],
    +     [
    +       100,
    +       80
    +     ]
    +   ],
    -   clipped: null,
        fullyVisible: false,
        source: [
          [
            100,
            80
    ...
        ],
    +   status: 'partial'
    -   status: 'outside'
      }
    
  code: 'ERR_ASSERTION'
  name: 'AssertionError'
  expected:
    status: 'outside'
    clipped: ~
    source:
      0:
        0: 100
        1: 80
      1:
        0: 110
        1: 80
      2:
        0: 110
        1: 90
      3:
        0: 100
        1: 90
    fullyVisible: false
  actual:
    status: 'partial'
    clipped:
      0:
        0: 100
        1: 80
      1:
        0: 100
        1: 80
      2:
        0: 100
        1: 80
      3:
        0: 100
        1: 80
    source:
      0: <Circular>
      1:
        0: 110
        1: 80
      2:
        0: 110
        1: 90
      3:
        0: 100
        1: 90
    fullyVisible: false
  operator: 'deepStrictEqual'
  stack: |-
    TestContext.<anonymous> (file:///Users/zubair/Code/Projects/pdf%20project/worktrees/pdf-iy2/tests/geometry/followup-iy2.test.mjs:24:12)
    Test.runInAsyncScope (node:async_hooks:214:14)
    Test.run (node:internal/test_runner/test:1047:25)
    Test.processPendingSubtests (node:internal/test_runner/test:744:18)
    Test.postRun (node:internal/test_runner/test:1173:19)
    Test.run (node:internal/test_runner/test:1101:12)
    async Test.processPendingSubtests (node:internal/test_runner/test:744:7)
  ...
# Subtest: clipping keeps positive overlap and rejects invalid view sizes
ok 6 - clipping keeps positive overlap and rejects invalid view sizes
  ---
  duration_ms: 0.310583
  type: 'test'
  ...
# Subtest: inversePairError rejects an explicit empty extent
not ok 7 - inversePairError rejects an explicit empty extent
  ---
  duration_ms: 0.13
  type: 'test'
  location: '/Users/zubair/Code/Projects/pdf project/worktrees/pdf-iy2/tests/geometry/followup-iy2.test.mjs:46:3'
  failureType: 'testCodeFailure'
  error: 'Missing expected exception.'
  code: 'ERR_ASSERTION'
  name: 'AssertionError'
  stack: |-
    TestContext.<anonymous> (file:///Users/zubair/Code/Projects/pdf%20project/worktrees/pdf-iy2/tests/geometry/followup-iy2.test.mjs:47:12)
    Test.runInAsyncScope (node:async_hooks:214:14)
    Test.run (node:internal/test_runner/test:1047:25)
    Test.processPendingSubtests (node:internal/test_runner/test:744:18)
    Test.postRun (node:internal/test_runner/test:1173:19)
    Test.run (node:internal/test_runner/test:1101:12)
    async Test.processPendingSubtests (node:internal/test_runner/test:744:7)
  ...
# Subtest: inversePairError rejects malformed probe points
not ok 8 - inversePairError rejects malformed probe points
  ---
  duration_ms: 0.075792
  type: 'test'
  location: '/Users/zubair/Code/Projects/pdf project/worktrees/pdf-iy2/tests/geometry/followup-iy2.test.mjs:49:3'
  failureType: 'testCodeFailure'
  error: 'Missing expected exception.'
  code: 'ERR_ASSERTION'
  name: 'AssertionError'
  stack: |-
    TestContext.<anonymous> (file:///Users/zubair/Code/Projects/pdf%20project/worktrees/pdf-iy2/tests/geometry/followup-iy2.test.mjs:51:14)
    Test.runInAsyncScope (node:async_hooks:214:14)
    Test.run (node:internal/test_runner/test:1047:25)
    Test.processPendingSubtests (node:internal/test_runner/test:744:18)
    Test.postRun (node:internal/test_runner/test:1173:19)
    Test.run (node:internal/test_runner/test:1101:12)
    async Test.processPendingSubtests (node:internal/test_runner/test:744:7)
  ...
# Subtest: checkedInverse rejects an explicit empty extent
not ok 9 - checkedInverse rejects an explicit empty extent
  ---
  duration_ms: 0.238125
  type: 'test'
  location: '/Users/zubair/Code/Projects/pdf project/worktrees/pdf-iy2/tests/geometry/followup-iy2.test.mjs:46:3'
  failureType: 'testCodeFailure'
  error: 'Missing expected exception.'
  code: 'ERR_ASSERTION'
  name: 'AssertionError'
  stack: |-
    TestContext.<anonymous> (file:///Users/zubair/Code/Projects/pdf%20project/worktrees/pdf-iy2/tests/geometry/followup-iy2.test.mjs:47:12)
    Test.runInAsyncScope (node:async_hooks:214:14)
    Test.run (node:internal/test_runner/test:1047:25)
    Test.processPendingSubtests (node:internal/test_runner/test:744:18)
    Test.postRun (node:internal/test_runner/test:1173:19)
    Test.run (node:internal/test_runner/test:1101:12)
    async Test.processPendingSubtests (node:internal/test_runner/test:744:7)
  ...
# Subtest: checkedInverse rejects malformed probe points
not ok 10 - checkedInverse rejects malformed probe points
  ---
  duration_ms: 0.299041
  type: 'test'
  location: '/Users/zubair/Code/Projects/pdf project/worktrees/pdf-iy2/tests/geometry/followup-iy2.test.mjs:49:3'
  failureType: 'testCodeFailure'
  error: |-
    The validation function is expected to return "true". Received false
    
    Caught error:
    
    ContractError: TRANSFORM: Matrix/inverse composition error NaN exceeds 0.00001pt
  code: 'ERR_ASSERTION'
  name: 'AssertionError'
  stack: |-
    TestContext.<anonymous> (file:///Users/zubair/Code/Projects/pdf%20project/worktrees/pdf-iy2/tests/geometry/followup-iy2.test.mjs:51:14)
    Test.runInAsyncScope (node:async_hooks:214:14)
    Test.run (node:internal/test_runner/test:1047:25)
    Test.processPendingSubtests (node:internal/test_runner/test:744:18)
    Test.postRun (node:internal/test_runner/test:1173:19)
    Test.run (node:internal/test_runner/test:1101:12)
    async Test.processPendingSubtests (node:internal/test_runner/test:744:7)
  ...
# Subtest: makeTransform rejects an explicit empty extent
not ok 11 - makeTransform rejects an explicit empty extent
  ---
  duration_ms: 0.2845
  type: 'test'
  location: '/Users/zubair/Code/Projects/pdf project/worktrees/pdf-iy2/tests/geometry/followup-iy2.test.mjs:46:3'
  failureType: 'testCodeFailure'
  error: 'Missing expected exception.'
  code: 'ERR_ASSERTION'
  name: 'AssertionError'
  stack: |-
    TestContext.<anonymous> (file:///Users/zubair/Code/Projects/pdf%20project/worktrees/pdf-iy2/tests/geometry/followup-iy2.test.mjs:47:12)
    Test.runInAsyncScope (node:async_hooks:214:14)
    Test.run (node:internal/test_runner/test:1047:25)
    Test.processPendingSubtests (node:internal/test_runner/test:744:18)
    Test.postRun (node:internal/test_runner/test:1173:19)
    Test.run (node:internal/test_runner/test:1101:12)
    async Test.processPendingSubtests (node:internal/test_runner/test:744:7)
  ...
# Subtest: makeTransform rejects malformed probe points
not ok 12 - makeTransform rejects malformed probe points
  ---
  duration_ms: 0.120125
  type: 'test'
  location: '/Users/zubair/Code/Projects/pdf project/worktrees/pdf-iy2/tests/geometry/followup-iy2.test.mjs:49:3'
  failureType: 'testCodeFailure'
  error: |-
    The validation function is expected to return "true". Received false
    
    Caught error:
    
    ContractError: TRANSFORM: Matrix/inverse composition error NaN exceeds 0.00001pt
  code: 'ERR_ASSERTION'
  name: 'AssertionError'
  stack: |-
    TestContext.<anonymous> (file:///Users/zubair/Code/Projects/pdf%20project/worktrees/pdf-iy2/tests/geometry/followup-iy2.test.mjs:51:14)
    Test.runInAsyncScope (node:async_hooks:214:14)
    Test.run (node:internal/test_runner/test:1047:25)
    Test.processPendingSubtests (node:internal/test_runner/test:744:18)
    Test.postRun (node:internal/test_runner/test:1173:19)
    Test.run (node:internal/test_runner/test:1101:12)
    async Test.processPendingSubtests (node:internal/test_runner/test:744:7)
  ...
# Subtest: usable extents and omitted default keep valid inverse contracts
ok 13 - usable extents and omitted default keep valid inverse contracts
  ---
  duration_ms: 0.164166
  type: 'test'
  ...
# Subtest: mapPoint applies noncommuting matrices right to left without mutating input
ok 14 - mapPoint applies noncommuting matrices right to left without mutating input
  ---
  duration_ms: 0.073709
  type: 'test'
  ...
# Subtest: pointInPolygon uses polygon shape, winding, and explicit edge tolerance
ok 15 - pointInPolygon uses polygon shape, winding, and explicit edge tolerance
  ---
  duration_ms: 0.149084
  type: 'test'
  ...
1..15
# tests 15
# suites 0
# pass 4
# fail 11
# cancelled 0
# skipped 0
# todo 0
# duration_ms 119.925166
