# T30 executed command transcript
date: 2026-09-13T12:38Z
host: macOS arm64 (Darwin 25.5.0)  python: CPython 3.13.15 via frozen uv native/.venv  (system python3: 3.14.7; `python` not on PATH)
worktree: /Users/zubair/Code/Projects/pdf project/worktrees/cursor-native-completion
branch: work/cursor/native-completion
base: c696948a74bde02d19749ed4fc929179a2c94c16
HEAD under test: 2e36f9bfd3b8056ea08902b453a961014119020e

$ python3 scripts/task_acceptance.py task T30 --report artifacts/tasks/T30/run.json
evaluated_commit: 2e36f9bfd3b8056ea08902b453a961014119020e
evaluated_at: 2026-09-13T12:38:58.996610+00:00
failures: []
evidence_errors: []
tests: {"collected": 27, "passed": 27, "failed": 0, "skipped": 0}
exit: 0

$ uv run --project native python -m pytest native/tests/cli -q
...........................                                              [100%]
27 passed in 1.00s
exit: 0
counts: {"collected": 27, "passed": 27, "failed": 0, "skipped": 0}

# Notes
Contract command executed against real inspect/validate/report/replay/models CLI paths. KeyboardInterrupt is patched only for the 130 case; alias/symlink/hardlink refusals use real filesystem links.
