############################################################
# T11 commands.log — run lifecycle, backpressure and cancellation
# Worktree: pdf-t11  Branch: work/devin/t11  Base: 219a469
# Implementation commit: 2e35681 (see git log)
# All commands run from the worktree root unless noted.
# Times are session order; exit codes and counts are real.
############################################################

============================================================
$ node --test tests/runtime/*.test.mjs          # in-progress runs
tests 45 / pass 42 / fail 3                     [exit 1]
# Three failures, all diagnosed as harness mistakes in the new test
# file and fixed in-scope (implementation behavior was correct):
#  - 'illegal transitions' expected code STATE for a call that is an
#    illegal lifecycle transition; the coordinator correctly raises
#    TRANSITION. Expectation corrected to TRANSITION.
#  - raster-slot test read `progress` on a check record that was still
#    queued (undefined); corrected to the running check's record.
#  - dependency-order test called checkTerminal on the wrong fake
#    worker binding; call sites fixed to use the per-job sender
#    factory returned by workerSender().

============================================================
$ node --test tests/runtime/*.test.mjs          # acceptance state
ℹ tests 45  pass 45  fail 0  skipped 0          [exit 0]
# 45 test() sites in tests/runtime/runtime.test.mjs over the real
# coordinator admission path (tests/runtime/fakes.mjs builds genuine
# contract WorkerMessages via MessageFactory — no mocks of the unit
# under test). Duration ~140-170 ms wall clock.

============================================================
$ python3 scripts/task_acceptance.py task T11 \
    --report artifacts/tasks/T11/run.json
{"task":"T11","evaluated_commit":"2e35681b5197e259e02649cb0a05647aa2df67ee",
 "commands_run":1,"failures":[],"evidence_errors":[],
 "tests":{"collected":45,"passed":45,"failed":0,"skipped":0}}   [exit 0]
# Post-commit run on the committed tree: identical 45/45/0/0.
# run.json captured at artifacts/tasks/T11/run.json.

============================================================
$ ./node_modules/.bin/tsc -b tsconfig.json --force
                                                       [exit 0]
# Whole project-reference graph compiles clean, including the new
# packages/runtime (contracts -> runtime and all sibling scaffolds).
# packages/runtime/tsconfig.json adds emitDeclarationOnly +
# allowImportingTsExtensions (repo convention of .ts source specifiers)
# and lib WebWorker; a sibling package scaffold uses the same pattern.

$ ./node_modules/.bin/tsc --noEmit -p apps/web/tsconfig.json
28 errors, ALL in App.tsx/main.tsx: missing @types/react           [exit 1]
# PRE-EXISTING on base 219a469: verified identical with every T11
# change stashed (28 errors, none under src/state/). @types/react is
# absent from the frozen bun.lock; apps/web is scaffold-only.
# apps/web/src/state/ deliberately uses structural typing and imports
# nothing, so it contributes zero diagnostics and needs no runtime
# .ts specifier (apps/web lacks allowImportingTsExtensions).

============================================================
$ bun run verify
Ran 30 tests + self-check (16 registered commands)  ... OK  [exit 0]
# Full bootstrap + native-bootstrap + coordination + self-check pass.
# No pre-existing failure on this base (unlike T04's documented
# test:browser cross-suite effect, which is fixed on this base).

============================================================
$ ./node_modules/.bin/oxlint packages/runtime/src \
    apps/web/src/state tests/runtime
Error: Cannot find module '@oxlint/binding-wasm32-wasi'   [exit 1]
$ ./node_modules/.bin/oxfmt --version
(same missing platform binding)                          [exit 1]
# ENVIRONMENT LIMITATION, identical to the T04-documented one: bun
# 1.4.0's isolated linker did not materialize the optional native
# binding packages for oxlint@1.82.0 / oxfmt@0.67.0. Neither tool is
# part of the registered acceptance (verify = self-check + bootstrap +
# native-bootstrap + coordination). No lockfile change was made to
# work around this.

============================================================
$ git status --porcelain -- planning/
                                                       [exit 0]
# EMPTY — planning/ byte-identical.
$ git status --porcelain -- bun.lock native/uv.lock
                                                       [exit 0]
# EMPTY — both lockfiles unmodified.
$ git status --porcelain                                # pre-commit
 M packages/runtime/tsconfig.json
?? apps/web/src/state/
?? packages/runtime/src/
?? packages/runtime/README.md
?? tests/runtime/
# Every changed path inside T11 scope (packages/runtime/ +
# apps/web/src/state/ + tests/runtime/). dist/ and tsbuildinfo are
# gitignored.

############################################################
# Tally
#   node --test tests/runtime/*.test.mjs : 45/45 pass, exit 0
#   task_acceptance.py task T11 --report : 45/45, exit 0 (run.json)
#   tsc -b tsconfig.json (whole graph)   : clean, exit 0
#   tsc -p apps/web --noEmit             : 28 pre-existing base
#     errors (missing @types/react; identical without T11; zero in
#     src/state/)
#   bun run verify                       : 30 unittest + self-check,
#     exit 0
#   oxlint/oxfmt                         : environment-blocked
#     (missing optional platform binding; not in acceptance)
#   tests executed under system Node v26.7.0; repo pins 22.23.2
#     (not installed in this environment)
############################################################
