FFEEEEEEEEEE
======================================================================
ERROR: test_closed_or_absent_dependencies_allow_run (test_gate_blockers.GateBlockerTests.test_closed_or_absent_dependencies_allow_run) (records=[])
----------------------------------------------------------------------
Traceback (most recent call last):
  File "/Users/zubair/Code/Projects/pdf project/worktrees/followup-delivery/tests/bootstrap/test_gate_blockers.py", line 29, in test_closed_or_absent_dependencies_allow_run
    gate.require_unblocked_owner(self.definition)
    ^^^^^^^^^^^^^^^^^^^^^^^^^^^^
AttributeError: module 'gate' has no attribute 'require_unblocked_owner'

======================================================================
ERROR: test_closed_or_absent_dependencies_allow_run (test_gate_blockers.GateBlockerTests.test_closed_or_absent_dependencies_allow_run) (records=[{'id': 'pdf-composition', 'status': 'closed', 'dependency_type': 'blocks'}])
----------------------------------------------------------------------
Traceback (most recent call last):
  File "/Users/zubair/Code/Projects/pdf project/worktrees/followup-delivery/tests/bootstrap/test_gate_blockers.py", line 29, in test_closed_or_absent_dependencies_allow_run
    gate.require_unblocked_owner(self.definition)
    ^^^^^^^^^^^^^^^^^^^^^^^^^^^^
AttributeError: module 'gate' has no attribute 'require_unblocked_owner'

======================================================================
ERROR: test_open_followup_blocks_gate_owner (test_gate_blockers.GateBlockerTests.test_open_followup_blocks_gate_owner)
----------------------------------------------------------------------
Traceback (most recent call last):
  File "/Users/zubair/Code/Projects/pdf project/worktrees/followup-delivery/tests/bootstrap/test_gate_blockers.py", line 23, in test_open_followup_blocks_gate_owner
    gate.require_unblocked_owner(self.definition)
    ^^^^^^^^^^^^^^^^^^^^^^^^^^^^
AttributeError: module 'gate' has no attribute 'require_unblocked_owner'

======================================================================
ERROR: test_unavailable_or_malformed_state_fails_closed (test_gate_blockers.GateBlockerTests.test_unavailable_or_malformed_state_fails_closed) (records=None)
----------------------------------------------------------------------
Traceback (most recent call last):
  File "/Users/zubair/Code/Projects/pdf project/worktrees/followup-delivery/tests/bootstrap/test_gate_blockers.py", line 36, in test_unavailable_or_malformed_state_fails_closed
    gate.require_unblocked_owner(self.definition)
    ^^^^^^^^^^^^^^^^^^^^^^^^^^^^
AttributeError: module 'gate' has no attribute 'require_unblocked_owner'

======================================================================
ERROR: test_unavailable_or_malformed_state_fails_closed (test_gate_blockers.GateBlockerTests.test_unavailable_or_malformed_state_fails_closed) (records={})
----------------------------------------------------------------------
Traceback (most recent call last):
  File "/Users/zubair/Code/Projects/pdf project/worktrees/followup-delivery/tests/bootstrap/test_gate_blockers.py", line 36, in test_unavailable_or_malformed_state_fails_closed
    gate.require_unblocked_owner(self.definition)
    ^^^^^^^^^^^^^^^^^^^^^^^^^^^^
AttributeError: module 'gate' has no attribute 'require_unblocked_owner'

======================================================================
ERROR: test_unavailable_or_malformed_state_fails_closed (test_gate_blockers.GateBlockerTests.test_unavailable_or_malformed_state_fails_closed) (records=[None])
----------------------------------------------------------------------
Traceback (most recent call last):
  File "/Users/zubair/Code/Projects/pdf project/worktrees/followup-delivery/tests/bootstrap/test_gate_blockers.py", line 36, in test_unavailable_or_malformed_state_fails_closed
    gate.require_unblocked_owner(self.definition)
    ^^^^^^^^^^^^^^^^^^^^^^^^^^^^
AttributeError: module 'gate' has no attribute 'require_unblocked_owner'

======================================================================
ERROR: test_unavailable_or_malformed_state_fails_closed (test_gate_blockers.GateBlockerTests.test_unavailable_or_malformed_state_fails_closed) (records=[{}])
----------------------------------------------------------------------
Traceback (most recent call last):
  File "/Users/zubair/Code/Projects/pdf project/worktrees/followup-delivery/tests/bootstrap/test_gate_blockers.py", line 36, in test_unavailable_or_malformed_state_fails_closed
    gate.require_unblocked_owner(self.definition)
    ^^^^^^^^^^^^^^^^^^^^^^^^^^^^
AttributeError: module 'gate' has no attribute 'require_unblocked_owner'

======================================================================
ERROR: test_unavailable_or_malformed_state_fails_closed (test_gate_blockers.GateBlockerTests.test_unavailable_or_malformed_state_fails_closed) (records=[{'id': 'pdf-x'}])
----------------------------------------------------------------------
Traceback (most recent call last):
  File "/Users/zubair/Code/Projects/pdf project/worktrees/followup-delivery/tests/bootstrap/test_gate_blockers.py", line 36, in test_unavailable_or_malformed_state_fails_closed
    gate.require_unblocked_owner(self.definition)
    ^^^^^^^^^^^^^^^^^^^^^^^^^^^^
AttributeError: module 'gate' has no attribute 'require_unblocked_owner'

======================================================================
ERROR: test_unavailable_or_malformed_state_fails_closed (test_gate_blockers.GateBlockerTests.test_unavailable_or_malformed_state_fails_closed) (records=[{'id': 'pdf-x', 'status': 'closed', 'dependency_type': 'related'}])
----------------------------------------------------------------------
Traceback (most recent call last):
  File "/Users/zubair/Code/Projects/pdf project/worktrees/followup-delivery/tests/bootstrap/test_gate_blockers.py", line 36, in test_unavailable_or_malformed_state_fails_closed
    gate.require_unblocked_owner(self.definition)
    ^^^^^^^^^^^^^^^^^^^^^^^^^^^^
AttributeError: module 'gate' has no attribute 'require_unblocked_owner'

======================================================================
ERROR: test_unavailable_or_malformed_state_fails_closed (test_gate_blockers.GateBlockerTests.test_unavailable_or_malformed_state_fails_closed)
----------------------------------------------------------------------
Traceback (most recent call last):
  File "/Users/zubair/Code/Projects/pdf project/worktrees/followup-delivery/tests/bootstrap/test_gate_blockers.py", line 39, in test_unavailable_or_malformed_state_fails_closed
    gate.require_unblocked_owner(self.definition)
    ^^^^^^^^^^^^^^^^^^^^^^^^^^^^
AttributeError: module 'gate' has no attribute 'require_unblocked_owner'

======================================================================
FAIL: test_blockers_prevent_scenarios_and_late_success_receipt (test_gate_blockers.GateBlockerTests.test_blockers_prevent_scenarios_and_late_success_receipt) (states=[[{'id': 'pdf-composition', 'status': 'open', 'dependency_type': 'blocks'}]])
----------------------------------------------------------------------
Traceback (most recent call last):
  File "/Users/zubair/Code/Projects/pdf project/worktrees/followup-delivery/tests/bootstrap/test_gate_blockers.py", line 57, in test_blockers_prevent_scenarios_and_late_success_receipt
    self.assertNotEqual(gate.main(), 0)
    ~~~~~~~~~~~~~~~~~~~^^^^^^^^^^^^^^^^
AssertionError: 0 == 0

======================================================================
FAIL: test_blockers_prevent_scenarios_and_late_success_receipt (test_gate_blockers.GateBlockerTests.test_blockers_prevent_scenarios_and_late_success_receipt) (states=[[], [{'id': 'pdf-composition', 'status': 'open', 'dependency_type': 'blocks'}]])
----------------------------------------------------------------------
Traceback (most recent call last):
  File "/Users/zubair/Code/Projects/pdf project/worktrees/followup-delivery/tests/bootstrap/test_gate_blockers.py", line 57, in test_blockers_prevent_scenarios_and_late_success_receipt
    self.assertNotEqual(gate.main(), 0)
    ~~~~~~~~~~~~~~~~~~~^^^^^^^^^^^^^^^^
AssertionError: 0 == 0

----------------------------------------------------------------------
Ran 4 tests in 0.004s

FAILED (failures=2, errors=10)
