....................FFFFF..F......
======================================================================
FAIL: test_publish_fails_closed_when_beads_comparison_is_unavailable (test_homebase_relay.RelayTests.test_publish_fails_closed_when_beads_comparison_is_unavailable) (value=None)
----------------------------------------------------------------------
Traceback (most recent call last):
  File "/Users/zubair/Code/Projects/pdf project/worktrees/followup-delivery/tests/coordination/test_homebase_relay.py", line 285, in test_publish_fails_closed_when_beads_comparison_is_unavailable
    with self.assertRaisesRegex(ValueError, "Beads"):
         ~~~~~~~~~~~~~~~~~~~~~~^^^^^^^^^^^^^^^^^^^^^
AssertionError: ValueError not raised

======================================================================
FAIL: test_publish_fails_closed_when_beads_comparison_is_unavailable (test_homebase_relay.RelayTests.test_publish_fails_closed_when_beads_comparison_is_unavailable) (value={})
----------------------------------------------------------------------
Traceback (most recent call last):
  File "/Users/zubair/Code/Projects/pdf project/worktrees/followup-delivery/tests/coordination/test_homebase_relay.py", line 285, in test_publish_fails_closed_when_beads_comparison_is_unavailable
    with self.assertRaisesRegex(ValueError, "Beads"):
         ~~~~~~~~~~~~~~~~~~~~~~^^^^^^^^^^^^^^^^^^^^^
AssertionError: ValueError not raised

======================================================================
FAIL: test_publish_fails_closed_when_beads_comparison_is_unavailable (test_homebase_relay.RelayTests.test_publish_fails_closed_when_beads_comparison_is_unavailable) (value=False)
----------------------------------------------------------------------
Traceback (most recent call last):
  File "/Users/zubair/Code/Projects/pdf project/worktrees/followup-delivery/tests/coordination/test_homebase_relay.py", line 285, in test_publish_fails_closed_when_beads_comparison_is_unavailable
    with self.assertRaisesRegex(ValueError, "Beads"):
         ~~~~~~~~~~~~~~~~~~~~~~^^^^^^^^^^^^^^^^^^^^^
AssertionError: ValueError not raised

======================================================================
FAIL: test_publish_fails_closed_when_beads_comparison_is_unavailable (test_homebase_relay.RelayTests.test_publish_fails_closed_when_beads_comparison_is_unavailable) (value='')
----------------------------------------------------------------------
Traceback (most recent call last):
  File "/Users/zubair/Code/Projects/pdf project/worktrees/followup-delivery/tests/coordination/test_homebase_relay.py", line 285, in test_publish_fails_closed_when_beads_comparison_is_unavailable
    with self.assertRaisesRegex(ValueError, "Beads"):
         ~~~~~~~~~~~~~~~~~~~~~~^^^^^^^^^^^^^^^^^^^^^
AssertionError: ValueError not raised

======================================================================
FAIL: test_publish_fails_closed_when_beads_comparison_is_unavailable (test_homebase_relay.RelayTests.test_publish_fails_closed_when_beads_comparison_is_unavailable)
----------------------------------------------------------------------
Traceback (most recent call last):
  File "/Users/zubair/Code/Projects/pdf project/worktrees/followup-delivery/tests/coordination/test_homebase_relay.py", line 289, in test_publish_fails_closed_when_beads_comparison_is_unavailable
    with self.assertRaisesRegex(ValueError, "Beads"):
         ~~~~~~~~~~~~~~~~~~~~~~^^^^^^^^^^^^^^^^^^^^^
AssertionError: ValueError not raised

======================================================================
FAIL: test_publish_rejects_locally_committed_unpublished_grant (test_homebase_relay.RelayTests.test_publish_rejects_locally_committed_unpublished_grant)
----------------------------------------------------------------------
Traceback (most recent call last):
  File "/Users/zubair/Code/Projects/pdf project/worktrees/followup-delivery/tests/coordination/test_homebase_relay.py", line 276, in test_publish_rejects_locally_committed_unpublished_grant
    with self.assertRaisesRegex(ValueError, "bd dolt push"):
         ~~~~~~~~~~~~~~~~~~~~~~^^^^^^^^^^^^^^^^^^^^^^^^^^^^
AssertionError: ValueError not raised

----------------------------------------------------------------------
Ran 30 tests in 21.792s

FAILED (failures=6)
