T16 — Implement portable JSON and escaped HTML export foundation
Worker: devin-t16 · Branch: work/devin/t16 · Base: f83a2d4
Implementation commits: ff91745 (source) + 35f524b (tests, evaluated HEAD)
All commands run in /Users/zubair/Code/Projects/pdf project/worktrees/pdf-t16
Dates: 2026-09-12 (UTC)

======================================================================
$ node --test tests/reports/export.test.mjs          [registered acceptance command]
----------------------------------------------------------------------
✔ preview is measured on the projected object and equals decoded contents
✔ raw text, geometry and coverage denominators survive the export
✔ selection projection prunes retained ids and keeps produced counts honest
✔ source PDF stays out by default and enters only on explicit verified opt-in
✔ script-like report strings are inert in JSON and escaped in HTML
✔ exported HTML of every delivered example passes the script-free guard
✔ missing or unverifiable asset bytes mark the export evidence-only
✔ identical inputs give byte-identical JSON and HTML; timing fields are the only permitted delta
✔ canonical serialization is byte-stable under member reordering
✔ crops are default-on but a reading's source crop is never orphaned
✔ screenshot-only diagnostic profile carries no readings
✔ filename and notes stay off by default and honor opt-in
✔ embedded crops are sanitized re-encodes, never the stored bytes
✔ export filenames derive from report identity, never user data
✔ selection refusing an unknown id fails closed
ℹ tests 15
ℹ suites 0
ℹ pass 15
ℹ fail 0
ℹ cancelled 0
ℹ skipped 0
ℹ todo 0
exit=0

======================================================================
$ python3 scripts/task_acceptance.py task T16 --report artifacts/tasks/T16/run.json
----------------------------------------------------------------------
evaluated_commit=35f524b13a093e106301c344933919a079321da3
commands_run=1  failures=[]  evidence_errors=[]
tests: collected=15 passed=15 failed=0 skipped=0
record[0]: "node --test tests/reports/export.test.mjs" exit=0
run record written to artifacts/tasks/T16/run.json
exit=0

======================================================================
$ bun x --no-install oxlint packages/reports/export apps/web/src/features/export tests/reports
----------------------------------------------------------------------
Found 0 warnings and 0 errors.
Finished in 18ms on 10 files with 96 rules using 14 threads.
exit=0

======================================================================
$ bun x --no-install oxfmt --check packages/reports/export apps/web/src/features/export tests/reports
----------------------------------------------------------------------
All matched files use the correct format.
Finished in 100ms on 12 files using 14 threads.
exit=0

======================================================================
$ bun x --no-install tsc -b packages/reports
----------------------------------------------------------------------
(no output — composite build incl. export/**/*.ts succeeded; dist/ is gitignored)
exit=0

======================================================================
$ bun x --no-install tsc -p apps/web/tsconfig.json --noEmit
----------------------------------------------------------------------
467 errors — ALL are the pre-existing missing-React-typings baseline:
  TS7016 Could not find a declaration file for module 'react' / 'react/jsx-runtime'
  TS7026 JSX element implicitly has type 'any' (no JSX.IntrinsicElements)
Identical diagnostics exist in pre-existing files (App.tsx, AppHeader.tsx, …).
Of the 467, 69 name apps/web/src/features/export/*; every one is the same
react/JSX baseline (67× TS7026, 2× TS7016). Zero non-baseline diagnostics
in the feature. @types/react is not installed and lockfiles are frozen —
adding it is outside this task's scope. exit=1 (baseline, not a regression)

======================================================================
$ python3 scripts/task_acceptance.py run verify        (bun run verify)
----------------------------------------------------------------------
Ran 49 tests OK (bootstrap/harness/receipts/result-reports)
Ran 2 tests OK (native boundary)
Ran 65 tests OK (coordination + homebase + native-pass)
self-check: 16 commands in config/acceptance-commands.json
exit=0 — no regressions
