Command: bun run verify
self-check: 16 commands in config/acceptance-commands.json
$ python3 scripts/task_acceptance.py run verify
test_all_skipped_gate_scenarios_fail (test_acceptance_integrity.AcceptanceIntegrityTests.test_all_skipped_gate_scenarios_fail) ... s
----------------------------------------------------------------------
Ran 1 test in 0.000s

OK (skipped=1)
test evidence invalid: required tests failed=0 skipped=1
ok
test_all_skipped_registered_tests_fail (test_acceptance_integrity.AcceptanceIntegrityTests.test_all_skipped_registered_tests_fail) ... ok
test_blob_existence_alone_does_not_accept_a_prerequisite (test_acceptance_integrity.AcceptanceIntegrityTests.test_blob_existence_alone_does_not_accept_a_prerequisite) ... ok
test_empty_task_commands_cannot_pass (test_acceptance_integrity.AcceptanceIntegrityTests.test_empty_task_commands_cannot_pass) ... ok
test_every_command_has_a_bun_script_through_the_harness (test_bootstrap.DocumentedCommandTests.test_every_command_has_a_bun_script_through_the_harness) ... ok
test_list_reports_the_surface (test_bootstrap.DocumentedCommandTests.test_list_reports_the_surface) ... ok
test_registry_defines_the_documented_surface (test_bootstrap.DocumentedCommandTests.test_registry_defines_the_documented_surface) ... ok
test_self_check_passes_on_a_clean_checkout (test_bootstrap.DocumentedCommandTests.test_self_check_passes_on_a_clean_checkout) ... ok
test_declared_suite_with_missing_runner_fails (test_bootstrap.EmptyRegistrationFailsTests.test_declared_suite_with_missing_runner_fails) ... ok
test_declared_suite_with_no_implementation_fails (test_bootstrap.EmptyRegistrationFailsTests.test_declared_suite_with_no_implementation_fails) ... ok
test_empty_registry_fails (test_bootstrap.EmptyRegistrationFailsTests.test_empty_registry_fails) ... ok
test_gate_lists_registered_gates (test_bootstrap.EmptyRegistrationFailsTests.test_gate_lists_registered_gates) ... ok
test_gate_refuses_unaccepted_prerequisites (test_bootstrap.EmptyRegistrationFailsTests.test_gate_refuses_unaccepted_prerequisites) ... ok
test_missing_registry_file_fails (test_bootstrap.EmptyRegistrationFailsTests.test_missing_registry_file_fails) ... ok
test_nonempty_unittest_suite_passes (test_bootstrap.EmptyRegistrationFailsTests.test_nonempty_unittest_suite_passes) ... ok
test_unknown_command_fails (test_bootstrap.EmptyRegistrationFailsTests.test_unknown_command_fails) ... ok
test_zero_collected_unittest_suite_fails (test_bootstrap.EmptyRegistrationFailsTests.test_zero_collected_unittest_suite_fails) ... ok
test_no_achievement_claim_in_worker_evidence (test_bootstrap.OriginAndHonestyTests.test_no_achievement_claim_in_worker_evidence) ... ok
test_no_json_task_state_file_exists (test_bootstrap.OriginAndHonestyTests.test_no_json_task_state_file_exists) ... ok
test_no_network_action_in_commands_or_ci (test_bootstrap.OriginAndHonestyTests.test_no_network_action_in_commands_or_ci) ... ok
test_origin_doc_records_source_commit (test_bootstrap.OriginAndHonestyTests.test_origin_doc_records_source_commit) ... ok
test_origin_license_is_byte_exact (test_bootstrap.OriginAndHonestyTests.test_origin_license_is_byte_exact) ... ok
test_planning_snapshot_is_byte_identical (test_bootstrap.OriginAndHonestyTests.test_planning_snapshot_is_byte_identical) ... ok
test_bunfig_uses_isolated_linker (test_bootstrap.WorkspaceBoundaryTests.test_bunfig_uses_isolated_linker) ... ok
test_package_boundaries_exist_and_match_root_references (test_bootstrap.WorkspaceBoundaryTests.test_package_boundaries_exist_and_match_root_references) ... ok
test_root_manifest_declares_workspaces_without_install_side_effects (test_bootstrap.WorkspaceBoundaryTests.test_root_manifest_declares_workspaces_without_install_side_effects) ... ok
test_styles_contract_uses_central_tokens (test_bootstrap.WorkspaceBoundaryTests.test_styles_contract_uses_central_tokens) ... ok
test_web_entry_is_local_strict_port_and_egress_free (test_bootstrap.WorkspaceBoundaryTests.test_web_entry_is_local_strict_port_and_egress_free) ... ok
test_a_matching_label_cannot_hide_a_different_executed_command (test_receipts.ReceiptTests.test_a_matching_label_cannot_hide_a_different_executed_command) ... ok
test_changed_evidence_invalidates_a_receipt (test_receipts.ReceiptTests.test_changed_evidence_invalidates_a_receipt) ... ok
test_code_changes_invalidate_an_old_green_receipt (test_receipts.ReceiptTests.test_code_changes_invalidate_an_old_green_receipt) ... ok
test_committed_review_and_real_results_pass (test_receipts.ReceiptTests.test_committed_review_and_real_results_pass) ... ok
test_each_required_suite_needs_its_own_counts (test_receipts.ReceiptTests.test_each_required_suite_needs_its_own_counts) ... ok
test_empty_or_malformed_receipt_cannot_pass (test_receipts.ReceiptTests.test_empty_or_malformed_receipt_cannot_pass) ... ok
test_missing_manual_evidence_or_independent_review_cannot_pass (test_receipts.ReceiptTests.test_missing_manual_evidence_or_independent_review_cannot_pass) ... ok
test_uncommitted_source_cannot_be_recorded_as_a_commit_result (test_receipts.ReceiptTests.test_uncommitted_source_cannot_be_recorded_as_a_commit_result) ... ok
test_unrelated_receipt_commit_does_not_invalidate_acceptance (test_receipts.ReceiptTests.test_unrelated_receipt_commit_does_not_invalidate_acceptance) ... ok
test_unsuccessful_or_incomplete_commands_cannot_pass (test_receipts.ReceiptTests.test_unsuccessful_or_incomplete_commands_cannot_pass) ... ok
test_custom_runner_must_supply_real_counts (test_result_reports.ResultReportTests.test_custom_runner_must_supply_real_counts) ... ok
test_empty_gate_scenarios_fail (test_result_reports.ResultReportTests.test_empty_gate_scenarios_fail) ... ok
test_expected_failure_is_not_required_test_success (test_result_reports.ResultReportTests.test_expected_failure_is_not_required_test_success) ... ok
test_junit_counts_cases_instead_of_trusting_the_summary (test_result_reports.ResultReportTests.test_junit_counts_cases_instead_of_trusting_the_summary) ... ok
test_node_unmatched_pattern_cannot_fall_back_to_all_tests (test_result_reports.ResultReportTests.test_node_unmatched_pattern_cannot_fall_back_to_all_tests) ... ok
test_pre_release_checks_accepted_prior_gate_owners (test_result_reports.ResultReportTests.test_pre_release_checks_accepted_prior_gate_owners) ... ok

----------------------------------------------------------------------
Ran 44 tests in 3.248s

OK
test_inkflip_imports_without_third_party_dependencies (test_native_boundary.NativeBoundaryTests.test_inkflip_imports_without_third_party_dependencies) ... ok
test_pyproject_declares_project_and_planned_pins (test_native_boundary.NativeBoundaryTests.test_pyproject_declares_project_and_planned_pins) ... ok

----------------------------------------------------------------------
Ran 2 tests in 0.000s

OK
test_all_original_tasks_and_gates_are_retained (test_coordination.CoordinationTests.test_all_original_tasks_and_gates_are_retained) ... ok
test_beads_readiness_is_required_even_with_accepted_parents (test_coordination.CoordinationTests.test_beads_readiness_is_required_even_with_accepted_parents) ... ok
test_bun_overrides_preserve_frozen_task (test_coordination.CoordinationTests.test_bun_overrides_preserve_frozen_task) ... ok
test_clean_branch_ahead_of_main_is_not_a_fresh_assignment (test_coordination.CoordinationTests.test_clean_branch_ahead_of_main_is_not_a_fresh_assignment) ... ok
test_closed_without_acceptance_is_blocked (test_coordination.CoordinationTests.test_closed_without_acceptance_is_blocked) ... ok
test_commands_keep_test_intent_without_package_auto_install (test_coordination.CoordinationTests.test_commands_keep_test_intent_without_package_auto_install) ... ok
test_correct_clean_task_can_be_admitted (test_coordination.CoordinationTests.test_correct_clean_task_can_be_admitted) ... ok
test_each_ownership_failure_prevents_admission (test_coordination.CoordinationTests.test_each_ownership_failure_prevents_admission) ... ok
test_first_parallel_pass_has_disjoint_scopes (test_coordination.CoordinationTests.test_first_parallel_pass_has_disjoint_scopes) ... ok
test_generated_prompts_use_separate_worktrees_and_guarded_claims (test_coordination.CoordinationTests.test_generated_prompts_use_separate_worktrees_and_guarded_claims) ... ok
test_later_nested_writer_is_rejected (test_coordination.CoordinationTests.test_later_nested_writer_is_rejected) ... ok
test_missing_committed_receipt_is_blocked (test_coordination.CoordinationTests.test_missing_committed_receipt_is_blocked) ... ok
test_prompt_session_label_cannot_inject_shell_instructions (test_coordination.CoordinationTests.test_prompt_session_label_cannot_inject_shell_instructions) ... ok
test_receipt_must_be_a_file_not_a_tree (test_coordination.CoordinationTests.test_receipt_must_be_a_file_not_a_tree) ... ok
test_receipt_namespace_and_commit_are_checked (test_coordination.CoordinationTests.test_receipt_namespace_and_commit_are_checked) ... ok
test_rejection_cannot_complete_required_capability (test_coordination.CoordinationTests.test_rejection_cannot_complete_required_capability) ... ok
test_required_initial_test_and_token_paths_are_owned (test_coordination.CoordinationTests.test_required_initial_test_and_token_paths_are_owned) ... ok
test_review_and_product_claims_share_atomic_capacity_admission (test_coordination.CoordinationTests.test_review_and_product_claims_share_atomic_capacity_admission) ... ok
test_scope_check_handles_wildcards_and_unscoped_workers (test_coordination.CoordinationTests.test_scope_check_handles_wildcards_and_unscoped_workers) ... ok
test_unmerged_accepted_predecessor_is_blocked (test_coordination.CoordinationTests.test_unmerged_accepted_predecessor_is_blocked) ... ok

----------------------------------------------------------------------
Ran 20 tests in 0.018s

OK

Exit: 0

Command: python3 scripts/task_acceptance.py task T01 --report artifacts/tasks/T01/run.json
{
  "task": "T01",
  "beads_id": "pdf-t01",
  "evaluated_commit": "a92f9db1575542b3b919fde0ad8328a2dae1b81e",
  "evaluated_at": "2026-09-11T20:35:33.102007+00:00",
  "commands_run": 1,
  "failures": [],
  "evidence_errors": [],
  "tests": {
    "collected": 44,
    "passed": 44,
    "failed": 0,
    "skipped": 0
  },
  "records": [
    {
      "segment": "python -m unittest discover -s tests/bootstrap -v",
      "argv": [
        "python3",
        "-m",
        "unittest",
        "discover",
        "-s",
        "tests/bootstrap",
        "-v"
      ],
      "executed_argv": [
        "python3",
        "/Users/zubair/Code/Projects/pdf project/original/scripts/test_results.py",
        "--unittest",
        "discover",
        "-s",
        "tests/bootstrap",
        "-v"
      ],
      "cwd": ".",
      "exit": 0,
      "tests": {
        "collected": 44,
        "passed": 44,
        "failed": 0,
        "skipped": 0
      },
      "checkout": "/Users/zubair/Code/Projects/pdf project/original",
      "environment": {}
    }
  ]
}
test_all_skipped_gate_scenarios_fail (test_acceptance_integrity.AcceptanceIntegrityTests.test_all_skipped_gate_scenarios_fail) ... s
----------------------------------------------------------------------
Ran 1 test in 0.000s

OK (skipped=1)
test evidence invalid: required tests failed=0 skipped=1
ok
test_all_skipped_registered_tests_fail (test_acceptance_integrity.AcceptanceIntegrityTests.test_all_skipped_registered_tests_fail) ... ok
test_blob_existence_alone_does_not_accept_a_prerequisite (test_acceptance_integrity.AcceptanceIntegrityTests.test_blob_existence_alone_does_not_accept_a_prerequisite) ... ok
test_empty_task_commands_cannot_pass (test_acceptance_integrity.AcceptanceIntegrityTests.test_empty_task_commands_cannot_pass) ... ok
test_every_command_has_a_bun_script_through_the_harness (test_bootstrap.DocumentedCommandTests.test_every_command_has_a_bun_script_through_the_harness) ... ok
test_list_reports_the_surface (test_bootstrap.DocumentedCommandTests.test_list_reports_the_surface) ... ok
test_registry_defines_the_documented_surface (test_bootstrap.DocumentedCommandTests.test_registry_defines_the_documented_surface) ... ok
test_self_check_passes_on_a_clean_checkout (test_bootstrap.DocumentedCommandTests.test_self_check_passes_on_a_clean_checkout) ... ok
test_declared_suite_with_missing_runner_fails (test_bootstrap.EmptyRegistrationFailsTests.test_declared_suite_with_missing_runner_fails) ... ok
test_declared_suite_with_no_implementation_fails (test_bootstrap.EmptyRegistrationFailsTests.test_declared_suite_with_no_implementation_fails) ... ok
test_empty_registry_fails (test_bootstrap.EmptyRegistrationFailsTests.test_empty_registry_fails) ... ok
test_gate_lists_registered_gates (test_bootstrap.EmptyRegistrationFailsTests.test_gate_lists_registered_gates) ... ok
test_gate_refuses_unaccepted_prerequisites (test_bootstrap.EmptyRegistrationFailsTests.test_gate_refuses_unaccepted_prerequisites) ... ok
test_missing_registry_file_fails (test_bootstrap.EmptyRegistrationFailsTests.test_missing_registry_file_fails) ... ok
test_nonempty_unittest_suite_passes (test_bootstrap.EmptyRegistrationFailsTests.test_nonempty_unittest_suite_passes) ... ok
test_unknown_command_fails (test_bootstrap.EmptyRegistrationFailsTests.test_unknown_command_fails) ... ok
test_zero_collected_unittest_suite_fails (test_bootstrap.EmptyRegistrationFailsTests.test_zero_collected_unittest_suite_fails) ... ok
test_no_achievement_claim_in_worker_evidence (test_bootstrap.OriginAndHonestyTests.test_no_achievement_claim_in_worker_evidence) ... ok
test_no_json_task_state_file_exists (test_bootstrap.OriginAndHonestyTests.test_no_json_task_state_file_exists) ... ok
test_no_network_action_in_commands_or_ci (test_bootstrap.OriginAndHonestyTests.test_no_network_action_in_commands_or_ci) ... ok
test_origin_doc_records_source_commit (test_bootstrap.OriginAndHonestyTests.test_origin_doc_records_source_commit) ... ok
test_origin_license_is_byte_exact (test_bootstrap.OriginAndHonestyTests.test_origin_license_is_byte_exact) ... ok
test_planning_snapshot_is_byte_identical (test_bootstrap.OriginAndHonestyTests.test_planning_snapshot_is_byte_identical) ... ok
test_bunfig_uses_isolated_linker (test_bootstrap.WorkspaceBoundaryTests.test_bunfig_uses_isolated_linker) ... ok
test_package_boundaries_exist_and_match_root_references (test_bootstrap.WorkspaceBoundaryTests.test_package_boundaries_exist_and_match_root_references) ... ok
test_root_manifest_declares_workspaces_without_install_side_effects (test_bootstrap.WorkspaceBoundaryTests.test_root_manifest_declares_workspaces_without_install_side_effects) ... ok
test_styles_contract_uses_central_tokens (test_bootstrap.WorkspaceBoundaryTests.test_styles_contract_uses_central_tokens) ... ok
test_web_entry_is_local_strict_port_and_egress_free (test_bootstrap.WorkspaceBoundaryTests.test_web_entry_is_local_strict_port_and_egress_free) ... ok
test_a_matching_label_cannot_hide_a_different_executed_command (test_receipts.ReceiptTests.test_a_matching_label_cannot_hide_a_different_executed_command) ... ok
test_changed_evidence_invalidates_a_receipt (test_receipts.ReceiptTests.test_changed_evidence_invalidates_a_receipt) ... ok
test_code_changes_invalidate_an_old_green_receipt (test_receipts.ReceiptTests.test_code_changes_invalidate_an_old_green_receipt) ... ok
test_committed_review_and_real_results_pass (test_receipts.ReceiptTests.test_committed_review_and_real_results_pass) ... ok
test_each_required_suite_needs_its_own_counts (test_receipts.ReceiptTests.test_each_required_suite_needs_its_own_counts) ... ok
test_empty_or_malformed_receipt_cannot_pass (test_receipts.ReceiptTests.test_empty_or_malformed_receipt_cannot_pass) ... ok
test_missing_manual_evidence_or_independent_review_cannot_pass (test_receipts.ReceiptTests.test_missing_manual_evidence_or_independent_review_cannot_pass) ... ok
test_uncommitted_source_cannot_be_recorded_as_a_commit_result (test_receipts.ReceiptTests.test_uncommitted_source_cannot_be_recorded_as_a_commit_result) ... ok
test_unrelated_receipt_commit_does_not_invalidate_acceptance (test_receipts.ReceiptTests.test_unrelated_receipt_commit_does_not_invalidate_acceptance) ... ok
test_unsuccessful_or_incomplete_commands_cannot_pass (test_receipts.ReceiptTests.test_unsuccessful_or_incomplete_commands_cannot_pass) ... ok
test_custom_runner_must_supply_real_counts (test_result_reports.ResultReportTests.test_custom_runner_must_supply_real_counts) ... ok
test_empty_gate_scenarios_fail (test_result_reports.ResultReportTests.test_empty_gate_scenarios_fail) ... ok
test_expected_failure_is_not_required_test_success (test_result_reports.ResultReportTests.test_expected_failure_is_not_required_test_success) ... ok
test_junit_counts_cases_instead_of_trusting_the_summary (test_result_reports.ResultReportTests.test_junit_counts_cases_instead_of_trusting_the_summary) ... ok
test_node_unmatched_pattern_cannot_fall_back_to_all_tests (test_result_reports.ResultReportTests.test_node_unmatched_pattern_cannot_fall_back_to_all_tests) ... ok
test_pre_release_checks_accepted_prior_gate_owners (test_result_reports.ResultReportTests.test_pre_release_checks_accepted_prior_gate_owners) ... ok

----------------------------------------------------------------------
Ran 44 tests in 3.008s

OK

Exit: 0
