GET /index.html
GET /assets/index-DGEUcq2B.js
GET /assets/global-CqVzJXWZ.css
GET /assets/OpenWorkspace-BR1IQLrW.css
GET /assets/index-DqWh_6tP.css
GET /assets/global-DfmOeXL7.js
GET /assets/OpenWorkspace-BU79svrc.js
GET /src/features/open/preview.html
GET /assets/open-JETCs3h-.js
GET /assets/App-C4AOSm7-.css
GET /assets/App.module-BjVINIo4.js
GET /assets/global-DfmOeXL7.js
GET /assets/global-CqVzJXWZ.css
GET /assets/OpenWorkspace-BU79svrc.js
GET /assets/OpenWorkspace-BR1IQLrW.css
GET /assets/pdf.worker-DTrjDNvb.mjs
GET /assets/pdfjs/6.3.289/standard_fonts/LiberationSans-Regular.ttf
GET /assets/pdf.worker-DTrjDNvb.mjs
GET /assets/pdfjs/6.3.289/standard_fonts/LiberationSans-Regular.ttf
GET /assets/pdf.worker-DTrjDNvb.mjs
GET /assets/pdfjs/6.3.289/standard_fonts/LiberationSans-Regular.ttf
GET /assets/pdf.worker-DTrjDNvb.mjs
GET /assets/pdfjs/6.3.289/standard_fonts/LiberationSans-Regular.ttf
GET /privacy.html
GET /assets/privacy-DCMiPyHv.js
GET /assets/privacy-DSXHGIdZ.css
GET /assets/pdf.worker-DTrjDNvb.mjs
GET /assets/pdfjs/6.3.289/standard_fonts/LiberationSans-Regular.ttf
GET /models/tessdata-fast-eng/7d4322bd/eng.traineddata
GET /assets/tesseract/7.0.0/worker.min.js
GET /assets/tesseract-core/7.0.0/tesseract-core-relaxedsimd-lstm.wasm.js
GET /assets/pdf.worker-DTrjDNvb.mjs
GET /assets/pdfjs/6.3.289/standard_fonts/LiberationSans-Regular.ttf
GET /assets/pdf.worker-DTrjDNvb.mjs
GET /assets/pdfjs/6.3.289/standard_fonts/LiberationSans-Regular.ttf
GET /src/features/open/preview.html
GET /assets/open-JETCs3h-.js
GET /assets/global-DfmOeXL7.js
GET /assets/global-CqVzJXWZ.css
GET /assets/OpenWorkspace-BR1IQLrW.css
GET /assets/App-C4AOSm7-.css
GET /assets/OpenWorkspace-BU79svrc.js
GET /assets/App.module-BjVINIo4.js
GET /assets/pdf.worker-DTrjDNvb.mjs
GET /assets/pdfjs/6.3.289/standard_fonts/LiberationSans-Regular.ttf
GET /privacy.html
GET /assets/privacy-DCMiPyHv.js
GET /assets/privacy-DSXHGIdZ.css
GET /assets/pdf.worker-DTrjDNvb.mjs
GET /assets/pdfjs/6.3.289/standard_fonts/LiberationSans-Regular.ttf
GET /models/tessdata-fast-eng/7d4322bd/eng.traineddata
GET /assets/tesseract/7.0.0/worker.min.js
GET /assets/tesseract-core/7.0.0/tesseract-core-relaxedsimd-lstm.wasm.js
GET /src/features/import/preview.html
GET /assets/import_-DJ9mi2Rp.js
GET /assets/global-DfmOeXL7.js
GET /assets/global-CqVzJXWZ.css
GET /assets/App-C4AOSm7-.css
GET /assets/import_-BMq_ZVSZ.css
GET /assets/App.module-BjVINIo4.js
GET /index.html
GET /assets/index-DGEUcq2B.js
GET /assets/OpenWorkspace-BR1IQLrW.css
GET /assets/index-DqWh_6tP.css
GET /assets/OpenWorkspace-BU79svrc.js
GET /assets/global-CqVzJXWZ.css
GET /assets/global-DfmOeXL7.js
GET /privacy.html
GET /assets/privacy-DSXHGIdZ.css
GET /assets/privacy-DCMiPyHv.js
GET /assets/pdf.worker-DTrjDNvb.mjs
GET /assets/pdfjs/6.3.289/standard_fonts/LiberationSans-Regular.ttf
GET /assets/tesseract/7.0.0/worker.min.js
GET /assets/tesseract-core/7.0.0/tesseract-core-relaxedsimd-lstm.wasm.js
